BMAPBOLO||ÿ2‚‚ÿ2ttÿ2ÿ2‰‰ÿ2uuÿ2|ÿ2|ÿ2u‰ÿ2‰uÿ2‚ÿ2‚ÿ2‚|ÿ2|‚ÿ2tÿ2tÿ2vvÿZZZÿZZZ‹‹ÿZZZssÿZZZm’ÿZZZ’mÿZZZmlÿZZZlmÿZZZ’‘ÿZZZ‘’ÿZZZ‹sÿZZZs‹ÿZZZl‘ÿZZZ‘lÿZZZvÿZZZvÿZZZ””jjj””j
_rw΄_΄`rw΄`΄arw΄a΄brxΔb~”b‡ΔcryΤc~”c†Τdu{Δd~”d„Δev‰ττfwτδ	gw¤•”•¤	hx‡„¥”¥„	ix‡„¥”¥„	jv‰¤¥”¥¤klrΔ	kuΔ•”•Δk“ΔlkrΤ	lt‹δ…”…δl”Τ	mk”ττττ΄	nk”ττττ΄ok”Τυ•”υ•Τpk”δυ΄υδ	qk”τεΤετr_d΄rm’„΄ΕτΕ΄„r› ΄s_d΄sm’„…τττ„…„s› ΄t_d΄tl“”•τττ•”t› ΄u_eΔuk”¤¥ττΤ¥¤u Δv_fΤvj•΄¥”·τ·”¥΄v™ ΤwbhΔwj•΄¥”ΗΤΗ”¥΄w—Δxcτ”¥”Χ΄Χ”¥τ”yd›τ„¥”η”η”¥τ„zd›¤•¤¥”η”η”¥¤•¤{e„µ”•΄Η΄Η΄•”µ„|e„Ε„…Τ§Τ§Τ…„Ε„}e„Ε„τ‡τ‡τ„Ε„~bττττττ΄bττττττ΄€bττττττ΄e„Ε„τ‡τ‡τ„Ε„‚e„Ε„…Τ§Τ§Τ…„Ε„ƒe„µ”•΄Η΄Η΄•”µ„„d›¤•¤¥”η”η”¥¤•¤…d›τ„¥”η”η”¥τ„†cτ”¥”Χ΄Χ”¥τ”‡bhΔ‡j•΄¥”ΗΤΗ”¥΄‡—Δ_fΤj•΄¥”·τ·”¥΄™ Τ‰_eΔ‰k”¤¥ττΤ¥¤‰ Δ_d΄l“”•τττ•”› ΄‹_d΄‹m’„…τττ„…„‹› ΄_d΄m’„΄ΕτΕ΄„› ΄	k”τεΤετk”δυ΄υδk”Τυ•”υ•Τ	k”ττττ΄	‘k”ττττ΄’krΤ	’t‹δ…”…δ’”Τ“lrΔ	“uΔ•”•Δ““Δ	”v‰¤¥”¥¤	•x‡„¥”¥„	–x‡„¥”¥„	—w¤•”•¤wτδ™v‰ττu{Δ~”„Δ›ryΤ›~”›†ΤrxΔ~”‡Δrw΄΄rw΄΄rw΄΄ÿÿÿ