BMAPBOLO€ÿ2€~ÿ2~ÿ2ÿ2„„ÿ2{„ÿ2{{ÿ2„{ÿ2‡xÿ2xxÿ2x‡ÿ2‡‡ÿ2ˆÿ2€ˆÿ2wÿ2w€ÿ2˜ÿZZZg~ÿZZZ~gÿZZZ˜ÿZZZ˜~ÿZZZgÿZZZgÿZZZ~˜ÿZZZwÿZZZ€wÿZZZˆ€ÿZZZˆÿZZZv‰ÿZZZ‰vÿZZZvvÿZZZ‰‰ÿZZZ™€	ff€™™€ff€™"

צההההההההההההההההההההההההההההה₪"
צההההההההההההההההההההההההההההה₪"
צההההההההההההההההההההההההההההה₪"
צההההההההההההההההההההההההההההה₪"
צההההההההההההההההההההההההההההה₪"
צההההההההההההההההההההההההההההה₪"
צההההההההההההההההההההההההההההה₪"
צההההההההההההההההההההההההההההה₪"
צההההההההההההההההההההההההההההה₪"
צההההההההההההההההההההההההההההה₪"
צההההההההההההההההההההההההההההה₪"
צההההההההההההההההההההההההההההה₪"
צההההההההההההההההההההההההההההה₪"
צההההההההההההההההההההההההההההה₪"
צההההההההההההההההההההההההההההה₪"
צההההההההההההההההההההההההההההה₪"
צההההההההההההההההההההההההההההה₪"
צההההההההההההההההההההההההההההה₪"
צההההההההההההההההההההההההההההה₪"
צההההההההההההההההההההההההההההה₪"
צההההההההההההההההההההההההההההה₪"
צההההההההההההההההההההההההההההה₪" 
צההההההההההההההההההההההההההההה₪"!
צההההההההההההההההההההההההההההה₪""
צההההההההההההההההההההההההההההה₪"#
צההההההההההההההההההההההההההההה₪"$
צההההההההההההההההההההההההההההה₪"%
צההההההההההההההההההההההההההההה₪"&
צההההההההההההההההההההההההההההה₪"'
צההההההההההההההההההההההההההההה₪"(
צההההההההההההההההההההההההההההה₪")
צההההההההההההההההההההההההההההה₪"*
צההההההההההההההההההההההההההההה₪"+
צההההההההההההההההההההההההההההה₪",
צההההההההההההההההההההההההההההה₪"-
צההההההההההההההההההההההההההההה₪".
צההההההההההההההההההההההההההההה₪"/
צההההההההההההההההההההההההההההה₪"0
צההההההההההההההההההההההההההההה₪"1
צההההההההההההההההההההההההההההה₪"2
צההההההההההההההההההההההההההההה₪"3
צההההההההההההההההההההההההההההה₪"4
צההההההההההההההההההההההההההההה₪"5
צההההההההההההההההההההההההההההה₪"6
צההההההההההההההההההההההההההההה₪"7
צההההההההההההההההההההההההההההה₪"8
צההההההההההההההההההההההההההההה₪"9
צההההההההההההההההההההההההההההה₪":
צההההההההההההההההההההההההההההה₪";
צההההההההההההההההההההההההההההה₪"<
צההההההההההההההההההההההההההההה₪"=
צההההההההההההההההההההההההההההה₪">
צההההההההההההההההההההההההההההה₪"?
צההההההההההההההההההההההההההההה₪"@
צההההההההההההההההההההההההההההה₪"A
צההההההההההההההההההההההההההההה₪"B
צההההההההההההההההההההההההההההה₪"C
צההההההההההההההההההההההההההההה₪"D
צההההההההההההההההההההההההההההה₪"E
צההההההההההההההההההההההההההההה₪"F
צההההההההההההההההההההההההההההה₪"G
צההההההההההההההההההההההההההההה₪"H
צההההההההההההההההההההההההההההה₪"I
צההההההההההההההההההההההההההההה₪"J
צההההההההההההההההההההההההההההה₪"K
צההההההההההההההההההההההההההההה₪"L
צההההההההההההההההההההההההההההה₪"M
צההההההההההההההההההההההההההההה₪"N
צההההההההההההההההההההההההההההה₪"O
צההההההההההההההההההההההההההההה₪"P
צההההההההההההההההההההההההההההה₪"Q
צההההההההההההההההההההההההההההה₪"R
צההההההההההההההההההההההההההההה₪"S
צההההההההההההההההההההההההההההה₪"T
צההההההההההההההההההההההההההההה₪"U
צההההההההההההההההההההההההההההה₪"V
צההההההההההההההההההההההההההההה₪"W
צההההההההההההההההההההההההההההה₪"X
צההההההההההההההההההההההההההההה₪"Y
צההההההההההההההההההההההההההההה₪"Z
צההההההההההההההההההההההההההההה₪"[
צההההההההההההההההההההההההההההה₪"\
צההההההההההההההההההההההההההההה₪"]
צההההההההההההההההההההההההההההה₪"^
צההההההההההההההההההההההההההההה₪"_
צההההההההההההההההההההההההההההה₪$`
צההההההההההההה„בהבההההההההההההה@a
uההההההההההההה‘a{…¡„¡a‹צ‘הההההההההההההb
sההההההההההההװbv{´b~‚¡b…´bצההההההההההההװc
rההההההההההההִct}הccƒהcצההההההההההההִd
qההההההההההההִds~₪•₪d‚₪•₪dצNNNNNNNNNNNNK@e
qהההההההההההה´er”ױ”e”ױ”eצהההההההההההה´f
pהההההההההההה´	fr„ו@@	f„ו@@fצNNNNNNNNNNNNJ@g
pההההההההההה´±„gq”ו…₪ו…”gצ„±ההההההההההה´h
hההההההההההה´hko¡hq„ו•₪ו•@h‘•¡h˜צNNNNNNNNNNNJ@i
hההההההההההה´ip„ו¥₪ו¥@i˜צNNNNNNNNNNNJ@j
hההההההההההה´jjm”jp„וµ„וµ@j“–”j˜צNNNNNNNNNNNJ@k
iההההההההההה´kjm”kn’ִו•„ו•ִk“–”k—צההההההההההה´l
iהההההההההההִljl@ln’„…”וINQT„…@l”–@l—צNNNNNNNNNNNK@m
iהההההההההההִmo‘„…„וINQTQTm—צNNNNNNNNNNNK@n
iההההההההההה´nkm@no‘„וֵ„וֵ@n“•@n—צההההההההההה´o
hההההההההההה”‘ok•ִ…„…„…„…„…„…„…„…ִo˜צ‘ההההההההההה”p
fההההההההההה!pi—”JATQTQTQTQTQTQT$T₪ADpצ‘הההההההההההq
dההההההההההה qg™´¥„AEAEAEAEAEAEBEAE•´qצהההההההההההr
cההההההההההװre›₪…„µ”…„…„…„…„…„…”µ„…₪rצההההההההההװs
bההההההההההװ
sdt₪•”J@su‹´AEAEBEJ@
s´HIZ@sצNNNNNNNNNNL@t
bההההההההההִ
tcs”ֵ„I@ttִHAT$T„K@
t₪AEµ”tצההההההההההִu
aההההההההההִucv„וֵ”ux{”
u|„„BE@@u…ˆ”	u”וֵ@uצNNNNNNNNNNK@v
aההההההההההִ	vbu”וֵ@vv{´
v|„„BE@@v…´v‹„וֵ”vצNNNNNNNNNNK@w
aההההההההההִwbu„ו•ִwvy”
w{…”BEADw‡”	w‹ִו•@wצNNNNNNNNNNK@x
aההההההההההִxb„ו•הִֵהִו•@xצNNNNNNNNNNK@y
aההההההההההִybw„וױ₪yxˆ”ו…”	y‰₪וױ@yצNNNNNNNNNNK@z
aההההההההההִ	zbw”וו@zxˆ₪ו₪z‰„וו”zצNNNNNNNNNNK@{
aההההההההההִ{cu„ו…ִ{w‰„AEױ„@@	{‹ִו…@{צNNNNNNNNNNK@|
bההההההההההִ|c”וNAE•€…€¥ה„וAD|צההההההההההִ}
bההההההההההװ}d”וµ₪¥…¥₪וµ”}צNNNNNNNNNNL@~
cההההההההההװ~e›´…„וֵ \XH[@~צההההההההההװ
dהההההההההההg™הה[Q@€ֵההצההההההההההה€
dההההההההההה€g™הה[YEµהה€צההההההההההה
cההההההההההװe›´…„וֵ	\XH[@צההההההההההװ‚
bההההההההההװ‚d”וµ₪¥…¥₪וµ”‚צNNNNNNNNNNL@ƒ
bההההההההההִƒc”וNAE•€…€¥ה„וADƒצההההההההההִ„
aההההההההההִ„cu„ו…ִ„w‰„AEױ„@@	„‹ִו…@„צNNNNNNNNNNK@…
aההההההההההִ	…bw”וו@…xˆ₪ו₪…‰„וו”…צNNNNNNNNNNK@†
aההההההההההִ†bw„וױ₪†xˆ”ו…”	†‰₪וױ@†צNNNNNNNNNNK@‡
aההההההההההִ‡b„ו•הִֵהִו•@‡צNNNNNNNNNNK@ˆ
aההההההההההִˆbu„ו•ִˆvy”
ˆ{…”BEADˆ‡”	ˆ‹ִו•@ˆצNNNNNNNNNNK@‰
aההההההההההִ	‰bu”וֵ@‰v{´
‰|„„BE@@‰…´‰‹„וֵ”‰צNNNNNNNNNNK@
aההההההההההִcv„וֵ”x{”
|„„BE@@…ˆ”	”וֵ@צNNNNNNNNNNK@‹
bההההההההההִ
‹cs”ֵ„I@‹tִHAT$T„K@
‹₪AEµ”‹צההההההההההִ
bההההההההההװ
dt₪•”J@u‹´AEAEBEJ@
´HIZ@צNNNNNNNNNNL@
cההההההההההװe›₪…„µ”…„…„…„…„…„…”µ„…₪צההההההההההװ
dההההההההההה g™´¥„AEAEAEAEAEAEBEAE•´צההההההההההה
fההההההההההה!i—”JATQTQTQTQTQTQT$T₪ADצ‘ההההההההההה
hההההההההההה”‘k•ִ…„…„…„…„…„…„…„…ִ˜צ‘ההההההההההה”‘
iההההההההההה´‘km@‘o‘„וֵ„וֵ@‘“•@‘—צההההההההההה´’
iהההההההההההִ’o‘„…„וINQTQT’—צNNNNNNNNNNNK@“
iהההההההההההִ“jl@“n’„…”וINQT„…@“”–@“—צNNNNNNNNNNNK@”
iההההההההההה´”jm””n’ִו•„ו•ִ”“–””—צההההההההההה´•
hההההההההההה´•jm”•p„וµ„וµ@•“–”•˜צNNNNNNNNNNNJ@–
hההההההההההה´–p„ו¥₪ו¥@–˜צNNNNNNNNNNNJ@—
hההההההההההה´—ko¡—q„ו•₪ו•@—‘•¡—˜צNNNNNNNNNNNJ@˜
pההההההההההה´±„˜q”ו…₪ו…”˜צ„±ההההההההההה´™
pהההההההההההה´	™r„ו@@	™„ו@@™צNNNNNNNNNNNNJ@
qהההההההההההה´r”ױ””ױ”צהההההההההההה´›
qההההההההההההִ›s~₪•₪›‚₪•₪›צNNNNNNNNNNNNK@
rההההההההההההִt}הƒהצההההההההההההִ
sההההההההההההװv{´~‚¡…´צההההההההההההװ
uההההההההההההה‘{¡…¡‹צ‘ההההההההההההה
|ההההההההההההה„ב„צבההההההההההההה@" 
צההההההההההההההההההההההההההההה₪"¡
צההההההההההההההההההההההההההההה₪"¢
צההההההההההההההההההההההההההההה₪"£
צההההההההההההההההההההההההההההה₪"₪
צההההההההההההההההההההההההההההה₪"¥
צההההההההההההההההההההההההההההה₪"¦
צההההההההההההההההההההההההההההה₪"§
צההההההההההההההההההההההההההההה₪"¨
צההההההההההההההההההההההההההההה₪"©
צההההההההההההההההההההההההההההה₪"×
צההההההההההההההההההההההההההההה₪"«
צההההההההההההההההההההההההההההה₪"¬
צההההההההההההההההההההההההההההה₪"­
צההההההההההההההההההההההההההההה₪"®
צההההההההההההההההההההההההההההה₪"¯
צההההההההההההההההההההההההההההה₪"°
צההההההההההההההההההההההההההההה₪"±
צההההההההההההההההההההההההההההה₪"²
צההההההההההההההההההההההההההההה₪"³
צההההההההההההההההההההההההההההה₪"´
צההההההההההההההההההההההההההההה₪"µ
צההההההההההההההההההההההההההההה₪"¶
צההההההההההההההההההההההההההההה₪"·
צההההההההההההההההההההההההההההה₪"¸
צההההההההההההההההההההההההההההה₪"¹
צההההההההההההההההההההההההההההה₪"÷
צההההההההההההההההההההההההההההה₪"»
צההההההההההההההההההההההההההההה₪"¼
צההההההההההההההההההההההההההההה₪"½
צההההההההההההההההההההההההההההה₪"¾
צההההההההההההההההההההההההההההה₪"¿
צההההההההההההההההההההההההההההה₪"ְ
צההההההההההההההההההההההההההההה₪"ֱ
צההההההההההההההההההההההההההההה₪"ֲ
צההההההההההההההההההההההההההההה₪"ֳ
צההההההההההההההההההההההההההההה₪"ִ
צההההההההההההההההההההההההההההה₪"ֵ
צההההההההההההההההההההההההההההה₪"ֶ
צההההההההההההההההההההההההההההה₪"ַ
צההההההההההההההההההההההההההההה₪"ָ
צההההההההההההההההההההההההההההה₪"ֹ
צההההההההההההההההההההההההההההה₪"Ê
צההההההההההההההההההההההההההההה₪"ֻ
צההההההההההההההההההההההההההההה₪"ּ
צההההההההההההההההההההההההההההה₪"ֽ
צההההההההההההההההההההההההההההה₪"־
צההההההההההההההההההההההההההההה₪"ֿ
צההההההההההההההההההההההההההההה₪"׀
צההההההההההההההההההההההההההההה₪"ׁ
צההההההההההההההההההההההההההההה₪"ׂ
צההההההההההההההההההההההההההההה₪"׃
צההההההההההההההההההההההההההההה₪%װ
צההההההההההההההההההההההה₪LAההההִ%ױ
צההההההההההההההההההההההה₪LAההההִ%ײ
צההההההההההההההההההההההה₪LAההההִ%׳
צההההההההההההההההההההההה₪LAההההִ%״
צההההההההההההההההההההההה₪LAההההִ%Ù
צההההההההההההההההההההההה₪LAההההִ%Ú
צההההההההההההההההההההההה₪LAההההִ"Û
צההההההההההההההההההההההִאאְהההה%Ü
צההההההההההההההההההההההה₪\Qההההִ%Ý
צההההההההההההההההההההההה₪\Qההההִ%Þ
צההההההההההההההההההההההה₪\Qההההִ%ß
צההההההההההההההההההההההה₪\Qההההִ%א
צההההההההההההההההההההההה₪\Qההההִ"ב
צההההההההההההההההההההההװאאְהההװ%ג
צההההההההההההההההההההההה₪LAההההִ%ד
צההההההההההההההההההההההה₪LAההההִ%ה
צההההההההההההההההההההההה₪LAההההִ%ו
צההההההההההההההההההההההה₪LAההההִ%ז
צההההההההההההההההההההההה₪LAההההִ%ח
צההההההההההההההההההההההה₪LAההההִ%ט
צההההההההההההההההההההההה₪LAההההִ"י
צההההההההההההההההההההההההההההה₪"ך
צההההההההההההההההההההההההההההה₪"כ
צההההההההההההההההההההההההההההה₪"ל
צההההההההההההההההההההההההההההה₪"ם
צההההההההההההההההההההההההההההה₪"מ
צההההההההההההההההההההההההההההה₪"ן
צההההההההההההההההההההההההההההה₪"נ
צההההההההההההההההההההההההההההה₪"ס
צההההההההההההההההההההההההההההה₪"ע
צההההההההההההההההההההההההההההה₪"ף
צההההההההההההההההההההההההההההה₪"פ
צההההההההההההההההההההההההההההה₪"ץ
צההההההההההההההההההההההההההההה₪™™™