BMAPBOLOkÿ2w‘ÿ2‚‘ÿ2_lÿ2_zÿ2Vÿ2uVÿ2oÿ2zÿ2j{ÿ2•ÿ2xÿ2wÿ2†ÿ2‡ÿ2{VÿZZZtÿZZZuÿZZZ|‘ÿZZZ}‘ÿZZZ~‘ÿZZZ~™ÿZZZÿZZZÿZZZÿZZZÿZZZ[mÿZZZ[yÿZZZnÿZZZ{ÿZZZ¥tStƒח׳Tr…—ג²—
Up‡—גגqw
Vn‰—¢ה´¢—Wl‹—¢הה))pXj—¢הה´¢—Yh—¢ההה))pZf‘—¢ההה´¢—[d“—¢הההה))p\d•).NNNKJ)p]c–‡‚ההההה)!w^c–!$ההההה”‚p_b—‡‚ההההה´‚p`b—!$ההההה´‚paa˜‡‚הההההװ‚pba˜!$הההההװ‚pc`™‡‚הההההה!'d`™!$הההההה!'e_‡‚הההההה”‚pf_!$הההההה”‚pg^›‡‚הההההה´‚ph^›!$הההההה´‚pi]‡‚ההההה´i“´‚pj]!$ההההה´j“´‚pk\‡‚הההההִk‘k“ִ‚pl\!$הההההִl“ִ‚pm[‡‚הההה”m“װ‚n[‡‚ִ חאNNNMH!wo[‡‚´€חח—א€ההה‚p[‡‚”חחח·€ההװ‚q[‡‚ חחחח הה₪‚r[‡‚חחחח׳°ה´‚s[‡‚חחחחח—NKx pt[‡‚חחחחח—אַ‚u[‡‚חחחחחחח§‚v[‡‚חחחחחחח§‚w[‡‚חחחחחחח§‚x[‡‚חחחחחחח§‚y[h‡‚חymחחחחחַ‚z\h!'חzmחחחחחַ‚{\h‡‚ח{jk{mחחחחח·‚p|]h!'׳|mחחחחח·‚}]h‡‚׳}mחחחחח§‚p~^!'חחחחחח׳‚^‡‚חחחחחחַ‚p€_›!'חחחחחח·‚_›‡‚חחחחחח§‚p‚`!'חחחחחח—‚ƒ`‡‚חחחחחח‡‚p„a™!'חחחחחח!'…a™‡‚חחחחחח‚p†b˜!'חחחחח׳‚‡b˜‡‚חחחחחַ‚pˆc—!'חחחחח·‚‰c—‡‚חחחחח§‚pd–).~~~~z p‹d–—¢חחחח§¢—f”—¢חחחח¢—h’—¢חחח§¢—j—¢חחח¢—l—¢חח§¢—
n—¢חח¢—
‘p—¢ח§¢—’rˆ—גג—“t†—ג¢—”v„חַ	—s˜הההה´˜s™D™s™”¡„HA„‘s™AqAAAD@›s™”AAA1ABAIA„qAAAHAs™HAA!A¡„tA$s™HAA!A¡„tAs™s™ s™הההה₪@™™™