BMAPBOLONGÿ2QGÿ2NXÿ2QXÿ2.eÿ2=rÿ2Qwÿ2eqÿ2rbÿ2wNÿ2q:ÿ2b-ÿ2N(ÿ2:.ÿ2-=ÿ2(Qÿ2GNÿZZZGQÿZZZXNÿZZZXQÿZZZD9ÿZZZR6ÿZZZ:AÿZZZ6MÿZZZ9[ÿZZZAeÿZZZMiÿZZZ[fÿZZZe^ÿZZZiRÿZZZfDÿZZZ^:ÿZZZ==6II6W6b=
iH	iVbbViIi=b6VÁ!&±()+, "%'()+, !&'()+, !&'()+, !&'()+, !&'()+, !&'()+, !&'()+, !&'()+,/4±56 !&'()+,/0345;Á !&'()+,.03456:; !&'()+,./3456:;    " &' (* +- .4Á 57 :;!!! "!&'!(*!+-!./!57!:;""" 'Ñ"(*"+-"./"24"57":;### "#&'#(*#+-#./#34#57#:;$Ñ$ "$%'$(*$+-$.4Á$57$9;'MSÁ(MS1qQQ)LT‘—	*KU•—
+JV•—,<?‘
,IW•¡—,ad‘-9C¡-IOYP-QW—-]g±.9E}y.IOXQ.RWxp	.[g‘µQQ	/9F…×/INXP/RWxp
/ZgÅqq
09G…‘·0INXP0RWxp
0Ygµ‘‡19>XP1?G·1INXP1RWxp1YaYY1bgxp29>XP2@G§2IOXQ2PW‘—2X_•2bg‡39>XP3AH—
3IWYYp3X^YP3bg‡49>XP4BHyp	4IW¥Ç4X^XQ4bgxp59?XQ5BHyp	5JV…Ç5X^YP5ag—69?YP6AH§
6JV{qQ6X_YQ6`g§79g•¡§±Ç¥±¥‘§8:f\YyX|X{p9-8á‘9:fµ§µÇÅçÇ9hsá‘
:-:!Q{y:;e•§Å·µç·	:fs‘Å
;-;!Wç;<d¡§Å·¥×¥¡	;eså…
<,<§Ç<>bz|[x]{Q
<dtå•
=,<1up=>b{q•Ç¥Ç[P
=dtZ\qQ>,1…>5k§¡Ç•Ç¥Ç[ZY>otqq?-2QQ?6i—•ÇX]x\qÅ—XP?ns‡@-2XP@7ix{]z]qW·Å×…@ms—A-3XQA6j—Åç…çÇ¥ç‡Als§B-s•±x|^~~y^{zqC.rZQ…—Õçç×…ççÇD.rå§Õç‡Áçç•ç‡E/qÕ·µÇ¡¤¡ç—µ×F0p‘¥|q•§‘¤€¤‘çÅxzG2mÁç×Ä€ÄÇåH7iç·Ô€Ô·åI,5áI7iç·MHA—åIktáJ+u×¡•ç‡ä€ä—…ç¡ÕK*vç¥ç'ä€ä$ç·åL)wç—å{qä€ä$ç·å¥M'y‘—Á§å…—ääçÇ•±¥‘	N'.!W‡N2ny~QW—NA@NBA~|qQNqy‘…!q	O'-!WO2m§…‘…·!@àà$Ç‘ÇOsy%qP'-'QP3n{yr	AzxYZqPsy‡
Q'/1qQQQ2n~|qää$—åypQry—R'y‘¥±•çÇää—å…§Á—‘S)wå¥çÇNHBA{~QWç‡T*våç·NHBA~{XqqU+uÕ¡ç…—ä€äç‡•¡×V,5áV7iåyqÔ€ä~zqVktáW7iå·Ô€Ôç·X3n±å{xHH}|Y0p¡—[XyH
IzQÇYYZ/q×µç—¡¤¡Çµ·Õ[.rç‡•ççÁç‡Õ§å\.r~~{x^~}}YyQ¥]-s§¡ç·•çççÅ—Q^-4yq^6j~qu•çÇ…çÅ—^ms•_-3xq_7iQWÇÅÇ|z]{Yp_nsXP`-2qq`7jXQ‡Õ{x]yQ·•—`ns…a,1‡a5k‘•¡Å{z\yXzqaotQQb,<!WPb>b[Q·¥Ç¥{p
bdtz}W
c,<^XQc>bµ×•·Å·
cdtÇ§
d-;!uåd<d¡¥×¥·Å§¡	desç‡
e-:!q[Ye;eç·µ·Å§•	efs‘Çf-8á‘f:fçÇÅÇµ§µfhsá‘g:f~zx\xY}Ph9g§‘¥±¥Ç±§¡•i9@yqiAH¥
iJV{qQiX_yqiagYPj9?xqjBHYP	jJVÇ…jX^ypjag•k9>xpkBH•	kIWÇ¥kX^ypkbgXPl9>qqlBHYP
lIWzyPlX_—lbgXPm9>qqmAH•mIPxymQW•mY`yqmbgXPn9>xpn?G‘¥nINxpnRWXPnYazqnbgXP
o9G‡‘µoINxpoRWXP
oYg·‘…
p9F‡[QpINxppRWXP	pZg×…
q9ERWZYqINxpqQW•q[g‘çr9C¡rIOxqrQWYPr]g±s<?‘
sIW—¡•sad‘
tJV—•	uKU—•vLT—‘wMSSQqxMSÁ™™™