BMAPBOLO‰‰ÿ2{iÿ2€iÿ2{gÿ2€gÿ2„vÿ2„xÿ2‰vÿ2‰xÿ2„‰ÿ2„‹ÿ2‰‹ÿ2€yÿ2€{ÿ2{yÿ2{{ÿ2‰–ÿZZZ{[ÿZZZ„ŠÿZZZ‰ŠÿZZZ„–ÿZZZ{zÿZZZ€zÿZZZ€‡ÿZZZ{‡ÿZZZ„kÿZZZ‰kÿZZZ‰wÿZZZ„wÿZZZ€[ÿZZZ€hÿZZZ{hÿZZZ{˜‰˜{Y‰YS’“T‘”$U•@V–@WŽ—@X˜@	YŒ™@
Zzš×ä”á±[zš×ä„P\zš×¤‡¤…á‘P]zš×”—¤QQá…^zš×„§¤%Q_zš×„§¤…QQ¡…PP`zš×¤‡¤•QQ…QUazš×¤‡¤¥RQRQYPbrsbzš×¤‡¤µXQ¥cqt$czš×¤‡¤Å1Q[Pdpu@dzš×¤‡¤Õ\Peov@ezš×¤‡¤Õ\Pfnw@fzš×¤‡¤Õ\Pgmx@gzš×„Ç„Õ\P	hly@hzš×„Ç„[QµikšGÇä„%¥ZQjkšTÄ‡ä…YQ•PPkkš…á‘…ä}q%…XQlk‹QQá…AG§”×lŒ™RQRQRQQQmk‹%RAG·„×m˜VQQQQQnk‹…QQ¡…QT´‡„×
nŽ—TQQQQok‹•QQ…X\HxMp	o–RQQQpk‹¥RQRQY[IxMpp•XPqk‹µXQ¥”§”×q‘”!Qrk‹Å1Q[XI{Mpr’“sk‹Õ\XH|Mps‘”$tk‹Õ\XH|Mpt•@uk‹Õ\XLxMpu–@vk‹[QµHKxMpvŽ—@wk‹%¥ZRNAGÇw˜@xk‹…YQ•QTÔç	xŒ™@ykšRQXQ…RQ}~HN@zlyRQRQRQQQzzš×ä„P{mxVQQQQQ{zš×„·”…á‘P
|nwTQQQQ|zš×„Ç„QQá…	}ovRQQQ}zš×„HHxBQQQÁ…P~puXP~zš×Ä‡„…QQ¡…PPqt!Qzš×Ä‡„•QQ…QU€rs€zš×„Ç„¥RQRQYPqt$zš×„Ç„µXQ¥‚pu@‚zš×Ä‡„Å1Q[Pƒov@ƒzš×Ä‡„Õ\P„nw@„zš×„HHxMQÅ…mx@…zš×„Ç„Õ\P	†ly@†zš×„·”Õ\P‡kšGÇä„[QµˆkšW×ä4QZQ¥P‰kš…á‘…äçRQYQ•PPŠkšQQá…NAGÇRQXQ…QQ‹k‹%RAGAGAGÇ‹ŒšRQRQRQQQŒk‹…QQ¡…QTqtqt|pŒ˜VQQQQQŒ™šk‹•QQ…XXHxHxMp
Ž—TQQQQ™šŽk‹¥RQRQYXHxHxMp	Ž–RQQQŽ™šk‹µXQ¥„‡„‡„×•XP™šk‹Å1Q[XLxMp‘”!Q™š‘k‹Õ\YKxMp‘’“‘™š’k‹Õ\\HxMp’™š“k‹Õ\\HxMp“™š”k‹Õ\\HxMp”™š•k‹[QµKHxMp•™š–k‹%¥ZRNAGÇ–™š—k‹…YQ•QTä|p—™š˜kzRQXQ…QQ˜™š™lyRQRQRQQQ™™ššmxVQQQQQš™š
›nwTQQQQ›™š	œovRQQQœ™špuXP™šžqt!Qž™šŸrsŸ™š ™š¡™š¢™š£™š¤™š¥™š¦™š§™š¨™š©™šª™š«™š¬™š­™š®™š¯™š°™š±™š²™š³™š´™šµ™š¶™š·™š¸™š¹™šº™š»™š¼™š½™š¾™š¿™šÀ™šÁ™šÂ™šÃ™šÄ™šÅ™šÆ™šÇ™šÈ™šÉ™šÊ™šË™šÌ™šÍ™šÎ™šÏ™šÐ™šÑ™šÒ™šÓ™šÔ™šÕ™šÖ™š×™šØ™šÙ™šÚ™šÛ™šÜ™šÝ™šÞ™šß™šà™šá™šâ™šã™šä™šå™šæ™šç™šè™šé™šê™šë™šì™ší™šî™šï™šð™šñ™šò™šó™šô™šõ™š™™™