BMAPBOLO•ÿ2–ÿ2•ÿ2–ÿ2iÿ2zzÿ2yyÿ2„zÿ2…yÿ2iÿ2hÿ2hÿ2z„ÿ2y…ÿ2„„ÿ2……ÿ2llÿZZZl’ÿZZZ’’ÿZZZ’lÿZZZkÿZZZkÿZZZ“ÿZZZ“ÿZZZpwÿZZZwpÿZZZ‡pÿZZZŽwÿZZZp‡ÿZZZwŽÿZZZ‡ŽÿZZZŽ‡ÿZZZm–h‘‘––‘	–mhmmh‘h)éé	)É„™„¹)¹TT”RT™)©tTEEI)™4PTTTTPT)‰DTTDPTTTT)‰DPTDTTTPT)YEEDEEEEI	)YEDEEEEI	 )‰$TDPTTTT‘™!)™”5EEEI")©DPTTTT™#)©DTTDPT‘™$)™TPT””TRT%)™TTT˜–ET&)©4Tš‘E%I	
')¹œ˜I()éé`€a€bbcb€bœccePc~•cšœPdcg¥d~%d˜œ¥ediµe}‚…PPe–›µfdkÕf}‚…PPf”›Õgemåg|ƒ…”Pg’šåhemåh{„…´Ph’šåifpåPiy†¥´¥i™åPjfsåµjwˆÅ´ÅjŒ™åµkg˜ååÅ´ååÅlg˜µ^][N^QE¥mi–¥”å¥”HNZYJPni–¥ÄåHAt„åKJPoi–¥„JK[At¤µ´AE•pj•¥„—„AEHKyHXATxxJPqj•¥„‡”BEAG—yxAT$T„‡„¥rj•¥„IAT$T$tDtt$t$T$T”AE•sk”¥¤HHXAtDtt$tQT„IJPtk”¥ä”‡„7GAGNHJPuk”å„‡Ä·Ä‡„åvk”µ´·´JK{KPwj•Å”DGGAGBGAGDGGBEHLPxj•å…„—„‡„AGAG‡„åPyi–å´IAtxxAt”JNPzi–Å´JHxCttqt¤JLP{h—Õ„§„·„—„·„§¤µ|g˜Å¤JHyAt$t$t„‡´LIP}eš¥Ô‡”NAtäHH}JP~cœµäÇ”—”HIyL~KP`Ÿ¥JJzKqG‡—zzH~I
P€cœµäÇ”—”HIyL~KPeš¥Ô‡”NAtäHH}JP‚g˜Å¤JHyAt$t$t„‡´LIPƒh—Õ„§„·„—„·„§¤µ„i–Å´JHxCttqt¤JLP…i–å´IAtxxAt”JNP†j•å…„—„‡„AGAG‡„åP‡j•Å”DGGAGBGAGDGGBEHLPˆk”µ´·´JK{KP‰k”å„‡Ä·Ä‡„åŠk”¥ä”‡„7GAGNHJP‹k”¥¤HHXAtDtt$tQT„IJPŒj•¥„IAT$T$tDtt$t$T$T”AE•j•¥„‡”BEAG—yxAT$T„‡„¥Žj•¥„—„AEHKyHXATxxJPi–¥„JK[At¤µ´AE•i–¥ÄåHAt„åKJP‘i–¥”å¥”HNZYJP’g˜µ^][N^QE¥“g˜ååÅ´ååÅ”fsåµ”wˆÅ´Å”Œ™åµ•fpåP•y†¥´¥•™åP–emå–{„…´P–’šå—emå—|ƒ…”P—’šå˜dkÕ˜}‚…PP˜”›Õ™diµ™}‚…PP™–›µšcg¥š~%š˜œ¥›ceP›~•›šœPœbcœ€œœ€ž€ÛÛíéé	ÜÛíÉ„™„¹ÝÛí¹TT”RT™ÞÛí©tTEEIßÛí™4PTTTTPTàÛí‰DTTDPTTTTáÛí‰DPTDTTTPTâÛíYEEDEEEEI	ãÛíYEDEEEEI	äÛí‰$TDPTTTT‘™åÛí™”5EEEIæÛí©DPTTTT™çÛí©DTTDPT‘™èÛí™TPT””TRTéÛí™TTT˜–ETêÛí©4Tš‘E%I	
ëÛí¹œ˜IìÛíéé™™™