BMAPBOLO~sÿ2€sÿ2s~ÿ2s€ÿ2~‹ÿ2€‹ÿ2‹€ÿ2‹~ÿ2wwÿ2yyÿ2…yÿ2‡wÿ2w‡ÿ2y…ÿ2‡‡ÿ2……ÿ2ooÿZZZoÿZZZoÿZZZÿZZZxxÿZZZ†xÿZZZx†ÿZZZ††ÿZZZxkÿZZZ†kÿZZZ“xÿZZZkxÿZZZk†ÿZZZx“ÿZZZ†“ÿZZZ“†ÿZZZlmml‘l
’m
‘’’‘l‘m’)éé	)É„™„¹)¹TT”RT™)©tTEEI)™4PTTTTPT)‰DTTDPTTTT)‰DPTDTTTPT)YEEDEEEEI	)YEDEEEEI	 )‰$TDPTTTT‘™!)™”5EEEI")©DPTTTT™#)©DTTDPT‘™$)™TPT””TRT%)™TTT˜–ET&)©4Tš‘E%I	
')¹œ˜I()ééfz}•f‚…•gwˆå]Phså¥h€Œå¥
iråµ^ZPjoå•”…QT„å•koåJHQJNPP	ln‘Õää´Õ
mm’¥äää´¥nl“•äAGDGGAGBGMIPoj•¥´‡´HCtt„JH{JPpj•¥”NICttä”HJPqj••”‡´HH{HyAt¤‡”•ri–¥ÔAG‡ä”—„LJPsh—µ„IAtÔ‡qtÔIAtZPth—µ„AGKH}H|HxAtZPuh—¥ä”‡ä´‡ä”¥vh—¥ä„NNAtäYPwg˜µ„AGBGHI}IyAtqt$tZPxg˜¥ÔBGNNHAt$tÄ¥yg˜¥ÔIAt”JAt”IAtÄ¥zf™¥¤‡¤BGBGNAt$t$t”‡¤¥{f™¥¤BGBGBGKI\At$t$t$t”¥|f™¥ÔLAt„XQt„LAtÄ¥}g˜µÔMAu¥MAtÄµ~g˜µ„—„LISpu…ÔAG‡„µghi–2aNLIY	^MB —˜€g˜µ„—„LISpu…ÔAG‡„µg˜µÔMAu¥MAtÄµ‚f™¥ÔLAt„XQt„LAtÄ¥ƒf™¥¤BGBGBGKI\At$t$t$t”¥„f™¥¤‡¤BGBGNAt$t$t”‡¤¥…g˜¥ÔIAt”JAt”IAtÄ¥†g˜¥ÔBGNNHAt$tÄ¥‡g˜µ„AGBGHI}IyAtqt$tZPˆh—¥ä„NNAtäYP‰h—¥ä”‡ä´‡ä”¥Šh—µ„AGKH}H|HxAtZP‹h—µ„IAtÔ‡qtÔIAtZPŒi–¥ÔAG‡ä”—„LJPj••”‡´HH{HyAt¤‡”•Žj•¥”NICttä”HJPj•¥´‡´HCtt„JH{JPl“•äAGDGGAGBGMIP
‘m’¥äää´¥	’n‘Õää´Õ“oåJHQJNPP”oå•”…QT„å•
•råµ^ZP–så¥–€Œå¥—wˆå]P˜z}•˜‚…•ÛÛíéé	ÜÛíÉ„™„¹ÝÛí¹TT”RT™ÞÛí©tTEEIßÛí™4PTTTTPTàÛí‰DTTDPTTTTáÛí‰DPTDTTTPTâÛíYEEDEEEEI	ãÛíYEDEEEEI	äÛí‰$TDPTTTT‘™åÛí™”5EEEIæÛí©DPTTTT™çÛí©DTTDPT‘™èÛí™TPT””TRTéÛí™TTT˜–ETêÛí©4Tš‘E%I	
ëÛí¹œ˜IìÛíéé™™™