BMAPBOLOysÿ2syÿ2…sÿ2‹yÿ2s…ÿ2y‹ÿ2…‹ÿ2‹…ÿ2ulÿ2luÿ2‰lÿ2’uÿ2’‰ÿ2‰’ÿ2u’ÿ2l‰ÿ2ilÿZZZliÿZZZ’iÿZZZ•lÿZZZ•’ÿZZZ’•ÿZZZl•ÿZZZi’ÿZZZv‘ÿZZZˆ‘ÿZZZ‘ˆÿZZZ‘vÿZZZmˆÿZZZmvÿZZZvmÿZZZˆmÿZZZ`ee``™ež™žž™™`
že
I€J~'K}‚GPW	L|ƒRPQW
M{„XQ…
Nz…YQ•
Oy†ZQ¥Px‡7WYQ•'WQwˆXQu…XQu…Rv‰ZQu%%u¥SuŠ\UuuÅTt‹^SpuåUsŒ^XQ…å…Vr7W^Spuå'WWqŽXQuÅWPW\Qu…XpZQu¥RPRWZQu¥Yo\Qu…XQ…XQuÅZn‘^Suu•YSuuå[m’^XQu¥ZQuå…\l“7W^Suu•YSuuå'W]k”XQuÅXQu…XQu…\Qu…^j•ZQu¥ZQu%%u¥ZQu¥_i–\Qu…\UuuÅXQuÅ`h—^Suuå7^Suuåag˜^XQuå…^XQuå…bf™7W^Suuå7^Suuå'WcešWTW\UuEuÅWTW\UuEuÅGTWdd›wT„WZWuHEu¥wT„WZWuHEu¥gT„W&ecœ7TˆƒEu…7TˆƒEu…7TˆƒEu…7TˆƒEu…7Tˆ‚Ep&fbwT‡EuuHq„WWuHtWWT‡EuwT‚Epgag7Tˆ
ghs˜TWTˆ
gt˜TWTˆ
g€‹˜TWTˆ
gŒ—˜TWTˆg˜ž˜$W)h`ŸwWT„EHGT„HGT„HGT„HGT„5up+i_ XSuHˆ4WHCuHˆ4WHCuHˆ4WHCuHˆ4WHCuHˆ4WXPp)j^¡ZVuHEAG‡„uHEGHGtT„THGtT„TxxFT„WZPp*k]¢\UuEt„HDuEqt$ttuEqt$tuuEt„HEuEuÅ"l\£^RuBGJAt$T¤JAT¤JAT$t¤CEuå$m[¤^XQtqt„‡„HKyAt„·”AGHHxAuå…$nZ¥7W^RuBGJAt$T¤JAT¤JAT$t¤CEuå'W/oY¦XQuÅWTWHAt„GTWBGAGGTWBGAGWTWHAt„WTW\Qu….pX§ZQu¥gT„TxxGT„Tt„wEHEAt„wEHEAG‡„eHEu¥ZPp0qW¨\Qu…7TˆƒEt„7TˆƒEt„7TˆƒEt„7TˆƒEt„7TˆƒEu…\Pp.rV©^WuuHA„T„uHAT„uHAT„uHAT„uHDWW^PpsUg^XSuH€
shs˜TWTˆ
st˜TWTˆ
s€‹˜TWTˆ
sŒ—˜TWTˆs˜ª˜4W^XPp/tT«7W^WuuHA„T„uHGWWTxEuwT„HGT„Euuå'W5uS¬XQuÅXSuHˆ4WHCuHˆtWWWQHˆtWWWQHˆ4WHCuHˆ4WXQuÅXPp-vR­ZQu¥ZWuHEG”wEHE{WuHEu¥wT„TyGtT„WµZQu¥4wQ®\Qu…\TuEqt$twuEuuwWWTWuuuuGTWBGAGWTW\Qu…\Pp*xP¯^Suuå'T¤JBWXSde…7WXSde…'T¤JBW^Suuå*yO°^XQuå…HKyGuutdwWWWWtduuHKyAuå…^XPp,zN±7W^Suuå'T¤JBWXSde…7WXSde…'T¤JBW^Suuå'W9{M²XQuÅXQuÅGTWBGAGwTWWWuuuEwWWWTuEqt$tuuEuÅXQuÅXPp2|L³ZQu¥ZQu¥wT„TyGtT„WµwT„WZWuHEG”wEHE{Qu¥ZQu¥:}K´\Qu…\Qu…7TˆƒEt„7Tˆ‡Euuuˆ‡EuuuˆƒEt„7TˆƒEu…\Qu…\Pp4~Jµ^SuuåwWT„EHGT„uuuH„WWuHAT„uHDWW^SuuåIg€à€8ˆ
hs˜TWTˆ
t˜TWTˆ
€‹˜TWTˆ
Œ—˜TWTˆ˜¶˜4€à€4€Jµ^SuuåwWT„EHGT„uuuH„WWuHAT„uHDWW^Suuå:K´\Qu…\Qu…7TˆƒEt„7Tˆ‡Euuuˆ‡EuuuˆƒEt„7TˆƒEu…\Qu…\Pp2‚L³ZQu¥ZQu¥wT„TyGtT„WµwT„WZWuHEG”wEHE{Qu¥ZQu¥9ƒM²XQuÅXQuÅGTWBGAGwTWWWuuuEwWWWTuEqt$tuuEuÅXQuÅXPp,„N±7W^Suuå'T¤JBWXSde…7WXSde…'T¤JBW^Suuå'W*…O°^XQuå…HKyGuutdwWWWWtduuHKyAuå…^XPp*†P¯^Suuå'T¤JBWXSde…7WXSde…'T¤JBW^Suuå4‡Q®\Qu…\TuEqt$twuEuuwWWTWuuuuGTWBGAGWTW\Qu…\Pp-ˆR­ZQu¥ZWuHEG”wEHE{WuHEu¥wT„TyGtT„WµZQu¥5‰S¬XQuÅXSuHˆ4WHCuHˆtWWWQHˆtWWWQHˆ4WHCuHˆ4WXQuÅXPp/ŠT«7W^WuuHA„T„uHGWWTxEuwT„HGT„Euuå'W‹Ug^XSuH€
‹hs˜TWTˆ
‹t˜TWTˆ
‹€‹˜TWTˆ
‹Œ—˜TWTˆ‹˜ª˜4W^XPp.ŒV©^WuuHA„T„uHAT„uHAT„uHAT„uHDWW^Pp0W¨\Qu…7TˆƒEt„7TˆƒEt„7TˆƒEt„7TˆƒEt„7TˆƒEu…\Pp.ŽX§ZQu¥gT„TxxGT„Tt„wEHEAt„wEHEAG‡„eHEu¥ZPp/Y¦XQuÅWTWHAt„GTWBGAGGTWBGAGWTWHAt„WTW\Qu…$Z¥7W^RuBGJAt$T¤JAT¤JAT$t¤CEuå'W$‘[¤^XQtqt„‡„HKyAt„·”AGHHxAuå…"’\£^RuBGJAt$T¤JAT¤JAT$t¤CEuå*“]¢\UuEt„HDuEqt$ttuEqt$tuuEt„HEuEuÅ)”^¡ZVuHEAG‡„uHEGHGtT„THGtT„TxxFT„WZPp+•_ XSuHˆ4WHCuHˆ4WHCuHˆ4WHCuHˆ4WHCuHˆ4WXPp)–`ŸwWT„EHGT„HGT„HGT„HGT„5up—ag7Tˆ
—hs˜TWTˆ
—t˜TWTˆ
—€‹˜TWTˆ
—Œ—˜TWTˆ—˜ž˜$W&˜bwT‡EuuHq„WWuHtWWT‡EuwT‚Ep&™cœ7TˆƒEu…7TˆƒEu…7TˆƒEu…7TˆƒEu…7Tˆ‚Epšd›wT„WZWuHEu¥wT„WZWuHEu¥gT„W›ešWTW\UuEuÅWTW\UuEuÅGTWœf™7W^Suuå7^Suuå'Wg˜^XQuå…^XQuå…žh—^Suuå7^SuuåŸi–\Qu…\UuuÅXQuÅ j•ZQu¥ZQu%%u¥ZQu¥¡k”XQuÅXQu…XQu…\Qu…¢l“7W^Suu•YSuuå'W£m’^XQu¥ZQuå…¤n‘^Suu•YSuuå¥o\Qu…XQ…XQuÅ¦pZQu¥RPRWZQu¥§qŽXQuÅWPW\Qu…¨r7W^Spuå'W©sŒ^XQ…å…ªt‹^Spuå«uŠ\UuuÅ¬v‰ZQu%%u¥­wˆXQu…XQu…®x‡7WYQ•'W
¯y†ZQ¥
°z…YQ•
±{„XQ…	²|ƒRPQW³}‚GPW´~'µ€™™™