BMAPBOLOcuÿ2ucÿ2qqÿ2ppÿ2qÿ2Žpÿ2ÿ2ŽŽÿ2qÿ2pŽÿ2‰cÿ2›uÿ2c‰ÿ2u›ÿ2‰›ÿ2›‰ÿ2ikÿZZZkiÿZZZrrÿZZZnÿZZZnÿZZZÿZZZÿZZZi“ÿZZZk•ÿZZZ“•ÿZZZ•“ÿZZZŒrÿZZZŒŒÿZZZrŒÿZZZ“iÿZZZ•kÿZZZee™e
™™e™Vy†á±
WuŠ¡Å[ZXr‘å…^QQYo‘åµ^ZYZm’åå^]Q[l“^^RX^^QQ\j•åå•^^XQ]i–^^ZQ…åå¥^g˜ååÅ^^[Q_f™^^]Q…ååÕ`eš^^^Q…åååad›^^ZQtzxAuåå¥bcœ^^QT”FGTWBGIN^XPcbccd›‘åµ‡¤BGXQt$t”‡åµ‘cœdad!Qdf™^QW‡„·„UtuAG§„—å…d›ž!Qe`dQQeg˜]\Au…RWXQu%u…KNPe›ŸQQf_eXQfg˜[Qt¤‡TPWQT$TVWPTqt¤[Pfš •g^g[Qgh—YXxIqEET¤JCP%G‡„‡¥g˜¡Å h^¡]XQG§VQQHKyEP%G§XXP%i]¢^ZQGDGEB@QT”IHQ$QATtrt^ZP%j\£^ZQGHCuHAIAt”…HHSt„‡^ZP#k\£^YQG‡”7QQT„BGLAt$„…1WHIqEå•%l[¤^YQG—”'QQT$„‡”‡”AEt„§^YP'mZ¥^YYyAtXQC@tqt„‡„'RQXXAt„—å¥%nZ¥^XY{HxTEC@t„HAt„'TQTQWJI~YP&oY¦^YXAt¤—ttQQWBGHAttuQSGG‡´AEå•"pY¦^XYKx[qEUWBGHAtTuRTzx[yNYP(qY¦^RWAG'E¥$t„WQPQW‡”—…PQWHBtZQGBG^QQ+rX§^XQtDtQ%GHEtQqt¤‡…PGHHrETt$uå…+sX§^XQtDuGIBtQT„JAt„…$t”7EEt$uå…'tX§^RWEGE•1Tqt„•”JAt„•”‡4QYTGBG^QQ*uW¨^XQtTuAE…STt”§$t„'G—¤'E%…„Et$uå…,vW¨^QTrtQT´…ATT„'E5txrGSTt„EEKHQGAEå,wW¨^QT$u´%HHqEettu%GHHR´…AEå#xW¨^QT4u
YxHxSqtxx^WAEå(yV©^XXAuµ„‡¥„7GCGExxRGDGGAE•‡„ÅAEå…%zV©^QW·„…¤‡…„7Tqu…¹•‡4WAEqt”…„Çå…%{V©^QT”…¤JHxAu5t^XRGRWAGJAt”…¤å…"|V©^QT”…´‡”§$u¥$Q%E¥'G—”‡´…¤å…*}V©^QW‡%t$t„Ç”7GRYQQ!1RYTWGHLyAt4ux~XP%~V©^RWSWT$tä¤g@yQA11qYpGNJAt4WRW^QQ!V©Ž…‡EEy~IJw•1Yy~IJxTEGŽ%€V©^RWSWT$tä¤g@yQA11qYpGNJAt4WRW^QQ*V©^QW‡%t$t„Ç”7GRYQQ!1RYTWGHLyAt4ux~XP"‚V©^QT”…´‡”§$u¥$Q%E¥'G—”‡´…¤å…%ƒV©^QT”…¤JHxAu5t^XRGRWAGJAt”…¤å…%„V©^QW·„…¤‡…„7Tqu…¹•‡4WAEqt”…„Çå…(…V©^XXAuµ„‡¥„7GCGExxRGDGGAE•‡„ÅAEå…#†W¨^QT4u
YxHxSqtxx^WAEå,‡W¨^QT$u´%HHqEettu%GHHR´…AEå,ˆW¨^QTrtQT´…ATT„'E5txrGSTt„EEKHQGAEå*‰W¨^XQtTuAE…STt”§$t„'G—¤'E%…„Et$uå…'ŠX§^RWEGE•1Tqt„•”JAt„•”‡4QYTGBG^QQ+‹X§^XQtDuGIBtQT„JAt„…$t”7EEt$uå…+ŒX§^XQtDtQ%GHEtQqt¤‡…PGHHrETt$uå…(Y¦^RWAG'E¥$t„WQPQW‡”—…PQWHBtZQGBG^QQ"ŽY¦^XYKx[qEUWBGHAtTuRTzx[yNYP&Y¦^YXAt¤—ttQQWBGHAttuQSGG‡´AEå•%Z¥^XY{HxTEC@t„HAt„'TQTQWJI~YP'‘Z¥^YYyAtXQC@tqt„‡„'RQXXAt„—å¥%’[¤^YQG—”'QQT$„‡”‡”AEt„§^YP#“\£^YQG‡”7QQT„BGLAt$„…1WHIqEå•%”\£^ZQGHCuHAIAt”…HHSt„‡^ZP%•]¢^ZQGDGEB@QT”IHQ$QATtrt^ZP –^¡]XQG§VQQHKyEP%G§XXP—^g[Q—h—YXxIqEET¤JCP%G‡„‡¥—˜¡Å˜_eXQ˜g˜[Qt¤‡TPWQT$TVWPTqt¤[P˜š •™`dQQ™g˜]\Au…RWXQu%u…KNP™›ŸQQšad!Qšf™^QW‡„·„UtuAG§„—å…š›ž!Q›bc›d›‘åµ‡¤BGXQt$t”‡åµ‘›œœcœ^^QT”FGTWBGIN^XPd›^^ZQtzxAuåå¥žeš^^^Q…åååŸf™^^]Q…ååÕ g˜ååÅ^^[Q¡i–^^ZQ…åå¥¢j•åå•^^XQ£l“^^RX^^QQ¤m’åå^]Q¥o‘åµ^ZY¦r‘å…^QQ
§uŠ¡Å[Z¨y†á±™™™