BMAPBOLO|qÿ2‚qÿ2q|ÿ2q‚ÿ2|ÿ2‚ÿ2‚ÿ2|ÿ2~eÿ2e€ÿ2™~ÿ2{{ÿ2ƒ{ÿ2{ƒÿ2ƒƒÿ2€™ÿ2bÿZZZeÿZZZœÿZZZ™ÿZZZ™qÿZZZœqÿZZZqbÿZZZqeÿZZZ}fÿZZZfÿZZZ˜ÿZZZ˜}ÿZZZtÿZZZtÿZZZŠÿZZZŠÿZZZmrŒm
‘Œr‘u““‰ku‰k\pwØ]ly¨Õ€	^k{^ZQˆ	_k}^\Qˆ	`j~^^QXai^RWAEÅbi\Qt$tquµ€ch‚[[At´Ådhƒ[YAt„KKP€eiƒ\X|HxBtXP€fi„^QWLHzP€gj…^XQt”IIQˆhk†^XXAt´µhšœ€il†ˆå…‡¤‡µi˜žˆ…€jn‡ˆå%t„‡„µj—Ÿ[P€
kpˆ^]KQ…k–¡]Qˆlp‰^YxH{Q…	l•¢^XP€mqŠ^XxIyQ…•	m•¢^XP€nq‹^YyAxˆÅ	n”¢^YP€oqŒ^Qt¤^PP
o”¢ZXKP€pp…^XHyNZP	p’£ˆÅ„Åqp£…^XHyNZYQt$u¥rp£•ˆÕ‡”‡å…ˆå…‡„µso£ÅQW—Ô§µ^YZKP€tn£åˆBGLAt$u¥^XQtxzP€um£å„‡„AG‡„AGCE…å•JJP€vl£åAG‡¤—¤—„^YQt$t„¥wk¢å…‡qt„HAt„‡rx^X\Au•xj¢˜Å·„BGHAt$tz~RWKAu•yh¡ˆ•ZQtqtqtÄ‡„‡„]YxAtYP€zg¡[Q…•II~AG‡¤[Qt´AE•{f ˆÅYYyAt„·”HIyZzAt„¥|d ˆå(T$tädtttä$t„—ä¥"}cŸ^YxAt”‡„‡xqGAGIAt„HAt„‡¥~bž\XH}HzGttttIHyH{HxBtXP€!bYXAtqtqt„‡¤çIHyHxHxAtYP€€aXRGAGJHyHzGttttIH}HxMP€#`œYXyAt„HAt”‡„‡xqGAGIAtx~QX‚_›Y^IyAtädtttä$t4X]Qˆƒ_™YYAt”§•—”HKyAt„—¥[Qˆ„^˜YXAt´[Qt”—äxzAu•[P€ …^—YXAtx~QtqtqtÄ‡„‡„ZQ……€†]•YQt´^[xAt$t„BGAG§Å˜‡]”YQt´å•rtqt„HAt„‡quåˆ\“YYAt$uå•AG‡¤—¤—„å‰\’Y[Auå•(Tqt$txxAtqt]PŠ\‘YYxAuå…ZQt$tÄBG…Õ‹\ZZNZQ…¥§Ô§…[PŒ\ZXH~XXŽXXyH}X‰P\ZQt$uÅ˜å¥”‡„å%…
Ž\m[XLQˆŽpå¥”‡„å%…
]kZXKP€sŽå…JAuå	]k^YP€tŽÅ˜HI~QX	‘]j^XP€‘uŽ¥XYxH~QX	’]j^XP€’v…ZXxI~QX“^iˆå“w%…¥Ôå€”`h[P€”x‘ZXHyAuå€•agˆ…€•y“ZXzH~XQˆ–ce€–y”Z\At^XP€—z•ˆ•¤IAuå…˜{–YX}H~XP€™|–XRGAGKH}P€š|—Z\At„HLP€›}—[\At¤Åœ~–ˆÅ‡„BG\P€€–\XAuå€	ž•^^QXŸ‚”ˆåÕ „”ˆåµ¡†“ˆÕ¨¢ˆØ™™™