BMAPBOLO~~ÿ2zzÿ2{{ÿ2{ƒÿ2ƒƒÿ2ƒ{ÿ2„zÿ2„„ÿ2z„ÿ2~€ÿ2€€ÿ2€~ÿ2xÿ2xÿ2†ÿ2†ÿ2wqÿZZZqwÿZZZwÿZZZq‡ÿZZZ‡ÿZZZpÿZZZ{ÿZZZ{ÿZZZƒÿZZZƒÿZZZwÿZZZ‡ÿZZZŽÿZZZŽÿZZZpÿZZZ‡qÿZZZppŽp
pŽŽŽd}‚…PPev‰•ZQÕ¥QUft‹µXUdÄe…ZPgqŽµ‡•XQå…XX{Phoµ[Qe…XQeµZPio…[XyUeÕe…‡ÅPPjo…XX~QÕÕ‡•PPkpå…XSme…^PPlpÕ‡•R]RVXX}PmqŽå%e…6ÖXQeånqŽ…TVVXQe%Õ%e…6VRWPPohk•oqŽ•ZQdäZQePo”—•phmµpsŒ…7WNLCuup’—µqgp…µqt‹BGHAtXXAt„AEq˜µPrgpårt‹´ICTT”J@r˜åsgqÕPPst‹„KAt„KAtsŽ˜…\Ptf™…[QeBGKAtÄKAtRV[Qeuf™¥ZQt´‡´—´‡ÄZQu•%veš…RWXQeBGBGJAt$t$t¤BGAE%e…RWPPweš…YQu…‡”HHzAt”‡”HHyQu•PPxeš¥UWVT¤BGJI{At$t¤Eeu%u•yeš…[XAt”JH!JAt”AEµQQzešÅVVVLAtÄLAtÄVVV[P{eš…†Å„BGNNJAt$t[XaU|ešÕ6VLAtääLCeeÅ}d›…RVZZAt¤IIzA$¤IKQe%e#~d›…YTeeAEBGCG$„·”"t$tQTTVVYQEd›,íÍ„HJxKxH
yATÜÒìÐÐ#€d›…YTeeAEBGCG$„·”"t$tQTTVVYQEd›…RVZZAt¤IIzA$¤IKQe%e‚ešÕ6VLAtääLCeeÅƒeš…†Å„BGNNJAt$t[XaU„ešÅVVVLAtÄLAtÄVVV[P…eš…[XAt”JH!JAt”AEµQQ†eš¥UWVT¤BGJI{At$t¤Eeu%u•‡eš…YQu…‡”HHzAt”‡”HHyQu•PP%ˆeš…RWXQeBGBGJAt$t$t¤BGAE%e…RWPP‰f™¥ZQt´‡´—´‡ÄZQu•Šf™…[QeBGKAtÄKAtRV[Qe‹gqÕPP‹t‹„KAt„KAt‹Ž˜…\PŒgpåŒt‹´ICTT”J@Œ˜ågp…µt‹BGHAtXXAt„AE˜µPŽhmµŽsŒ…7WNLCuuŽ’—µhk•qŽ•ZQdäZQeP”—•qŽ…TVVXQe%Õ%e…6VRWPP‘qŽå%e…6ÖXQeå’pÕ‡•R]RVXX}P“på…XSme…^PP”o…XX~QÕÕ‡•PP•o…[XyUeÕe…‡ÅPP–oµ[Qe…XQeµZP—qŽµ‡•XQå…XX{P˜t‹µXUdÄe…ZP™v‰•ZQÕ¥QUš}‚…PP™™™