BMAPBOLOxÿ2xÿ2†ÿ2†ÿ2o€ÿ2o~ÿ2€ÿ2~ÿ2~oÿ2€oÿ2~ÿ2€ÿ2wÿ2wÿ2‡ÿ2‡ÿ2rrÿZZZŒrÿZZZrŒÿZZZŒŒÿZZZp…ÿZZZyŽÿZZZ…ŽÿZZZŽ…ÿZZZŽyÿZZZpyÿZZZypÿZZZ…pÿZZZyyÿZZZ…yÿZZZy…ÿZZZ……ÿZZZkk”j
””j”)éé	)É„™„¹)¹TT”RT™)©tTEEI)™4PTTTTPT)‰DTTDPTTTT)‰DPTDTTTPT)YEEDEEEEI	)YEDEEEEI	 )‰$TDPTTTT‘™!)™”5EEEI")©DPTTTT™#)©DTTDPT‘™$)™TPT””TRT%)™TTT˜–ET&)©4Tš‘E%I	
')¹œ˜I()éé
gt‹å•^QU
hråµ^ZP
ipåÕ^\P
jpåÕ^\Pkp¥Ä¥4Y\JPlp¥$W‡xqT„xqG‡%E•mp¥$tÄ·Ô'E•noµ4tRTWTttt…TTtZPon‘¥”'E%u5GHBtRWSTt„¥pi–å5EIIyCtt„—¤%Eåqi–å5ErtRWRTzqE%u%G7T^Prh—Õ¤…'E%E5GHBtRTSTuIMPsh—ÕZQtÄWEGLAu¥\Ptg˜¥ÄYYqG‡µ—xzQt´¥ug˜¥$W‡xxYqG‡UEExqG‡…—xrTYPvg˜¥$tÄ‡ÔHAtÄ‡Ô'E• wg˜¥4tRTRTrtRTRTzqE%E%G'E%EEGE•"xg˜¥4tRWRTrtRWRTrtrtRWRTrtRWTTtYPyg˜¥¤—Ä—äx|IzJP!zg˜µ'E%u%G'E%u%G'‡'E%u%G'E%u5GZP {g˜µ'E%E%G'E%E5Gˆ‚tRTRTrtRTSTu¥|g˜µLH}ExXtÄ‡ÔZP}g˜Å—xxYqG‡µ—xxYqG‡Å"~g˜¥„AGBEAG7G†…EEƒ‡GBEAGBGAE•g˜°qt4tXRGHA……XXˆBtXRGAG'@ "€g˜¥„AGBEAG7G†…EEƒ‡GBEAGBGAE•g˜Å—xxYqG‡µ—xxYqG‡Å‚g˜µLH}ExXtÄ‡ÔZP ƒg˜µ'E%E%G'E%E5Gˆ‚tRTRTrtRTSTu¥!„g˜µ'E%u%G'E%u%G'G'E%u%G'E%u5GZP…g˜¥¤—Ä—äx|IzJP"†g˜¥4tRWRTrtRWRTrtrtRWRTrtRWTTtYP ‡g˜¥4tRTRTrtRTRTzqE%E%G'E%EEGE•ˆg˜¥$tÄ‡ÔHAtÄ‡Ô'E•‰g˜¥$W‡xxYqG‡UEExqG‡…—xrTYPŠg˜¥ÄYYqG‡µ—xzQt´¥‹h—ÕZQtÄWEGLAu¥\PŒh—Õ¤…'E%E5GHBtRTSTuIMPi–å5ErtRWRTzqE%u%G7T^PŽi–å5EIIyCtt„—¤%Eån‘¥”'E%u5GHBtRWSTt„¥oµ4tRTWTttt…TTtZP‘p¥$tÄ·Ô'E•’p¥$W‡xqT„xqG‡%E•“p¥Ä¥4Y\JP
”påÕ^\P
•påÕ^\P
–råµ^ZP
—t‹å•^QUÛÛíéé	ÜÛíÉ„™„¹ÝÛí¹TT”RT™ÞÛí©tTEEIßÛí™4PTTTTPTàÛí‰DTTDPTTTTáÛí‰DPTDTTTPTâÛíYEEDEEEEI	ãÛíYEDEEEEI	äÛí‰$TDPTTTT‘™åÛí™”5EEEIæÛí©DPTTTT™çÛí©DTTDPT‘™èÛí™TPT””TRTéÛí™TTT˜–ETêÛí©4Tš‘E%I	
ëÛí¹œ˜IìÛíéé™™™