BMAPBOLO|ÿ2{ÿ2{ÿ2|ÿ2ƒÿ2‚ÿ2‚ÿ2ƒÿ2yyÿ2…yÿ2y…ÿ2……ÿ2rrÿ2rŒÿ2ŒŒÿ2Œrÿ2nsÿZZZsnÿZZZ‹nÿZZZsÿZZZn‹ÿZZZsÿZZZ‹ÿZZZ‹ÿZZZwÿZZZ‡ÿZZZwÿZZZ‡ÿZZZmÿZZZ‘ÿZZZmÿZZZ‘ÿZZZjjj””””j
^z…á‘
_y†¥YQ
`x‡µZQ
auŠ¡Å[Z
br¡å%å¡cqŽå¥^YQdqŽ^ZQå¥eo‘åµ^ZYfn‘åÕ^\Qgn‘^]QåÕhm’åå^]Qim’^^Qååjk”‘åå%åå‘kj•BG^ZQt„^ZQt$qlj•!t¤å…‡´‡å…´mh—‘”AEåNAuå„HInf™‘…„BGHLQt”IAuµ”BGAEoeš¥MJXAt”IAtY^Au•peš[XAtqt„‡¤BEBGIHyHxAt[Pqcœ‘å„‡HJzCpt”§”qt]Yrbå…„GTT´‡„7AGKDTWAEåsb^XZBWKAt
At´'T”å•tb^ZZAt$tÄLAt$t”åµuažåµÔHHxAqt„LN[Qvaž^[X|IxAt„AG‡Ä‡åÅwaž^[XxHyAt„HAt„HHxH~\P x`Ÿåµ„IAt$t$t$$t$t$t”AEå¥y_ åÅ„IMxA|zAt^[Q"z^¡åµ—„‡„BGBGB@BGBGBGAGAG‡åµ {^¡^ZQt¤BGHAt”7GIAt„BGJAuå¥!|^¡^ZQt„IAtxyCtt„—„IAt„^ZP}^¡^YQtÄAGJHqWJHxAÄ^YP~^¡^Y\HqÄ—•—Ôqt´å¥^¡		HP „„µ„„°„à €^¡^Y\HqÄ—•—Ôqt´å¥^¡^YQtÄAGJHqWJHxAÄ^YP!‚^¡^ZQt„IAtxyCtt„—„IAt„^ZP ƒ^¡^ZQt¤BGHAt”7GIAt„BGJAuå¥"„^¡åµ—„‡„BGBGB@BGBGBGAGAG‡åµ…_ åÅ„IMxA|zAt^[Q †`Ÿåµ„IAt$t$t$$t$t$t”AEå¥‡až^[XxHyAt„HAt„HHxH~\Pˆaž^[X|IxAt„AG‡Ä‡åÅ‰ažåµÔHHxAqt„LN[QŠb^ZZAt$tÄLAt$t”åµ‹b^XZBWKAt
At´'T”å•Œbå…„GTT´‡„7AGKDTWAEåcœ‘å„‡HJzCpt”§”qt]YŽeš[XAtqt„‡¤BEBGIHyHxAt[Peš¥MJXAt”IAtY^Au•f™‘…„BGHLQt”IAuµ”BGAE‘h—‘”AEåNAuå„HI’j•!t¤å…‡´‡å…´“j•BG^ZQt„^ZQt$q”k”‘åå%åå‘•m’^^Qåå–m’åå^]Q—n‘^]QåÕ˜n‘åÕ^\Q™o‘åµ^ZYšqŽ^ZQå¥›qŽå¥^YQ
œr¡å%å¡
uŠ¡Å[Z
žx‡µZQ
Ÿy†¥YQ z…á‘™™™