BMAPBOLO||ÿ2€ÿ2€ÿ2ƒƒÿ2„qÿ2Ž{ÿ2{Žÿ2yyÿ2††ÿ2x‡ÿ2‡xÿ2pÿ2pÿ2y†ÿ2†yÿ2q„ÿ2{„ÿZZZ„{ÿZZZ|ŽÿZZZqƒÿZZZƒqÿZZZŽ|ÿZZZt‹ÿZZZ‹tÿZZZ•dÿZZZ›jÿZZZd•ÿZZZj›ÿZZZŸXÿZZZ§`ÿZZZ`§ÿZZZXŸÿZZZ\«T££T
«\
Wb¨W¨b)éé	)É„™„¹)¹TT”RT™)©tTEEI)™4PTTTTPT)‰DTTDPTTTT)‰DPTDTTTPT)YEEDEEEEI	)YEDEEEEI	 )‰$TDPTTTT‘™!)™”5EEEI")©DPTTTT™#)©DTTDPT‘™$)™TPT””TRT%)™TTT˜–ET&)©4Tš‘E%I	
')¹œ˜I()ééSª­•TŸ£¥T¦­ÕUŸ­åÅVž¬åÅWž¬åÅ	X¬…”åPY¬…´åZœ«…ÔÅ[œ«…äµ\›«…ä„¥]—™P]›¬…ä„µ^•™¥^š¬…ä¤¥
_“¬åNIJP`“¬ÕäÄ¥
a’ªåNHJP	b’¨åNJPc”¦ÕÔ¥d“¤…ä”¥e“¢…”—XQEf’¡…”CGE¥g’£…”CGEÅ	h‘£…”§„ÕiP
i‘¢…¤ILPj‹¥
j¢…”KLPk…‡Pk‰¡åBGJMPlƒœåµ”IJPl¡¥mšåµ‡„HJPmŸP	n˜åÕ‡¤¥oz~¥
o–åµ‡ÄPpx•åå¥‡”‡Pqv—åµ„[[HzPrv—åµQWHH|Psu–åÅ—¤‡”‡µtu–å¥IHxJ~Pus•å´‡ÄAG‡Õvq•å…´AG‡„INPwq”å…‡„‡„—„—„Õxp”åqtÔ—´AEµyp•åIHxAt„JAt\Pzo•å%t„—„HKxAp[P{o”Å„HIxAt´—„7ZP|o”Å„AGIAt´—„AE¥}o“Å¤—”NIMP~p“µ¤‡¤JHyH}Pn’Õ„JHzHyI}P€n’Õ—”‡¤‡´AEÅmÕ‡”‡´IHzKP‚m‘Õä¤HIzLPƒl‘µ„AG‡ÄIHxAt[P„l‘µ4AG‡ÄAG—„AEµ…k‘Å€AG§”AG—„^P†kÕ„JAt„AGIAuÕ‡lÅ„JI~H~PPˆlÕ„—„—„‡„‡åP‰kå¤AG‡„JNQUŠkÕ—„KH{NP‹j‹å§„‡¤^YPŒj‹µ‡”‡¤—åÅiŠÅ‡”‡…„€^ZPŽiŠ¥‡´ÅAEå¥kˆ…‡”‡åå¥	j…Ä‡åµ‚†¥	‘h¥¤‡åÕ’acP’f¥”AG^ZP“_c¥“d}¥¤HN[P
”_wÕ´AEå”y{P
•^pÅÄHAU•qu¥
–^oÅ¤IAU–qsP
—]oÕ„§”P˜]nÕ$t$t„P™_nµ$t$t„Pš^m…XQG‡”P	›\m¥ä”PœZl¥ÔÕ	Xn¥ä^P	žVn¥ä”åŸTm¥äÄÕ	 Tm¥ä¤å	¡Tf¥ä¤P¡gk¥	¢Teµä„P¢giP	£Ue¥ä„P¤UdµäP¥UdÅÔP¦Tcå´P	§Tcå…”P¨TbåÅ©TbåÅªSaåÅ«SZÕ«]a¥¬SV•ÛÛíéé	ÜÛíÉ„™„¹ÝÛí¹TT”RT™ÞÛí©tTEEIßÛí™4PTTTTPTàÛí‰DTTDPTTTTáÛí‰DPTDTTTPTâÛíYEEDEEEEI	ãÛíYEDEEEEI	äÛí‰$TDPTTTT‘™åÛí™”5EEEIæÛí©DPTTTT™çÛí©DTTDPT‘™èÛí™TPT””TRTéÛí™TTT˜–ETêÛí©4Tš‘E%I	
ëÛí¹œ˜IìÛíéé™™™