BMAPBOLOwwÿ2vvÿ2‡wÿ2ˆvÿ2‡‡ÿ2ˆˆÿ2w‡ÿ2vˆÿ2[vÿ2v[ÿ2ˆ[ÿ2£vÿ2£ˆÿ2ˆ£ÿ2v£ÿ2[ˆÿ2bdÿZZZdbÿZZZkwÿZZZwkÿZZZ‡kÿZZZ“wÿZZZ“‡ÿZZZ‡“ÿZZZw“ÿZZZk‡ÿZZZbÿZZZdÿZZZÿZZZÿZZZbÿZZZdÿZZZ\\\¢¢¢¢\
2wˆיי	3pיייÙ	4l“ייייÙ
5i–ייייי¹6f™יייייי™7cייייייי	8aייייייי¹9^¡יייייייי™:\£ייייייייÙ;Z¥ייייייייי™<Y¦ייייייייי¹=W¨יייייייייי	>V©יייייייייי™?U×יייייייייי¹@S¬ייייייייייי	AR­ייייייייייי™BQ®ייייייייייי¹CO°יייייייייייי	DN±יייייייייייי™EM²יייייייייייי¹FL³ייייייייייייÙGK´ייייייייייייי	HI¶ייייייייייייי¹IH·יייייייייייייÙJH·יייייייייייייÙKG¸יייייייייייייי	LF¹יייייייייייייי™ME÷יייייייייייייי¹ND»ייייי™בי¹בייייי™OC¼ייייי‘י©PC¼ייייֹ¡י™‘י‰¡ייייֹQB½יייי©¡יֹ‘יRA¾ייייֱיZ[‘י›^‘‘±ייייS@¿יייֹ¡י™ו¹‘©וי™¡יייֹT@¿יייֹ˜Y[‘יY^™‘ייי¹U?ְיייÙ^Y^^Y^‘יייֹ$V>ֱיייÙ™וו•……QeaXQ€€^^XY˜%W=ֲיייי˜]X¨Ueeוֵ™*X=ֲיייי˜ZQ˜ˆ‰€€Uee€€˜‰ו•™+Y<ֳיייי)‰וˆ€‡§ˆpVVP‡§ˆ €QY‰	Z;\יייי	Z]¢˜Z‰‹yAuˆƒVXˆ…HKx‰
Y	Z£ִיייי	[;[יייי&[]¢˜Q€€ˆYYyAuVX%t„—¥€€[Y[₪ִיייי\:Zיייי#\]¢‰ֵ8yzQt₪QP`…e€RWJAu•§8[X‘\¥ֵיייי	]:]ייי©ׁ(]^¡Z[xQu…‡„BGWXVX …%t$tqu…QW§µ	]¢ֵׁייי©^9^ייי‰¡¹+^_ !•¥‡„RWQWHAt$u%€@VP …%t$t„‡…RWAGZQ‘^¡ֶ¹¡ייי2_9ֶייי‰›YxAuzyAt„QXˆˆˆQt„HKxQtxy[’‘`9`ייי‰˜!`a!E5tˆu•ח„WP€P€…AG׳¥ˆ‚GRT`ֶ˜‘ייי	6a8ַייי‰™ו‘%G‡
Qu•IAu%€ P …%t”YQu
‡‡$Qו™ייי6b8ַייי‰˜XUEEt4€ˆ
Qt”QXˆˆˆQt”YX‚FGTT^QY‰8c7ָייי™˜YTEGBGQP˜ € t”VP€€RWIAp0€ˆQtTtT^XY‘ייי-d7ָייי™˜Y]{Y€€‡IAue%t”g€€€€µ׳ו•™‘™6e7ָייי™˜QW‡„AG‡ֵxHAuˆQt„w[YxAtx~QY‰‘™3f6ֹייי™™ױ—$t$t”‡וHAu%€€RWHAp …ױ‡₪CGG‡ױ™ייי™2g6ֹייי™˜›Y‰y‰yH~QˆBGVXRWBGˆױ‡”—˜—˜µ™‘™:h6ֹייי™˜›Q€ t$€RWIJ|TBGVXRWEGµ§₪QP „$p …¥™‘™6i5Êייי™™µHtD€…x{H{S€‡—…ˆys€…¥‡´—…8EG€…¥™ייי™;j5Êייי™˜›X§0€QW‡₪‡xyIU…”—…€qt”—…0€zqZY‘ייי=k5Êייי™˜›T€‡YS•JCxIAWg'T”Ht₪YS•G€…¥™‘™3l4ֻייי™™µHu•0€YQt₪
KQ…¥₪¨JAu•0€YTxZY˜™<m4ֻייי™˜›S§……—„§ˆ€yqWgP€W'W—yxIyX…zs¥™‘™1n4ֻייי™˜›YQuE•ח₪‡„¥ˆ…•„‡₪ח¥0€RWYY‹Y‘ייי:o4ֻייי‰™µ8YYs¥ˆx{HxAWwqTqt₪—…¥0€xzS€…¥™ייי8p3ּייי™˜›TXYxYYsGG‡”¥p€P€YYIsGG
YˆYyTp€ZY‘ייי@q3ּייי™˜›Q(uyxY
THAt$tTP€ˆƒˆ@€T$t$t„H•…§…‚€ZY‘ייי@r3ּייי™˜›Q€yxAuˆ‹YˆAt„BEˆˆ€P€ˆT$t„AHˆµ˜…AG—€ZY‘יייAs3ּייי™˜›YˆzAu€XS$t„BE€€p€T$t„D@€XRQt”‡˜µ™‘™Bt3ּייי™˜›Qqt”—‡€€‡AG—qu…ˆƒWXˆXXqG—„p€x‡₪‡ˆZY‘ייי>u3ּייי™›‘XˆHJxHx‚ˆˆzIxGXWP€…AG‡₪‡˜'AG—”ˆY¹‘™?v3ּייי™›•P€t´IHt€‡AG‡₪‡ru€@up‚…rtqt”—„G€‡IAt´W›‘ייי4w2ֽייי©›•P€tה₪—”HJRGAG7EzrTqt4tYYAt„—ה´W›‘ייי™7x2ֽייי©¡™E·ה„HAttP€TyAtZXAt„wEBGHAtה{t˜<y2ֽיייÙ˜‘XˆZZ|At„XX…BGHCWT„BGXQXQt„KJ{Qxˆ˜‘יייֹ1z2ֽיייÙ±^]{TuxqGBGAG'G‡ˆ€Hu¥׳ו%€ Q¡יייÙ5{2ֽיייי™!P€…ו•wWWX‚HI{IyB€‡€…uu^YXˆˆQ‘™=|2ֽיייי™!P€	€…ױGWP €ƒ€Tstt„'GCEuuױˆ €Q‘™4}2ֽיייי™•¨ƒ€€‰‰]ˆuHGtTTt„%pˆY
ˆ€‚€‰‰X™7~2ֽיייי™ikQ€‰‰ˆR
W‡…”HAT„…—
€QX
ˆ…¥¦‘™72ֽיייי™Y[jX€ˆˆ•‡…'WNHrWQWYQˆ €Y[jQיייי7€2ֽיייי™ikQ€‰‰ˆR
W‡…”HAT„…—
€QX
ˆ…¥¦‘™42ֽיייי™•¨ƒ€€‰‰]ˆuHGtTTt„%pˆY
ˆ€‚€‰‰X™=‚2ֽיייי™!P€	€…ױGWP €ƒ€Tstt„'GCEuuױˆ €Q‘™5ƒ2ֽיייי™!P€…ו•wWWX‚HI{IyB€‡€…uu^YXˆˆQ‘™1„2ֽיייÙ±^]{TuxqGBGAG'G‡ˆ€Hu¥׳ו%€ Q¡יייÙ<…2ֽיייÙ˜‘XˆZZ|At„XX…BGHCWT„BGXQXQt„KJ{Qxˆ˜‘יייֹ7†2ֽייי©¡™E·ה„HAttP€TyAtZXAt„wEBGHAtה{t˜4‡2ֽייי©›•P€tה₪—”HJRGAG7EzrTqt4tYYAt„—ה´W›‘ייי™?ˆ3ּייי™›•P€t´IHt€‡AG‡₪‡ru€@up‚…rtqt”—„G€‡IAt´W›‘ייי>‰3ּייי™›‘XˆHJxHx‚ˆˆzIxGXWP€…AG‡₪‡˜'AG—”ˆY¹‘™B3ּייי™˜›Qqt”—‡€€‡AG—qu…ˆƒWXˆXXqG—„p€x‡₪‡ˆZY‘יייA‹3ּייי™˜›YˆzAu€XS$t„BE€€p€T$t„D@€XRQt”‡˜µ™‘™@3ּייי™˜›Q€yxAuˆ‹YˆAt„BEˆˆ€P€ˆT$t„AHˆµ˜…AG—€ZY‘ייי@3ּייי™˜›Q(uyxY
THAt$tTP€ˆƒˆ@€T$t$t„H•…§…‚€ZY‘ייי83ּייי™˜›TXYxYYsGG‡”¥p€P€YYIsGG
YˆYyTp€ZY‘ייי:4ֻייי‰™µ8YYs¥ˆx{HxAWwqTqt₪—…¥0€xzS€…¥™ייי14ֻייי™˜›YQuE•ח₪‡„¥ˆ…•„‡₪ח¥0€RWYY‹Y‘ייי<‘4ֻייי™˜›S§……—„§ˆ€yqWgP€W'W—yxIyX…zs¥™‘™3’4ֻייי™™µHu•0€YQt₪
KQ…¥₪¨JAu•0€YTxZY˜™=“5Êייי™˜›T€‡YS•JCxIAWg'T”Ht₪YS•G€…¥™‘™;”5Êייי™˜›X§0€QW‡₪‡xyIU…”—…€qt”—…0€zqZY‘ייי6•5Êייי™™µHtD€…x{H{S€‡—…ˆys€…¥‡´—…8EG€…¥™ייי™:–6ֹייי™˜›Q€ t$€RWIJ|TBGVXRWEGµ§₪QP „$p …¥™‘™2—6ֹייי™˜›Y‰y‰yH~QˆBGVXRWBGˆױ‡”—˜—˜µ™‘™3˜6ֹייי™™ױ—$t$t”‡וHAu%€€RWHAp …ױ‡₪CGG‡ױ™ייי™6™7ָייי™˜QW‡„AG‡ֵxHAuˆQt„w[YxAtx~QY‰‘™-7ָייי™˜Y]{Y€€‡IAue%t”g€€€€µ׳ו•™‘™8›7ָייי™˜YTEGBGQP˜ € t”VP€€RWIAp0€ˆQtTtT^XY‘ייי68ַייי‰˜XUEEt4€ˆ
Qt”QXˆˆˆQt”YX‚FGTT^QY‰68ַייי‰™ו‘%G‡
Qu•IAu%€ P …%t”YQu
‡‡$Qו™ייי9`ייי‰˜!a!E5tˆu•ח„WP€P€…AG׳¥ˆ‚GRTֶ˜‘ייי	29ֶייי‰›YxAuzyAt„QXˆˆˆQt„HKxQtxy[’‘ 9^ייי‰¡¹+ _ !•¥‡„RWQWHAt$u%€@VP …%t$t„‡…RWAGZQ‘ ¡ֶ¹¡ייי	¡:]ייי©ׁ(¡^¡Z[xQu…‡„BGWXVX …%t$tqu…QW§µ	¡¢ֵׁייי©¢:Zיייי#¢]¢‰ֵ8yzQt₪QP`…e€RWJAu•§8[X‘¢¥ֵיייי£;[יייי&£]¢˜Q€€ˆYYyAuVX%t„—¥€€[Y£₪ִיייי	₪;\יייי	₪]¢˜Z‰‹yAuˆƒVXˆ…HKx‰
Y	₪£ִיייי	+¥<ֳיייי)‰וˆ€‡§ˆpVVP‡§ˆ €QY‰*¦=ֲיייי˜ZQ˜ˆ‰€€Uee€€˜‰ו•™%§=ֲיייי˜]X¨Ueeוֵ™$¨>ֱיייÙ™וו•……QeaXQ€€^^XY˜©?ְיייÙ^Y^^Y^‘יייֹ×@¿יייֹ˜Y[‘יY^™‘ייי¹«@¿יייֹ¡י™ו¹‘©וי™¡יייֹ¬A¾ייייֱיZ[‘י›^‘‘±יייי­B½יייי©¡יֹ‘י®C¼ייייֹ¡י™‘י‰¡ייייֹ¯C¼ייייי‘י©°D»ייייי™בי¹בייייי™±E÷יייייייייייייי¹²F¹יייייייייייייי™³G¸יייייייייייייי	´H·יייייייייייייÙµH·יייייייייייייÙ¶I¶ייייייייייייי¹·K´ייייייייייייי	¸L³ייייייייייייÙ¹M²יייייייייייי¹÷N±יייייייייייי™»O°יייייייייייי	¼Q®ייייייייייי¹½R­ייייייייייי™¾S¬ייייייייייי	¿U×יייייייייי¹ְV©יייייייייי™ֱW¨יייייייייי	ֲY¦ייייייייי¹ֳZ¥ייייייייי™ִ\£ייייייייÙֵ^¡יייייייי™ֶaייייייי¹ַcייייייי	ָf™יייייי™
ֹi–ייייי¹	Êl“ייייÙֻpיייÙּwˆיי	™™™