BMAPBOLO~sÿ2€sÿ2s~ÿ2s€ÿ2‹~ÿ2‹€ÿ2~‹ÿ2€‹ÿ2{ƒÿ2ƒƒÿ2{{ÿ2ƒ{ÿ2oÿ2oÿ2ÿ2ÿ2nÿZZZxÿZZZxÿZZZnÿZZZ†ÿZZZÿZZZ†ÿZZZÿZZZvÿZZZqˆÿZZZˆÿZZZˆÿZZZvÿZZZˆqÿZZZvqÿZZZqvÿZZZnnn
n)éé	)É„™„¹)¹TT”RT™)©tTEEI)™4PTTTTPT)‰DTTDPTTTT)‰DPTDTTTPT)YEEDEEEEI	)YEDEEEEI	 )‰$TDPTTTT‘™!)™”5EEEI")©DPTTTT™#)©DTTDPT‘™$)™TPT””TRT%)™TTT˜–ET&)©4Tš‘E%I	
')¹œ˜I()éég}‚¸
hx‡µXPXZPiv‰å%å
jt‹å•^QU
kråµ^ZP
lqŽåÅ^[Pmpå…„Õ„åPnpå¤…”…¤åoqŽµ¤NAt”µpmoPpr…´IIzAt¤Pp’Pqlp¥qr¤JM{At”q“¥rk”Å”‡Ä×Ä‡”Åsk”Å„IAt„JAt„IAt[Ptj•Å„II~IIzAt[Puj•Å„HI{I{IyAt[Pvi–Å„HI{K{IyAt[Pwi–Å´·”JAt„·´Åxh—Å´—qtqt¤‡„‡x{LPyh—Å„HAt´AA„KAt„AEµzh—µ„NLAäÄAE¥{h—µä”‡„BABAAGNHKP|h—Õ„—”‡„HA„AGHIxMP}g˜ˆÅ„‡”LIAt„‡„Å€~g˜[XIxHxA„¸”AGAG‡„Åg˜
TxxHxJ˜HxIxAP €g˜[XIxHxA„¸”AGAG‡„Åg˜ˆÅ„‡”LIAt„‡„Å€‚h—Õ„—”‡„HA„AGHIxMPƒh—µä”‡„BABAAGNHKP„h—µ„NLAäÄAE¥…h—Å„HAt´AA„KAt„AEµ†h—Å´—qtqt¤‡„‡x{LP‡i–Å´·”JAt„·´Åˆi–Å„HI{K{IyAt[P‰j•Å„HI{I{IyAt[PŠj•Å„II~IIzAt[P‹k”Å„IAt„JAt„IAt[PŒk”Å”‡Ä×Ä‡”Ålp¥r¤JM{At”“¥ŽmoPŽr…´IIzAt¤PŽ’PqŽµ¤NAt”µpå¤…”…¤å‘på…„Õ„åP
’qŽåÅ^[P
“råµ^ZP
”t‹å•^QU•v‰å%å
–x‡µXPXZP—}‚¸ÛÛíéé	ÜÛíÉ„™„¹ÝÛí¹TT”RT™ÞÛí©tTEEIßÛí™4PTTTTPTàÛí‰DTTDPTTTTáÛí‰DPTDTTTPTâÛíYEEDEEEEI	ãÛíYEDEEEEI	äÛí‰$TDPTTTT‘™åÛí™”5EEEIæÛí©DPTTTT™çÛí©DTTDPT‘™èÛí™TPT””TRTéÛí™TTT˜–ETêÛí©4Tš‘E%I	
ëÛí¹œ˜IìÛíéé™™™