BMAPBOLOvzÿ2zvÿ2„vÿ2ˆzÿ2ˆ„ÿ2„ˆÿ2zˆÿ2v„ÿ2mÿ2lÿ2’ÿ2‘ÿ2mÿ2lÿ2’ÿ2‘ÿ2vvÿZZZˆvÿZZZvˆÿZZZˆˆÿZZZlqÿZZZqlÿZZZlÿZZZ’qÿZZZ’ÿZZZ’ÿZZZq’ÿZZZlÿZZZkÿZZZkÿZZZ“ÿZZZ“ÿZZZjj”j
””j”Kx‡áÑLsŒ±äÔ±Mp‘äää
Nm’‘äääÔ‘Ok”ääää´Ph—‘äääääQg˜NNLQ±ääRezä´ÁR{|R}~R€R‚Rƒ„	R…šÁä´Scuä¤¡Svy!‘Sz}!‘S~!QS‚…!‘S†‰!‘	SŠœ¡ä¤	TbrNHJTstTuvTwxTyzT{|T}~T€T‚Tƒ„T…†T‡ˆT‰ŠT‹ŒT¡ä”
UaoNAAUps!‘Utw!‘Ux{!‘U|ƒa‘Q‘U„‡!‘Uˆ‹!‘UŒ!‘Už‘ä„	V_läVmnVopVqrVstVuvVwxVyzV{|V}~V€V‚Vƒ„V…†V‡ˆV‰ŠV‹ŒVŽVV‘’	V“ ä	W^mNI‘Wnq!‘Wru!‘Wvy!‘Wz}!‘W~!QW‚…!‘W†‰!‘WŠ!‘WŽ‘!‘
W’¡!‘äX]hMAXijXklXmnXopXqrXstXuvXwxXyzX{|X}~X€X‚Xƒ„X…†X‡ˆX‰ŠX‹ŒXŽXX‘’X“”X•–X—¢äY\gMAYhk!‘Ylo!‘Yps!‘Ytw!‘Yx{!‘Y|ƒa‘Q‘Y„‡!‘Yˆ‹!‘YŒ!‘Y“!‘Y”—!‘Y˜£äZ[fMAZghZijZklZmnZopZqrZstZuvZwxZyzZ{|Z}~Z€Z‚Zƒ„Z…†Z‡ˆZ‰ŠZ‹ŒZŽZZ‘’Z“”Z•–Z—˜Z™¤ä[ZeLI[fi!‘[jm!‘[nq!‘[ru!‘[vy!‘[z}!‘[~!Q[‚…!‘[†‰!‘[Š!‘[Ž‘!‘[’•!‘[–™!‘[š¥‘Ô\YbL@\cd\ef\gh\ij\kl\mn\op\qr\st\wx\z…µZP\‡ˆ\‹Œ\Ž\\‘’\“”\•–\—˜\™š\›œ\¦L@	]XcLB]dg!‘]hk!‘]lo!‘]ps!‘
]uŠå…^PP]Œ!‘]“!‘]”—!‘]˜›!‘	]œ§1‘L@^W`L@^ab^cd^ef^gh^ij^kl^mn^op^qr
^sŒå¥^YP^Ž^^‘’^“”^•–^—˜^™š^›œ^ž^Ÿ¨L@	_VaLB_be!‘_fi!‘_jm!‘_n‘!•åÅ^\Q‘_’•!‘_–™!‘_š!‘	_ž©1‘L@`V^K@`_``ab`cd`ef`gh`ij`kl
`n‘åå%åå`“”`•–`—˜`™š`›œ`ž`Ÿ `¡©K@	aU_KBa`c!‘adg!‘ahk!‘am’åå…^^PPa”—!‘a˜›!‘aœŸ!‘	a ª1‘K@bT\K@b]^b_`babbcdbefbghbijbk”åå¥^^YPb•–b—˜b™šb›œbžbŸ b¡¢b£«K@cS]LAc^a!‘cbe!‘cfi!‘cj•ååµ^^ZPc–™!‘cš!‘cž¡!‘c¢¬ÔdS\KAd]^d_`dabdcddefdghdi–ååÅ^^[Pd—˜d™šd›œdždŸ d¡¢d£¬ÄeR[KAe\_!‘e`c!‘edg!‘eh—ååÕ^^\Pe˜›!‘eœŸ!‘e £!‘e¤­ÄfRZJAf[\f]^f_`fabfcdfeffh—ååÕ^^\Pf™šf›œfžfŸ f¡¢f£¤f¥­´gQYK@gZ]!‘g^a!‘gbe!‘gk”ååç^]Pgš!‘gž¡!‘g¢¥!‘g¦®K@hPXK@hYZh[\h]^h_`habhcdhegPhk”å¥„ç·„å¥h˜šPh›œhžhŸ h¡¢h£¤h¥¦h§¯K@	iP[KH‘i\_!‘i`c!‘idg•ik”å…‡„‡„HAtqtquåi˜›•iœŸ!‘i £!‘
i¤¯!‘K@jPXJAjYZj[\j]^j_`jabjcg¥jm’Å„‡„‡„HAtqtqt[Pj˜œ¥jžjŸ j¡¢j£¤j¥¦j§¯´	kOYKBkZ]!‘k^a!‘kbjåkm’µAGJHyH{HxAu¥k•åkž¡!‘k¢¥!‘	k¦°1‘K@lOVJ@lWXlYZl[\l]^l_`lbjåln‘…„JAt´KAt¤AEl•ålŸ l¡¢l£¤l¥¦l§¨l©°J@mNWKAmX[!‘m\_!‘malå•mn‘%tx|At„HAt´—„Pm“žå•m £!‘m¤§!‘m¨±ÄnNVJAnWXnYZn[\n]^n_ ^[YyH~I~HyI~\Pn¡¢n£¤n¥¦n§¨n©±´oNUJ@oVY!‘oZ]!‘o^¡!•å¥‡äx~AG‡äquå¥o¢¥!‘o¦©!‘oª±J@pMVKApWXpYZp[\p]^p_ åµ„AG‡„KAt„KAtxxAt^ZPp¡¢p£¤p¥¦p§¨p©²Ä	qMWJH‘qX[!‘q\£1‘^ZZJxAt´HAt´AG—¤åµ!‘q¤§!‘
q¨²!‘J@rMTJ@rUVrWXrYZr[\r]^r_ å¥—„Ç”‡äqt„Ç„—å¥r¡¢r£¤r¥¦r§¨r©ªr«²J@sLUKAsVY!‘sZ]!‘s^¡å¥”AG—ääÔ§„HNZPs¢¥!‘s¦©!‘sª³ÄtLTJAtUVtWXtYZt[\t^¡å¥”‡”HIxNxyAt„‡”å¥t£¤t¥¦t§¨t©ªt«³´uLSJ@uTW!‘uX[!‘!u]¢å¥—„HAt$t¤ !!1 JAt$t„AG‡å¥u¤§!‘u¨«!‘u¬³J@vLTJAvUVvWXvYZv[\ v]¢å¥—¤‡„IA$!!!$$”AGII~ZPv£¤v¥¦v§¨v©ªv«³´	wLUJBwVY!‘!wZ¥1‘^X^JAtAAxxApBGNINYRw¦©!‘	wª³1‘J@xKTKAxUVxWXxYZx[\!x]¢å•¤BGIAt$”!—‡)”BGIAt$t”å•x£¤x¥¦x§¨x©ªx«´ÄyKRJ@yTW!‘yX[!‘"y]¢å•—¤BGHBAAAG‡„„'„BGII~YPy¤§!‘y¨«!‘y­´J@zKRJ@zSTzUVzWXzYZz[¤^YYzAt$t´IIzA´BGII~ZPz¥¦z§¨z©ªz«¬z­´J@	{KUJH‘{VY!‘{Z¥!•å…‡¤KH	A”—¤HHAt”‡å•{¦©!‘
{ª´!‘J@|KRJ@|ST|UV|WX|YZ |[¤^XXxAtÔ!!IKZH!ÔAG^XP|¥¦|§¨|©ª|«¬|­´J@}KRJ@}TW!‘}X[!‘}\£å•·¤‡„”„Õ”qt”·å•}¤§!‘}¨«!‘}­´J@~KRJ@~ST~UV~WX~YZ~[¤^XX{At¤§Õ·JAt¤‡å•~¥¦~§¨~©ª~«¬~­´J@(K´JGQQQQ5yI{I}[yIyH~	QQQQ5J@€KRJ@€ST€UV€WX€YZ€[¤^XX{At¤§Õ·JAt¤‡å•€¥¦€§¨€©ª€«¬€­´J@KRJ@TW!‘X[!‘\£å•·¤‡„”„Õ”qt”·å•¤§!‘¨«!‘­´J@‚KRJ@‚ST‚UV‚WX‚YZ ‚[¤^XXxAtÔ!!IKZH!ÔAG^XP‚¥¦‚§¨‚©ª‚«¬‚­´J@	ƒKUJH‘ƒVY!‘ƒZ¥!•å…‡¤KH	A”—¤HHAt”‡å•ƒ¦©!‘
ƒª´!‘J@„KRJ@„ST„UV„WX„YZ„[¤^YYzAt$t´IIzA´BGII~ZP„¥¦„§¨„©ª„«¬„­´J@…KRJ@…TW!‘…X[!‘"…]¢å•—¤BGHBAAAG‡„„'„BGII~YP…¤§!‘…¨«!‘…­´J@†KTKA†UV†WX†YZ†[\!†]¢å•¤BGIAt$”!—‡)”BGIAt$t”å•†£¤†¥¦†§¨†©ª†«´Ä	‡LUJB‡VY!‘!‡Z¥1‘^X^JAtAAxxApBGNINYR‡¦©!‘	‡ª³1‘J@ˆLTJAˆUVˆWXˆYZˆ[\ ˆ]¢å¥—¤‡„IA$!!!$$”AGII~ZPˆ£¤ˆ¥¦ˆ§¨ˆ©ªˆ«³´‰LSJ@‰TW!‘‰X[!‘!‰]¢å¥—„HAt$t¤ !!1 JAt$t„AG‡å¥‰¤§!‘‰¨«!‘‰¬³J@ŠLTJAŠUVŠWXŠYZŠ[\Š^¡å¥”‡”HIxNxyAt„‡”å¥Š£¤Š¥¦Š§¨Š©ªŠ«³´‹LUKA‹VY!‘‹Z]!‘‹^¡å¥”AG—ääÔ§„HNZP‹¢¥!‘‹¦©!‘‹ª³ÄŒMTJ@ŒUVŒWXŒYZŒ[\Œ]^Œ_ å¥—„Ç”‡äqt„Ç„—å¥Œ¡¢Œ£¤Œ¥¦Œ§¨Œ©ªŒ«²J@	MWJH‘X[!‘\£1‘^ZZJxAt´HAt´AG—¤åµ!‘¤§!‘
¨²!‘J@ŽMVKAŽWXŽYZŽ[\Ž]^Ž_ åµ„AG‡„KAt„KAtxxAt^ZPŽ¡¢Ž£¤Ž¥¦Ž§¨Ž©²ÄNUJ@VY!‘Z]!‘^¡!•å¥‡äx~AG‡äquå¥¢¥!‘¦©!‘ª±J@NVJAWXYZ[\]^_ ^[YyH~I~HyI~\P¡¢£¤¥¦§¨©±´‘NWKA‘X[!‘‘\_!‘‘alå•‘n‘%tx|At„HAt´—„P‘“žå•‘ £!‘‘¤§!‘‘¨±Ä’OVJ@’WX’YZ’[\’]^’_`’bjå’n‘…„JAt´KAt¤AE’•å’Ÿ ’¡¢’£¤’¥¦’§¨’©°J@	“OYKB“Z]!‘“^a!‘“bjå“m’µAGJHyH{HxAu¥“•å“ž¡!‘“¢¥!‘	“¦°1‘K@”PXJA”YZ”[\”]^”_`”ab”cg¥”m’Å„‡„‡„HAtqtqt[P”˜œ¥”ž”Ÿ ”¡¢”£¤”¥¦”§¯´	•P[KH‘•\_!‘•`c!‘•dg••k”å…‡„‡„HAtqtquå•˜›••œŸ!‘• £!‘
•¤¯!‘K@–PXK@–YZ–[\–]^–_`–ab–cd–egP–k”å¥„ç·„å¥–˜šP–›œ–ž–Ÿ –¡¢–£¤–¥¦–§¯K@—QYK@—Z]!‘—^a!‘—be!‘—k”ååç^]P—š!‘—ž¡!‘—¢¥!‘—¦®K@˜RZJA˜[\˜]^˜_`˜ab˜cd˜ef˜h—ååÕ^^\P˜™š˜›œ˜ž˜Ÿ ˜¡¢˜£¤˜¥­´™R[KA™\_!‘™`c!‘™dg!‘™h—ååÕ^^\P™˜›!‘™œŸ!‘™ £!‘™¤­ÄšS\KAš]^š_`šabšcdšefšghši–ååÅ^^[Pš—˜š™šš›œšžšŸ š¡¢š£¬Ä›S]LA›^a!‘›be!‘›fi!‘›j•ååµ^^ZP›–™!‘›š!‘›ž¡!‘›¢¬ÔœT\K@œ]^œ_`œabœcdœefœghœijœk”åå¥^^YPœ•–œ—˜œ™šœ›œœžœŸ œ¡¢œ£«K@	U_KB`c!‘dg!‘hk!‘m’åå…^^PP”—!‘˜›!‘œŸ!‘	 ª1‘K@žV^K@ž_`žabžcdžefžghžijžkl
žn‘åå%ååž“”ž•–ž—˜ž™šž›œžžžŸ ž¡©K@	ŸVaLBŸbe!‘Ÿfi!‘Ÿjm!‘Ÿn‘!•åÅ^\Q‘Ÿ’•!‘Ÿ–™!‘Ÿš!‘	Ÿž©1‘L@ W`L@ ab cd ef gh ij kl mn op qr
 sŒå¥^YP Ž  ‘’ “” •– —˜ ™š ›œ ž Ÿ¨L@	¡XcLB¡dg!‘¡hk!‘¡lo!‘¡ps!‘
¡uŠå…^PP¡Œ!‘¡“!‘¡”—!‘¡˜›!‘	¡œ§1‘L@¢YbL@¢cd¢ef¢gh¢ij¢kl¢mn¢op¢qr¢st¢wx¢z…µZP¢‡ˆ¢‹Œ¢Ž¢¢‘’¢“”¢•–¢—˜¢™š¢›œ¢¦L@£ZeLI£fi!‘£jm!‘£nq!‘£ru!‘£vy!‘£z}!‘£~!Q£‚…!‘£†‰!‘£Š!‘£Ž‘!‘£’•!‘£–™!‘£š¥‘Ô¤[fMA¤gh¤ij¤kl¤mn¤op¤qr¤st¤uv¤wx¤yz¤{|¤}~¤€¤‚¤ƒ„¤…†¤‡ˆ¤‰Š¤‹Œ¤Ž¤¤‘’¤“”¤•–¤—˜¤™¤ä¥\gMA¥hk!‘¥lo!‘¥ps!‘¥tw!‘¥x{!‘¥|ƒa‘Q‘¥„‡!‘¥ˆ‹!‘¥Œ!‘¥“!‘¥”—!‘¥˜£ä¦]hMA¦ij¦kl¦mn¦op¦qr¦st¦uv¦wx¦yz¦{|¦}~¦€¦‚¦ƒ„¦…†¦‡ˆ¦‰Š¦‹Œ¦Ž¦¦‘’¦“”¦•–¦—¢ä	§^mNI‘§nq!‘§ru!‘§vy!‘§z}!‘§~!Q§‚…!‘§†‰!‘§Š!‘§Ž‘!‘
§’¡!‘ä	¨_lä¨mn¨op¨qr¨st¨uv¨wx¨yz¨{|¨}~¨€¨‚¨ƒ„¨…†¨‡ˆ¨‰Š¨‹Œ¨Ž¨¨‘’	¨“ ä
©aoNAA©ps!‘©tw!‘©x{!‘©|ƒa‘Q‘©„‡!‘©ˆ‹!‘©Œ!‘©ž‘ä„	ªbrNHJªstªuvªwxªyzª{|ª}~ª€ª‚ªƒ„ª…†ª‡ˆª‰Šª‹Œª¡ä”«cuä¤¡«vy!‘«z}!‘«~!Q«‚…!‘«†‰!‘	«Šœ¡ä¤¬ezä´Á¬{|¬}~¬€¬‚¬ƒ„	¬…šÁä´­g˜NNLQ±ää®h—‘äääää¯k”ääää´
°m’‘äääÔ‘±p‘äää²sŒ±äÔ±³x‡áÑ™™™