BMAPBOLOlÿ2€lÿ2’ÿ2’€ÿ2’ÿ2~’ÿ2lÿ2l~ÿ2~mÿ2m€ÿ2‘~ÿ2€‘ÿ2x†ÿ2††ÿ2xxÿ2†xÿ2qkÿZZZkqÿZZZtyÿZZZ…tÿZZZŠyÿZZZytÿZZZkÿZZZq“ÿZZZ“ÿZZZ“ÿZZZŠ…ÿZZZt…ÿZZZyŠÿZZZ…ŠÿZZZkÿZZZ“qÿZZZln’lnnll’n’	’)éé	)É„™„¹)¹TT”RT™)©tTEEI)™4PTTTTPT)‰DTTDPTTTT)‰DPTDTTTPT)YEEDEEEEI	)YEDEEEEI	 )‰$TDPTTTT‘™!)™”5EEEI")©DPTTTT™#)©DTTDPT‘™$)™TPT””TRT%)™TTT˜–ET&)©4Tš‘E%I	
')¹œ˜I()éé`uy¥`†Š¥ar|åPaƒåPbp~µ§µbµ§µ	cn¥—¥—•	c€‘•—¥—¥dl“¥‡å…‡•‡å…‡¥ek”•‡µ§µµ§µ‡•fj••YYzY}YzYzQuPgj•…XX~XXsPW^QWXQuhk”¥^[SuuåµYPik”•^]QåÕQUjfhPjl“å¥¤‡•‡¤å¥j—™Pkejµkm’¥”LM}AT„¥k•šµldk•QUloNBGNAtäpl”›•QUmdl…ZPmm’qtqtqtäÄ‡„‡„‡m“›µPP
ncl…XQunm’IHxHzHyHzHxHz@p
n“œ…XQuocœ…RWXX~LM~LHyQu%upb…RWY^JHzIzH~JJQu%uqb…RWX\H{HzIzH{H|IQu%uraž…RWYXHxH~H{H~HxHxJQu%usaž…RWYXH|HzH{HzH|HxJQu%utaž…RWZ^IxAt”—¤AG‡äµRWPPu`Ÿ…RWZ^IyAt”—¤HI~KQu%u v`Ÿ…RWZXHzH|HxAtqt´‡¤‡„µRWPP!w`Ÿ…RWZXH~HxHxAtqtqtÔ‡„µRWPPx`Ÿ…RWY\H{HyA„$t$„„‡´‡Ä¥RWPPyaž…RWX\HxH~BGNHxH|IQu%uzaž…RWXXAtä¤‡Ô‡ä´AE…RWPP{až…RWX^HxHxHxYHXxHxH~IQu%u,|b…RWQWAGAGAG'„XYIXA‡AGAGAGRWRWPP}b…RWQWAGNHJQE•ä”‡„‡…RWPP~cœ…RWRWHIxH}K]HxIyAu%u%d›uyIxLzIZLxIyGu€cœ…RWRWHIxH}K]HxIyAu%u%b…RWQWAGNHJQE•ä”‡„‡…RWPP,‚b…RWQWAGAGAG'„XYIXA‡AGAGAGRWRWPPƒaž…RWX^HxHxHxYHXxHxH~IQu%u„až…RWXXAtä¤‡Ô‡ä´AE…RWPP…až…RWX\HxH~BGNHxH|IQu%u†`Ÿ…RWY\H{HyA„$t$„„‡´‡Ä¥RWPP!‡`Ÿ…RWZXH~HxHxAtqtqtÔ‡„µRWPP ˆ`Ÿ…RWZXHzH|HxAtqt´‡¤‡„µRWPP‰`Ÿ…RWZ^IyAt”—¤HI~KQu%uŠaž…RWZ^IxAt”—¤AG‡äµRWPP‹až…RWYXH|HzH{HzH|HxJQu%uŒaž…RWYXHxH~H{H~HxHxJQu%ub…RWX\H{HzIzH{H|IQu%uŽb…RWY^JHzIzH~JJQu%ucœ…RWXX~LM~LHyQu%u
cl…XQum’IHxHzHyHzHxHz@p
“œ…XQu‘dl…ZP‘m’qtqtqtäÄ‡„‡„‡‘“›µPP’dk•QU’oNBGNAtäp’”›•QU“ejµ“m’¥”LM}AT„¥“•šµ”fhP”l“å¥¤‡•‡¤å¥”—™P•k”•^]QåÕQU–k”¥^[SuuåµYP—j•…XX~XXsPW^QWXQu˜j••YYzY}YzYzQuP™k”•‡µ§µµ§µ‡•šl“¥‡å…‡•‡å…‡¥	›n¥—¥—•	›€‘•—¥—¥œp~µ§µœµ§µr|åPƒåPžuy¥ž†Š¥ÛÛíéé	ÜÛíÉ„™„¹ÝÛí¹TT”RT™ÞÛí©tTEEIßÛí™4PTTTTPTàÛí‰DTTDPTTTTáÛí‰DPTDTTTPTâÛíYEEDEEEEI	ãÛíYEDEEEEI	äÛí‰$TDPTTTT‘™åÛí™”5EEEIæÛí©DPTTTT™çÛí©DTTDPT‘™èÛí™TPT””TRTéÛí™TTT˜–ETêÛí©4Tš‘E%I	
ëÛí¹œ˜IìÛíéé™™™