BMAPBOLOМЪ 2СЯ 2qЪ 2lЯ 2l║ 2q┐ 2М┐ 2С║ 2y░ 2{▓ 2В▓ 2Д░ 2Дй 2Вз 2yй 2{з 2uл ZZZuо ZZZИл ZZZИо ZZZА╢ ZZZ}╢ ZZZ}г ZZZАг ZZZlЪ ZZZСЪ ZZZС┐ ZZZl┐ ZZZА└ ZZZТл ZZZkо ZZZ}Щ ZZZp╗Н╗pЮНЮ
ТeЩссссссбУdЪсссссс┴ФdЪБххххххЕХdЪБххххххЕЦdЪБххххххЕЧdЪБххххххЕШdЪБерАчЧ~qpрYQЩdЪБеMAчЗ~rpMAХЪdЪБеNAGччЧфДYQЫdЪБеMB~rp~r@MAХЬdЪБеHKфДNB@AХ
ЭdoБеH@ЭrМ!╒ФAE╒ЭПЪHAХ
ЮdoБеH@ЮrМБхХ^QQЮПЪHAХ
ЯdoБеH@ЯrМБхХ^QQЯПЪHAХаdЪБеHLNQ┼Ф┴ФYQбdЪБеА
NQ┼ФбРХвdЪБеЗФХ┤╡─╡┤ХФЗегdЪБезXYBtZ\KRGHIQGЧедdЪБезX^NNHIQGЧееdЪБез\RGLA┤'E┼yzQжdЪБез\^B@MMQGЧезdЪБез\^B@MMQGЧеиdЪБез\]Ct╘╒yzQйdЪБез\[AtДBGJMQGЧекdЪБезДефDtфYXJzQлdЪБезДефФPGGKJXJzQмdЪБеА	NфYXJzQнdЪБезДефДрHMpYQоdЪБезДе─WG@NHJXJzQпdЪБезДефД0GNJXJzQ░dЪБез\[At$ДJMQGЧе▒dЪБез\^Ct─╒yzQ▓dЪБез\^Aф╒yzQ│dЪБез\^Aф╒yzQ┤dЪБез\RGKA─'E┼yzQ╡dЪБезX^NNHIQGЧе╢dЪБезXYBtZ\KRGHIQGЧе╖dЪБеЗФХ┤╡─╡┤ХФЗе╕dЪБеА
MQ╒ФбРХ╣dЪБеHLMQ╒Ф┴ФYQ
║doБеH@║rМБхЕ^XQ║ПЪHAХ
╗doБеH@╗rМБхЕ^XQ╗ПЪHAХ
╝doБеH@╝rМ!╒ДHNQ╝ПЪHAХ╜dЪБеHKф$фДAХ╛dЪБеMB~qч7@MAХ┐dЪБеNAGччЧфДYQ└dЪБеMAч'чЗMAХ┴dЪБерАчЗ~x~
Q┬dЪБххххххЕ├dЪБххххххЕ─dЪБххххххЕ┼dЪБххххххЕ╞dЪсссссс┴╟eЩссссссбЩЩЩ