BMAPBOLOxxÿ2p“ÿ2sÿ2f~ÿ2†ÿ2{ÿ2w~ÿ2g}ÿ2|„ÿ2p{ÿ2j‚ÿ2{uÿ2o„ÿ2…Šÿ2„‹ÿ2tŠÿ2}|ÿZZZ‰ˆÿZZZ`ÿZZZuvÿZZZ‡ƒÿZZZd…ÿZZZ’‡ÿZZZnŒÿZZZb€ÿZZZ‹xÿZZZv’ÿZZZhÿZZZYÿZZZ}†ÿZZZƒxÿZZZn‚ÿZZZ—†	\\‘–…	]’x	TŽv	Uƒw	T‚—‡	iko¥jis…€Å
khw(ålf{…‰å¥me•‚ƒ‚€^]Pndƒµ‰åå•ob‡Õ‚ƒ‚€^^\Ppa‹å%˜^^^QQq_‹å•‚ƒ‚€^^QW‡¤r^‹åµ‰å¥·„I@s\ŒåÕ‚ƒ‚€\[~At”t[Œåå%˜QW·¤—…BGI@uZåå…‚xyHtttYQt$t”vXåå…‡‚qt„”AE•BGI@wWŽåÅ·€’€qt„DttQT$t$t”!xUŽå•·(!RztGEBGAGBGBGI@yS\[{AP@GG)-AtdTtt$t4WBGI@ zSII{IVGEGHHX.HCtT$tqu%t$t”&{SIAtquµGEGGEIBRQW—„UGGAE•BGI@&|TIAt$uµ7GHAt„HC%%HCtt”AE•BGI@"}T‘IAt$u…·¤wGGT)!t¤ICttYQt$t”%~U‘IAtyxHvGEGHETrJEttT$tYQt$t”#U’IAtxzHxFTttSTr‚´…„EG@€¥BGI@%€V’IAt$t´wGEGHBTqt$t„UTtt
Qt$t”'V“IAt$t´‡„uGGEuG!%qu%t”CGEBGBGI@'‚W“IAt$t”—$t„HBtqrQW—tttTsGT„BGI@'ƒW”IAtqtxxZDTtutrExvGEEHAt”…BGI@&„X”IAt$u%tWTtTT„MAt„eEGEBGRWBGI@%…X•IAt$uIAt„eEGG‡…D'GWGEIHYxHxAt”%†Y•IAt$t„uttTsGG—…‚‡$t„HBtxzAt$t”(‡Y–IAt$tSTt$T”QWWRtudttTqt´BGI@%ˆZ–IAt$u•„GGE%t„AG7EHGtTtt´BGI@$‰Z—IAt$u•DtTQT¤’'EuGGEAGIIxAt”%Š[—IAt$u•„FEGGJH%tT„gEGGAG—„I@"‹[˜IAt$u•„7GIAt¤)'Ettt”·•BGI@%Œ\˜IAt$u•„ICtt„…2RHAt„HCtuµBGI@$\™IAt$u•„WGEAG—…"T”…dttT$uµ‡„I@"Ž]™IAt$uqt$tDTtä!%HFtTtX[Iz@]™IAt4uBGFGGEBGLJ(sG@ T¤·Õ!^—IAt$tqt$tTTtzx!R‚z~YP‘^•IAt$tQTDttHHq ((~\P’_”IAt$u•„HI	Hq  quåå“_“IAt$u•„WGG„—‚ˆ^^QU”`‘IAt$uxzMrP‰åå•`IAtÔ·Õ‚ƒ‚€^\P–aŽIAtz~[Q˜^ZP—aII~^XQ(8(åP˜a‹^^^RP‰å™eŠååÕ‚ƒ‚€\Pši‰åå¥‰µ›m‡åå‚ƒ‚€QUœq†åµ‰
u„å%žyƒÅ€PŸ}¥™™™