BMAPBOLOxxÿ2p“ÿ2sÿ2f~ÿ2†ÿ2{ÿ2w~ÿ2g}ÿ2|„ÿ2p{ÿ2j‚ÿ2{uÿ2o„ÿ2…Šÿ2„‹ÿ2tŠÿ2}|ÿZZZ‰ˆÿZZZ`ÿZZZuvÿZZZ‡ƒÿZZZd…ÿZZZ’‡ÿZZZnŒÿZZZb€ÿZZZ‹xÿZZZv’ÿZZZhÿZZZYÿZZZ}†ÿZZZƒxÿZZZn‚ÿZZZ—†	\\‘–…	]’x	TŽv	Uƒw	T‚—‡	iko¥jis…€Å
khw(ålf{…‰å¥me•‚ƒ‚€^]Pndƒµ‰åå•ob‡Õ‚ƒ‚€^^\Ppa‹å%˜^^^QQq_‹å•‚ƒ‚€^^QW‡¤r^‹åµ‰å¥·„I@s\ŒåÕ‚ƒ‚€\[~At”t[Œåå%˜QW·¤—…BGI@uZåå……xyHtttYQt$t”vXåå…‡6!qt„”AE•BGI@wWŽåÅ·€!  gHApDGGAEBGBGI@xUŽå•·b56·DtT$tqt$t$t” yS\[{AP@GG'b"4ÄFEGGBGCEt$t”!zSII{IVGEGHHRbNDGEBGAGRWBGI@&{SIAtquµGEGGEIBvQW—„UGGAE•BGI@&|TIAt$uµ7GHAt„HC'eHCtt”AE•BGI@#}T‘IAt$u…·¤GGG'B‚&t¤ICttYQt$t”%~U‘IAtyxHvGEGHGtrd¤WGEBGAE•BGI@$U’IAtxzHxFTttstr"d¤…„EG@€¥BGI@%€V’IAt$t´wGEGHBtqt$t„UTtt
Qt$t”'V“IAt$t´‡„eGGGgG!equ%t”CGEBGBGI@&‚W“IAt$t”—$t„HBtsv%ywGGGG4uHAt$t”'ƒW”IAtqtxxZDttutsExvGGEHAt”…BGI@&„X”IAt$u%tWTtTt„MAt„gEGEBGRWBGI@%…X•IAt$uIAt„eGGG‡…D7GWGGIHYxHxAt”&†Y•IAt$t„utttsGG—…"g7GHAt„'G‡¤BGI@(‡Y–IAt$tSTt$t”QWVVtwtttTqt´BGI@%ˆZ–IAt$u•„GGE%t„AG7GHGtTtt´BGI@%‰Z—IAt$u•DtTQT¤#'GwGGEAGIIxAt”%Š[—IAt$u•„FEGGJGbtt„gEGGAG—„I@#‹[˜IAt$u•„7GIAt¤'b‚uttt”·•BGI@%Œ\˜IAt$u•„ICtt„…6rHAt„HCtuµBGI@$\™IAt$u•„WGEAG—…&t”…dttT$uµ‡„I@!Ž]™IAt$uqt$tDTtä4&QT„gEGE…´—¤ ]™IAt4uBGFGGEBGLA2"gGG@ T¤·Õ ^—IAt$tqt$tTTtzwcS&pA@ W§å•‘^•IAt$tQTDttHHq`"&§åÅ’_”IAt$u•„HI	Hq`@g^^PP“_“IAt$u•„WGG„—…ˆ^^QU”`‘IAt$uxzMrP‰åå•`IAtÔ·Õ‚ƒ‚€^\P–aŽIAtz~[Q˜^ZP—aII~^XQ(8(åP˜a‹^^^RP‰å™eŠååÕ‚ƒ‚€\Pši‰åå¥‰µ›m‡åå‚ƒ‚€QUœq†åµ‰
u„å%žyƒÅ€PŸ}¥™™™