BMAPBOLOwwÿ2‡wÿ2w‡ÿ2–~ÿ2~hÿ2xÿ2zÿ2xÿ2zÿ2†ÿ2„ÿ2†ÿ2„ÿ2‡‡ÿ2€–ÿ2h€ÿ2}zÿZZZz}ÿZZZzÿZZZ}„ÿZZZ„}ÿZZZzÿZZZttÿZZZ~–ÿZZZh~ÿZZZ„ÿZZZ„ÿZZZŠtÿZZZŠŠÿZZZtŠÿZZZ–€ÿZZZ€hÿZZZnnnn
c{„å	dwˆ¥çYPet‹•§åyyPfr…—ååxqUgp…‡Õä\XqUhoqu¥ääZXpPin‘„¥ääÔ¥@jm’”!TäåNBQADkl“¤NAEåä„I@lk”´
NQT”ÀJ@mjm”mpHQPA@°m’•”nim¤npQPÀ‡ˆ6v‡Pn’–¤ohmI@oqŽå„†v‚€]Qo’—¤pgo5upr]QHgh(Õp˜±%u
qgp%u%@ Qqr|rP„†vƒ€WÇ
q˜!P E%urf™%uA@ Q‘å„†v‚€]ZPAE%u sf™%uA@€…'T´7P††ˆ0WKBWQP€„…Pteš%uHIRuKBu	`%t´%u	HQuueš%uHIRuKAu•0€YQt´%u	HQu"veš%uHIRuHA$u•0€YQt$„%u	HQuwd›%uKA5uKKy|BWRPKHQuxd›%uKA5uNNNBWRPKHQuyd›%uJHRuz~MKrWQPJHQuzd›%uJB]QtäÄ]RpJHQu{cœ%uHJQp°…NLAuu•”…P|cœ%uHJ\%täÄRP‹ŠYHQu}cœ%uHJ\%t´ÄRP‹ŠYHQu~cœ%uHJ\jH€JJjYHQucœ%uHJ[xh¤P†€JAag§¥”…P€cœ%uHJ\jH€JJjYHQucœ%uHJ\%t´ÄRP‹ŠYHQu‚cœ%uHJ\%täÄRP‹ŠYHQuƒcœ%uHJQp°…NLAuu•”…P„d›%uJB]QtäÄ]RpJHQu…d›%uJHRuz~MKrWQPJHQu†d›%uKA5uNNNBWRPKHQu‡d›%uKA5uKKy|BWRPKHQu"ˆeš%uHIRuHA$u•0€YQt$„%u	HQu‰eš%uHIRuKAu•0€YQt´%u	HQuŠeš%uHIRuKBu	`%t´%u	HQu ‹f™%uA@€…'T´7P††ˆ0WKBWQP€„…PŒf™%uA@ Q‘å„†v‚€]ZPAE%u
gp%u%@ Qr|rP„†vƒ€WÇ
˜!P E%uŽgo5uŽr]QHgh(ÕŽ˜±%uhmI@qŽå„†v‚€]Q’—¤im¤pQPÀ‡ˆ6v‡P’–¤‘jm”‘pHQPA@°‘’•”’k”´
NQT”ÀJ@“l“¤NAEåä„I@”m’”!TäåNBQAD•n‘„¥ääÔ¥@–oqu¥ääZXpP—p…‡Õä\XqU˜r…—ååxqU™t‹•§åyyP	šwˆ¥çYP›{„å™™™