BMAPBOLO„zÿ2zzÿ2z„ÿ2„„ÿ2€ÿ2~ÿ2q~ÿ2q€ÿ2~qÿ2€qÿ2~ÿ2€ÿ2gÿZZZgÿZZZ—ÿZZZ—ÿZZZ˜“ÿZZZ”—ÿZZZj—ÿZZZf“ÿZZZ‡‡ÿZZZw‡ÿZZZwwÿZZZ‡wÿZZZjgÿZZZfkÿZZZ”gÿZZZ˜kÿZZZf˜˜˜˜f
ffS€T~•U}‚µV|ƒױW{„וXz…ו•Yx‡וױZv‰וו•[t‹ווױ\rווו•]pוווױ	^n‘וווו•	_l“ווווױ
`j•ווווו•
ai–וווווµbh—ווױ^^\Pchicj•ווµ^^ZPc–—dj•ווµ^^ZPei–ווֵ^^[Pfh—ווױ^^\Pgg˜₪HAT„HAT„LAT„HAT„HAT”hbdPhf™NNMAtההװh›PiacPie…הההNNMAUiPj`ױהההNNMMPk`ֵ$TההִNNLBT[Pl_ והההNNMNPm_ והההNNMNPn^¡וNNMAtההװוo^¡ו…ההװNNLNQUp]¢ו…ההװ—ההװוPq]¢ו…ההִW@GNNKNQUr\£ו•הה´—x~NKNYPs\£ו¥הה”§y~NINZPt[₪ו¥הה”·z~NINZPu[₪ו¥הה„ַ{~NHNZPvZ¥וµהה|qWַהה^ZPwZ¥וֵההַ•ַההוֵxY¦וֵהװ‡yuTTW—qtהִוֵyY¦וֵהִ§suE…$W'—הִוֵzX§וױה´ַ4TZSEG·ה´וױ{W¨ווNHMrT\RE|~IN^PP|V©ווNHMsTTXXCTWַה”וו}U×וו…ה„׳%EAE…„…$W׳ה^^PP~T«וו•ה4tzrTZYKREzrGNN^YPS¬וױ°~{YN[rt
]P€T«וו•ה4tzrTZYKREzrGNN^YPU×וו…ה}rTQTXXHRE|~HN^QU‚V©ווNAG׳5EAE…„5E|~IN^PPƒW¨ווNAG׳%Eֵ$Wַה”וו„X§וױה₪׳4TZSEG·ה´וױ…Y¦וֵה´·suE…$W'—הִוֵ†Y¦וֵהִ—yuTTW—qtהִוֵ‡Z¥וֵהִ'G·•ַההוֵˆZ¥וµההח|~NAEו¥‰[₪ו¥הה|q·הה„ו¥[₪ו¥הה„ַz~NINZP‹\£ו¥הה„·y~NINZP\£ו•הה₪§x~NKNYP]¢ו…הה´‡Dtהה´וP]¢ו…ההִ§ההװוP^¡ו…ההװNNLNQU^¡וNNMAtההװו‘_ והההNNMNP’_ והההNNMNP“`ֵ$TההִNNLBT[P”`ױהההNNMMP•acP•e…הההNNMAU•P–bdP–f™NNMAtההװ–›P—g˜₪HAT„HAT„LAT„HAT„HAT”˜h—ווױ^^\P™i–ווֵ^^[Pj•ווµ^^ZP›hi›j•ווµ^^ZP›–—h—ווױ^^\P
i–וווווµ
j•ווווו•	l“ווווױ	 n‘וווו•¡pוווױ¢rווו•£t‹ווױ₪v‰וו•¥x‡וױ¦z…ו•§{„ו¨|ƒױ©}‚µ×~•«€­‰±­”±­•›ֱ®‰®®“”®•–®›¯‰¯¯“”¯›°°”¡°™±‹±“”±˜™²‹²“”²—˜³‰³“”³–—´‰±´”±´•–™™™