BMAPBOLOnÿ2nÿ2’ÿ2’ÿ2nÿ2nÿ2’ÿ2’ÿ2‚‚ÿ2‚~ÿ2~~ÿ2~‚ÿ2€uÿ2‹€ÿ2u€ÿ2€‹ÿ2Š€ÿZZZ€vÿZZZv€ÿZZZ€ŠÿZZZrvÿZZZvrÿZZZŠrÿZZZŽvÿZZZŽŠÿZZZŠŽÿZZZvŽÿZZZrŠÿZZZy‡ÿZZZ‡‡ÿZZZ‡yÿZZZyyÿZZZop‘oppoo
‘p
‘‘cwy€cˆŠ€dvzQXd‡‹QXeu{YP€e€e†ŒYP€ft|[P€f‚(Xf…[P€gs}]P€g~ƒXP€g„Ž]P€hr^X‹XŽQXiq^^^ZP€jp‘^^^\P€kråååµlsŽååå•mtååå
nuŒÕ¤IMPojk	owŠ…äÔPpikPpwŠää”p–˜€qhlQUqqäää”q•™•rgmZPrqäää”r”šµsfn\PsqäääÔs“›Õteo^Ptq”NNLAt@t’œå€udo^PPuq¤NCäI@u’å…vco^QUvq´LA„LAt¤v’žå•wcž^Y]At¤BGB@JAtÄå¥xd^X^AtÄLAtÔå•yeœ^^NBGNNNQXzf›]^IAt¤JAtä„å{gšˆµä´IAt”NJKQˆ|h™Z^LAt„HAtä´µ}h™Z^B@JGtt¤NKP€~gš[^AÄWLAÔÅf›\]AÄAÄÕ€eœ^^Kq…XQ§äå€f›\]AÄAÄÕ‚gš[^AÄWLAÔÅƒh™Z^B@JGtt¤NKP€„h™Z^LAt„HAtä´µ…gšˆµä´IAt”NJKQˆ†f›]^IAt¤JAtä„å‡eœ^^NBGNNNQXˆd^X^AtÄLAtÔå•‰cž^Y]At¤BGB@JAtÄå¥Šco^QUŠq´LA„LAt¤Š’žå•‹do^PP‹q¤NCäI@‹’å…Œeo^PŒq”NNLAt@Œ’œå€fn\PqäääÔ“›ÕŽgmZPŽqäää”Ž”šµhlQUqäää”•™•ikPwŠää”–˜€‘jk	‘wŠ…äÔP‘–—
’uŒÕ¤IMP“tååå”sŽååå••råååµ–p‘^^^\P€—q^^^ZP€˜r^X‹XŽQX™s}]P€™~ƒXP€™„Ž]P€št|[P€š‚(Xš…[P€›u{YP€›€›†ŒYP€œvzQXœ‡‹QXwy€ˆŠ€
Ó]‰èèèèè¨Ô]‰NNNNNAHÕ]‰NNNNNAHÖ]‰HH^NNNAEAH×]‰HH^JI^AEAE…„…„Ø]‰HH^JJYIXHXIXHX@€Ù]‰HH^HXHQEAE…„IHXHX@€Ú]‰HHZHXHXHREIHXAT”…„…„Û]‰HHZHXHXH\KZLX@€Ü]‰HHZHXHXHYATQT$TäAHÝ]‰HJXHXHXHXHXHXIXHYAT€Þ]‰HJXLXLXHXIXLX@€ß]‰NNNNNAHà]‰NNNNNAH
á]‰èèèèè¨™™™