BMAPBOLOv€2И€2u€2Й€2Аl€2~Т€2l~€2lА€2Т~€2ТА€2}Ш€2Ш€2f€2Бf€2АТ€2~l€2rm€ZZZtk€ZZZЛl€ZZZНn€ZZZsУ€ZZZqС€ZZZМС€ZZZxx€ZZZЖx€ZZZxЖ€ZZZЖЖ€ZZZАf€ZZZl€ZZZТ€ZZZ~Ш€ZZZКУ€ZZZlmsfЛf
Тm
rШlТЛШТС"

цааааааааааааааааааааааааааааа†"
цааааааааааааааааааааааааааааа†"
цааааааааааааааааааааааааааааа†"
цааааааааааааааааааааааааааааа†"
цааааааааааааааааааааааааааааа†"
цааааааааааааааааааааааааааааа†"
цааааааааааааааааааааааааааааа†"
цааааааааааааааааааааааааааааа†"
цааааааааааааааааааааааааааааа†"
цааааааааааааааааааааааааааааа†"
цааааааааааааааааааааааааааааа†"
цааааааааааааааааааааааааааааа†"
цааааааааааааааааааааааааааааа†"
цааааааааааааааааааааааааааааа†"
цааааааааааааааааааааааааааааа†"
цааааааааааааааааааааааааааааа†"
цааааааааааааааааааааааааааааа†"
цааааааааааааааааааааааааааааа†"
цааааааааааааааааааааааааааааа†"
цааааааааааааааааааааааааааааа†#
цаа†ееееееееееееееееееееееее•аа†#
цаа†ееееееееееееееееееееееее•аа†# 
цаа†ееееееееееееееееееееееее•аа†#!
цаа†ееееееееееееееееееееееее•аа†#"
цаа†ееееееееееееееееееееееее•аа†##
цаа†ееееееееееееееееееееееее•аа†#$
цаа†ееееееееееееееееееееееее•аа†#%
цаа†ееееееееееееееееееееееее•аа†#&
цаа†ееееееееееееееееееееееее•аа†#'
цаа†ееееееееееееееееееееееее•аа†#(
цаа†ееееееееееееееееееееееее•аа†#)
цаа†ееееееееееееееееееееееее•аа†#*
цаа†ееееееееееееееееееееееее•аа†#+
цаа†ееееееееееееееееееееееее•аа†#,
цаа†ееееееееееееееееееееееее•аа†#-
цаа†ееееееееееееееееееееееее•аа†#.
цаа†ееееееееееееееееееееееее•аа†#/
цаа†ееееееееееееееееееееееее•аа†#0
цаа†ееееееееееееееееееееееее•аа†#1
цаа†ееееееееееееееееееееееее•аа†#2
цаа†ееееееееееееееееееееееее•аа†#3
цаа†ееееееееееееееееееееееее•аа†#4
цаа†ееееееееееееееееееееееее•аа†#5
цаа†ееееееееееееееееееееееее•аа†#6
цаа†ееееееееееееееееееееееее•аа†#7
цаа†ееееееееееееееееееееееее•аа†#8
цаа†ееееееееееееееееееееееее•аа†#9
цаа†ееееееееееееееееееееееее•аа†#:
цаа†ееееееееееееееееееееееее•аа†#;
цаа†ееееееееееееееееееееееее•аа†#<
цаа†ееееееееееееееееееееееее•аа†#=
цаа†ееееееееееееееееееееееее•аа†#>
цаа†ееееееееееееееееееееееее•аа†#?
цаа†ееееееееееееееееееееееее•аа†#@
цаа†ееееееееееееееееееееееее•аа†#A
цаа†ееееееееееееееееееееееее•аа†#B
цаа†ееееееееееееееееееееееее•аа†#C
цаа†ееееееееееееееееееееееее•аа†#D
цаа†ееееееееееееееееееееееее•аа†#E
цаа†ееееееееееееееееееееееее•аа†#F
цаа†ееееееееееееееееееееееее•аа†#G
цаа†ееееееееееееееееееееееее•аа†#H
цаа†ееееееееееееееееееееееее•аа†#I
цаа†ееееееееееееееееееееееее•аа†#J
цаа†ееееееееееееееееееееееее•аа†#K
цаа†ееееееееееееееееееееееее•аа†#L
цаа†ееееееееееееееееееееееее•аа†#M
цаа†ееееееееееееееееееееееее•аа†#N
цаа†ееееееееееееееееееееееее•аа†#O
цаа†ееееееееееееееееееееееее•аа†#P
цаа†ееееееееееееееееееееееее•аа†#Q
цаа†ееееееееееееееееееееееее•аа†#R
цаа†ееееееееееееееееееееееее•аа†#S
цаа†ееееееееееееееееееееееее•аа†#T
цаа†ееееееееееееееееееееееее•аа†#U
цаа†ееееееееееееееееееееееее•аа†#V
цаа†ееееееееееееееееееееееее•аа†#W
цаа†ееееееееееееееееееееееее•аа†#X
цаа†ееееееееееееееееееееееее•аа†#Y
цаа†ееееееееееееееееееееееее•аа†#Z
цаа†ееееееееееееееееееееееее•аа†#[
цаа†ееееееееееееееееееееееее•аа†#\
цаа†ееееееееееееееееееееееее•аа†#]
цаа†ееееееееееееееееееееееее•аа†#^
цаа†ееееееееееееееееееееееее•аа†#_
цаа†ееееееееееееееееееееееее•аа†#`
цаа†ееееееееееееееееееееееее•аа†#a
цаа†ееееееееееееееееееееееее•аа†#b
цаа†ееееееееееееееееееееееее•аа†c
iаа†еееееееееХcnСNNNN@cЧцеееееееееХаа†d
iаа†еееееееееХdmТБееееdЧцеееееееееХаа†e
iаа†еееееееееХelУБХббб±ХeЧцеееееееееХаа†f
iаа†еееееееееХfkqБХ
ftЛ~~zpfОФXQfЧцеееееееееХаа†g
iаа†еееееееееХgjpБХgsМ~yqзgПХXQgЧцеееееееееХаа†h
oаа†еееееееееХБХhrН~zqзЗhРЦXQhЧцеееееееееХаа†i
nаа†еееееееееХXPiqО~{qзЧiСЦXP@iЧцеееееееееХаа†j
mаа†еееееееееХQQjpПz~TW^YpjТЦQTjЧцеееееееееХаа†k
lаа†еееееееееХ$QkoРzx\xSqu{xYpkУЦ!TkЧцеееееееееХаа†l
lаа†еееееееееХ$QlnСyrWRWRWQW7FxxQu5uzplУЦ!TlЧцеееееееееХаа†m
lаа†еееееееееХ$QmmТ~qu%u%tД7WRWQW'WІmУЦ!TmЧцеееееееееХаа†#n
Цаа†еееееееееХ$Q}zZqTДSWWзЧБ@nЧцеееееееееХаа†&o
Цаа†еееееееееХ4Q~qWЗЕЗHDWWYQu|r@oЧцеееееееееХаа†+p
Цаа†еееееееееХ4QquyxSuu%uЕX[rWQWQWЗ!TpЧцеееееееееХаа†+q
Цаа†еееееееееХtQuuxQu%ueuuEЕ$WRWQWЧЕЧ!TqЧцеееееееееХаа†,r
Цаа†еееееееееХ4QxrWQWЧЕ7WHATДЗЕRWQW'WЗ!TrЧцеееееееееХаа†)s
Цаа†еееееееееХ4QxqWЧЕTWWHATДЕЈХЗxr@sЧцеееееееееХаа†'t
Цаа†еееееееееХ4QququХXXyATДеІxr@tЧцеееееееееХаа†(u
Цаа†еееееееееХ4Qquru{qW7TXRE~xRuxr@uЧцеееееееееХаа†*v
Цаа†еееееееееХ4Q{qWQWRWXQEЕ[XxRuxr@vЧцеееееееееХаа†(w
Цаа†еееееееееХ4QxxQu•ЗЕЗHBWQWЧzySqTwЧцеееееееееХаа†%x
Цаа†еееееееееХ4Qxx^qGЧФ%u%GЗЕЈЕ7@xЧцеееееееееХаа†,y
Цаа†еееееееееХDQuxqWRWHHqДqtДЗЕXZr@yЧцеееееееееХаа†*z
Цаа†еееееееееХDQu{xQtДAБHAWІrusqTzЧцеееееееееХаа†({
Цаа†еееееееееХ4Qqu’'TДTДququЕЗ!T{ЧцеееееееееХаа†'|
Цаа†еееееееееХ4Q~quЕXXAXQEЕQW«!T|ЧцеееееееееХаа†%}
Цаа†еееееееееХ4Q~suEЕtQQEЕ$Wз7@}ЧцеееееееееХаа†%~
Цаа†еееееееееХ4Q~qtДHE@ДHNxr@~ЧцеееееееееХаа†'
Цаа†еееееееееХDQq—HATДHAДHAa—7@ЧцеееееееееХаа†%А
Цаа†еееееееееХ4Q~qtДHE@ДHNxr@АЧцеееееееееХаа†%Б
Цаа†еееееееееХ4Q~suEЕtQQEЕ$Wз7@БЧцеееееееееХаа†&В
Цаа†еееееееееХ4Q|xQuЕXXAXQEЕзЗ!TВЧцеееееееееХаа†'Г
Цаа†еееееееееХ4QquЕЗЕЗHAQЅHBW]Xr@ГЧцеееееееееХаа†*Д
Цаа†еееееееееХ4QruruzqTДAБHAu{xSqTДЧцеееееееееХаа†,Е
Цаа†еееееееееХ4QyyQuqtДЗHAHAuruxxSqTЕЧцеееееееееХаа†#Ж
Цаа†еееееееееХ4Q}xYqE5uHJqG„ЕЧ!TЖЧцеееееееееХаа†*З
Цаа†еееееееееХDQu{qWЧЕ'TДququ•QWЗ!TЗЧцеееееееееХаа†+И
Цаа†еееееееееХDQuЕQW[QuЕXQuquru{r@ИЧцеееееееееХаа†(Й
Цаа†еееееееееХ4QxrWQWз%EЕ$W'WЈ%uxr@ЙЧцеееееееееХаа†&К
Цаа†еееееееееХ4QxqWЧеФHHyQuХQWЗ!TКЧцеееееееееХаа†*Л
Цаа†еееееееееХ4QxqWX[xYATД7WRWQWЧxr@ЛЧцеееееееееХаа†-М
Цаа†еееееееееХ4QxqWRWRWQWHATД7WQWЧЕ'WЗ!TМЧцеееееееееХаа†,Н
Цаа†еееееееееХ4QxqWІЕQW7TXUEuu%u%uuuuqP@НЧцеееееееееХаа†*О
Цаа†еееееееееХ4QxxQuruzyQEЕTWWQWЧЕЗ!TОЧцеееееееееХаа†)П
Цаа†еееееееееХ4QxxQuquХЧHAWQWЗ~r@ПЧцеееееееееХаа† Р
Цаа†еееееееееХ4Q~zqWЧФyz^xTРЧцеееееееееХаа†#С
Таа†еееееееееХ$Q~xQuxyAu%u~qqСУЦ!TСЧцеееееееееХаа†Т
lаа†еееееееееХ$QТmСzqWRWQWЗ&GRWRWQWЈТУЦ!TТЧцеееееееееХаа†У
lаа†еееееееееХ$QУnРzqWЈЕ7QWЈЕЈУУЦ!TУЧцеееееееееХаа†Ф
lаа†еееееееееХ$QФoПx~XSquеЈФТЦQTФЧцеееееееееХаа†Х
mаа†еееееееееХQQХpО~zqзЈХСЦXP@ХЧцеееееееееХаа†Ц
nаа†еееееееееХXPЦqН~yqзІЦРЦXQЦЧцеееееееееХаа†Ч
oаа†еееееееееХБХЧrМ~xqзЧЧПХXQЧЧцеееееееееХаа†Ш
iаа†еееееееееХШjpБХ
ШsЛ~~{pШОФXQШЧцеееееееееХаа†Щ
iаа†еееееееееХЩkУБХбббЅХЩЧцеееееееееХаа†Ъ
iаа†еееееееееХЪlТБееееЕЪЧцеееееееееХаа†Ы
iаа†еееееееееХЫmСNNNNAAЫЧцеееееееееХаа†#Ь
цаа†ееееееееееееееееееееееее•аа†#Э
цаа†ееееееееееееееееееееееее•аа†#Ю
цаа†ееееееееееееееееееееееее•аа†#Я
цаа†ееееееееееееееееееееееее•аа†#†
цаа†ееееееееееееееееееееееее•аа†#°
цаа†ееееееееееееееееееееееее•аа†#Ґ
цаа†ееееееееееееееееееееееее•аа†#£
цаа†ееееееееееееееееееееееее•аа†#§
цаа†ееееееееееееееееееееееее•аа†#•
цаа†ееееееееееееееееееееееее•аа†#¶
цаа†ееееееееееееееееееееееее•аа†#І
цаа†ееееееееееееееееееееееее•аа†#®
цаа†ееееееееееееееееееееееее•аа†#©
цаа†ееееееееееееееееееееееее•аа†#™
цаа†ееееееееееееееееееееееее•аа†#Ђ
цаа†ееееееееееееееееееееееее•аа†#ђ
цаа†ееееееееееееееееееееееее•аа†#≠
цаа†ееееееееееееееееееееееее•аа†#Ѓ
цаа†ееееееееееееееееееееееее•аа†#ѓ
цаа†ееееееееееееееееееееееее•аа†#∞
цаа†ееееееееееееееееееееееее•аа†#±
цаа†ееееееееееееееееееееееее•аа†#≤
цаа†ееееееееееееееееееееееее•аа†#≥
цаа†ееееееееееееееееееееееее•аа†#і
цаа†ееееееееееееееееееееееее•аа†#µ
цаа†ееееееееееееееееееееееее•аа†#ґ
цаа†ееееееееееееееееееееееее•аа†#Ј
цаа†ееееееееееееееееееееееее•аа†#Є
цаа†ееееееееееееееееееееееее•аа†#є
цаа†ееееееееееееееееееееееее•аа†#Ї
цаа†ееееееееееееееееееееееее•аа†#ї
цаа†ееееееееееееееееееееееее•аа†#Љ
цаа†ееееееееееееееееееееееее•аа†#љ
цаа†ееееееееееееееееееееееее•аа†#Њ
цаа†ееееееееееееееееееееееее•аа†#њ
цаа†ееееееееееееееееееееееее•аа†#ј
цаа†ееееееееееееееееееееееее•аа†#Ѕ
цаа†ееееееееееееееееееееееее•аа†#¬
цаа†ееееееееееееееееееееееее•аа†#√
цаа†ееееееееееееееееееееееее•аа†#ƒ
цаа†ееееееееееееееееееееееее•аа†#≈
цаа†ееееееееееееееееееееееее•аа†#∆
цаа†ееееееееееееееееееееееее•аа†#«
цаа†ееееееееееееееееееееееее•аа†#»
цаа†ееееееееееееееееееееееее•аа†#…
цаа†ееееееееееееееееееееееее•аа†# 
цаа†ееееееееееееееееееееееее•аа†#Ћ
цаа†ееееееееееееееееееееееее•аа†#ћ
цаа†ееееееееееееееееееееееее•аа†#Ќ
цаа†ееееееееееееееееееееееее•аа†#ќ
цаа†ееееееееееееееееееееееее•аа†#ѕ
цаа†ееееееееееееееееееееееее•аа†#–
цаа†ееееееееееееееееееееееее•аа†#—
цаа†ееееееееееееееееееееееее•аа†#“
цаа†ееееееееееееееееееееееее•аа†#”
цаа†ееееееееееееееееееееееее•аа†#‘
цаа†ееееееееееееееееееееееее•аа†#’
цаа†ееееееееееееееееееееееее•аа†#÷
цаа†ееееееееееееееееееееееее•аа†#„
цаа†ееееееееееееееееееееееее•аа†#Ў
цаа†ееееееееееееееееееееееее•аа†#ў
цаа†ееееееееееееееееееееееее•аа†#Џ
цаа†ееееееееееееееееееееееее•аа†#џ
цаа†ееееееееееееееееееееееее•аа†#№
цаа†ееееееееееееееееееееееее•аа†#Ё
цаа†ееееееееееееееееееееееее•аа†#ё
цаа†ееееееееееееееееееееееее•аа†#я
цаа†ееееееееееееееееееееееее•аа†#а
цаа†ееееееееееееееееееееееее•аа†#б
цаа†ееееееееееееееееееееееее•аа†"в
цааааааааааааааааааааааааааааа†"г
цааааааааааааааааааааааааааааа†"д
цааааааааааааааааааааааааааааа†"е
цааааааааааааааааааааааааааааа†"ж
цааааааааааааааааааааааааааааа†"з
цааааааааааааааааааааааааааааа†"и
цааааааааааааааааааааааааааааа†"й
цааааааааааааааааааааааааааааа†"к
цааааааааааааааааааааааааааааа†"л
цааааааааааааааааааааааааааааа†"м
цааааааааааааааааааааааааааааа†"н
цааааааааааааааааааааааааааааа†"о
цааааааааааааааааааааааааааааа†"п
цааааааааааааааааааааааааааааа†"р
цааааааааааааааааааааааааааааа†"с
цааааааааааааааааааааааааааааа†"т
цааааааааааааааааааааааааааааа†"у
цааааааааааааааааааааааааааааа†"ф
цааааааааааааааааааааааааааааа†"х
цааааааааааааааааааааааааааааа†ЩЩЩ