BMAPBOLO‰rÿ2rvÿ2vÿ2‰ÿ2pÿ2ÿ2pÿ2ppÿ2‰ÿ2r‰ÿ2vÿ2vrÿ2…zÿ2zzÿ2z…ÿ2……ÿ2–ÿZZZ–ÿZZZr–ÿZZZiÿZZZ–rÿZZZiÿZZZriÿZZZirÿZZZqŽÿZZZŽŽÿZZZŽqÿZZZqqÿZZZx‡ÿZZZ‡‡ÿZZZ‡xÿZZZxxÿZZZff™f
™™f™dprdŽeosQQe‘QQfntYPfŒ’YP
ggu‘”[P
g‹™[Q„‘hgv‘ä”	hŠ™NHI	igw´·”
i‰™HK{A
jgxÄ'W—¤jˆ™IJrWK@kgyÄ•7J@k‡™JCpu…Ä
lgzÔ%p€Äl†™KIuL@mg{CGT¤M@m…™MA¤%tnf|ATu…„NH@n„šNHAtXStQoe}RTtutx~HAoƒ›!äxsGW'Epd~XQG‡BGJMQp‚œ!¥ÔB@xqE…qdXQGNRPqœ!µäqE…re›RTxqÄ…'µ[Qä$‡QQsfš!Tä¤	LAQtg™NLAåÕIH^AAuh˜NNNNHJ]@vi—NAääÔ uK@wj–JHYAQT$Ä…´xk•IIRKHHXHBPXZ@yl”HIRNNKBPXY@zm“AE… Tää´%…„{n’!… T„KH\A„%…|o‘!5AAJJ[HBPRP}pQMHX^DPP~qLHQ%LAPrŽ1AEAE%•QTQT4P€rŽ1AEAE%•QTQT4PqLHQ%LAP‚pQMHX^DPPƒo‘!5AAJJ[HBPRP„n’!… T„KH\A„%……m“AE… Tää´%…„†l”HIRNNKBPXY@‡k•IIRKHHXHBPXZ@ˆj–JHYAQT$Ä…´‰i—KHRpNNMAäŠh˜LJ^NNNI@‹g™NHZAåÕNL@Œfš!Tä´àà NJAQe›RTxqä$µ[RQTÄxqEŽdXQGAEµŽœ!åÄ‡XPd~XQG‡BGLKQ‚œ!Å´B@xqE…e}RTtutx~HAƒ›!äxsGW'E‘f|ATu…„NH@‘„šNHAtXStQ’g{CGT¤M@’…™MA¤%t
“gzÔ%p€Ä“†™KIuL@”gyÄ•7J@”‡™JCpu…Ä
•gxÄ'W—¤•ˆ™IJrWK@	–gw´·”
–‰™HK{A—gv‘ä”	—Š™NHI
˜gu‘”[P
˜‹™[Q„‘™ntYP™Œ’YPšosQQš‘QQ›pr›Ž™™™