BMAPBOLOuwÿ8w‡ÿ8‡…ÿ8…uÿ8znÿ8Žzÿ8n‚ÿ8‚Žÿ8{nÿ8Ž{ÿ8nÿ8Žÿ8„vÿ8vxÿ8x†ÿ8†„ÿ8vwÿZZZ…vÿZZZ†…ÿZZZw†ÿZZZooÿZZZoÿZZZÿZZZoÿZZZƒŽÿZZZnƒÿZZZŽyÿZZZynÿZZZ~gÿZZZ~•ÿZZZg~ÿZZZ•~ÿZZZjlljj’l	jl’’’'éé	'É„™„¹'¹TT”RT™'©tTEEI'™4PTTTTPT'‰DTTDPTTTT'‰DPTDTTTPT'YEEDEEEEI	'YEDEEEEI	'‰$TDPTTTT‘™'™”5EEEI '©DPTTTT™!'©DTTDPT‘™"'™TPT””TRT#'™TTT˜–ET$'©4Tš‘E%I	
%'¹œ˜I&'éé_y„µZP`uˆå%å
ar‹å¥^YP
bpåÅ^[P
cnåå^]P
dmåå%ååel‘åå…^^PP	fl‘ååååµgl‘åÅä^[Phl‘å…ää^PP	il‘åää´åjmµäääZP
kn•äää”•lejµln…äää´Pl“˜µmdkÕ	mnä„çäÔm’™Õncšå…ä”AGBGNMNQUocšå…ä„‡„‡„·ä¤åPpb›å…ä„‡„§´—ä”åPqb›åNAGHJ}I~HNPPraœåNAGINqt”‡ä„åsaœåNHyI}IyH~AEåtaœåäqt„‡ä”‡”‡ä]Pu`åMHyH~KHyH~NPPv`åä$t„‡äÔ‡”‡äåw`åä‡„‡ääqt„‡Ôåx`åäAGNLzHyI{NPy_žåLHxAt”×¥JAt¤JNPPz_žåäAGIAuå%t¤§„KNP{_žåäBGJAuµ‡…KL|NP|_žåäBGJAuxxQu%t´ÇÄå}_žåÄ—„JAu%u•RWKIxAt´å~_žÐKAt”JH~QWJAt”KAPÀ_žåÄAG‡ÄRWYQu%t¤AG‡Äå€_žåÄÇÄRWQW‡…JAt$tÔå_žåÄÇÄQW[Qt¤BGMNP‚_žåÄAG—´^RWIHxAtÔåƒ_žåJAt¤JAu•×¤AGLNPP„`å´—”‡¤Çäqt$tÔå…`åÔ‡”‡ääqtqtÔå†`åä‡”‡äÔ‡”NNP‡`åMHyH~KHyH~NPPˆaœåäqt„‡ä”‡”‡ä]P‰aœåNHyI}IyH~AEåŠaœåNAGINqt”‡ä„å‹b›åNAG‡Ô§”‡ä„åŒb›å…ä”—´§„‡ä„åPcšå…ä¤·„‡„‡ä„åPŽcšå…ääAGBGNHNQUdkÕ
näÔçä@’™Õejµn…äää´P“˜µ
‘n•äää”•’mµäääZP	“l‘åää´å”l‘å…ää^PP•l‘åÅä^[P	–l‘ååååµ—l‘åå…^^PP
˜måå%åå
™nåå^]P
špåÅ^[P
›r‹å¥^YPœuˆå%åy„µZPÚÚìéé	ÛÚìÉ„™„¹ÜÚì¹TT”RT™ÝÚì©tTEEIÞÚì™4PTTTTPTßÚì‰DTTDPTTTTàÚì‰DPTDTTTPTáÚìYEEDEEEEI	âÚìYEDEEEEI	ãÚì‰$TDPTTTT‘™äÚì™”5EEEIåÚì©DPTTTT™æÚì©DTTDPT‘™çÚì™TPT””TRTèÚì™TTT˜–ETéÚì©4Tš‘E%I	
êÚì¹œ˜IëÚìéé™™™