BMAPBOLOs†ÿ2k“ÿ2v–ÿ2|ƒÿ2‡ÿ2œŸÿ2…˜ÿ2š–ÿ2“†ÿ2‰†ÿ2‘4ÿ2Š:ÿ2q>ÿ2o*ÿ2z,ÿ2xÿ2p5ÿZZZ‚?ÿZZZ€(ÿZZZ•šÿZZZˆŸÿZZZŒÿZZZ“|ÿZZZŒƒÿZZZ–ŠÿZZZ~ÿZZZq”ÿZZZ‚ˆÿZZZƒ4ÿZZZrŽÿZZZy”m
y tx¡y}¡msÁtxqqy}qq	 ls'
 t}QQ'Q!l}zyXu"l}YRqXQ%q#m}!uÅ4QQQ$m|[SE
%n|±•„QQ&r|QTQQ&‚‘	's|•$q'}‚‘(lq±(s{‘GTq(|‚—)lqxp)r‚'7Gt„)„ˆ¡*l‚xyxQGG*ƒˆ‡+lˆ§SWG7AGp,mŠ‡µ‡yqG—¡-nŠqu•MHq§-Œ¡.nqu•„‡x~Jzp/n‡¤‡&†qv–‡¤—0o'E%g'h8vrxihTtqyq1p1tVXggƒ†v¦XQG·2jo±2p‘1tQXla††‡•¤‡¡3i“—‘'Ebhiav„‡gZQtyy4i“zzIxi‚gahˆxzQt„§5i“zrGAEah˜qvæ–—6izyAu%hˆ–0vxxa†&†xqA7i‘·„…¦wgg†xhˆhg‡8k·QWehghHghhcxg‡$q9lV†tQV†ˆ&vxyiyirG:m’!hhduhˆqvx}[rG;m’tvtqv¦·åzqG<m’—”ç‡å%t¤=n§äÔ§”§>o~~qt´‡±?o‹Çá‘×@pxá@ŠádŽeŒ!Af‹AAAgŠ‘aAAAh‹iŒ!AjŒ!AkŒ!AlŽqˆŽÁr‡Ž‘QQ	s‡Žqu…t‡Žxyu‡Œ±u’˜Áv‡‹¡v‘˜§w‡ŒQQ	wŽ˜¡XQqx‡ŒRW	xŽ˜xzQqy‡Œqqy˜Õz‡˜!q¡[Xp
{‡˜ÁYZq	|Š™‡•—±
}‡™¡·¤‡
~‡™|xMp‡™qu%t„ZXp€‡™qu5tqu¥‡‡˜‡Etu¥‡‚{¡‚‡—1qxrGZQqƒzƒ‡±
ƒ‡–‘—„¥‡„x„‘×
„ˆ–§yy…qu¡…x…quµ‡…‡—‡…IIq†q…qq¡—µ—††˜—•—yq‡p˜·¡‡ÄzXqG§ˆp˜!u¥KJqA·¥‡zp‰p™!u…—[YqAYrGIAŠnˆ¡…ILQt„Š‹™QW‡”§‹m…Çx|XAq‹†‰‘‹‹™qt”§$qŒmƒzyLXxAqŒ…‰Œ‹™rtqu•'Am‚yxH|XqG…‰qq‹š„‡¥7GŽm‚‘—Å·$qŽ…‰¡ŽŒš!G‡¥'GlÁ[XyAq‹šxzQt$qj€‘·ZYqG‹š!t„—•7G‘jqu•7GYQt„‘‰š‘7GHAu…7G’j~!u¥7GYRtqq’†š¡—$WBGTWG“j}qu…‡zxHp“†žxxRtQW7GSWG	”j}‘·Ô—”†Ÿ‘SWE…'G—”—	•l}~{q•…Ÿ¡SWE…AG§”‡	–l|ázq–„Ÿ—¥XXyKqG—t{Ñ—„ŸyzQE…§zqG˜„ŸrqzqE•HAq™„žÑ‡YQpJIpšŠž‘QW‡€›‡œ¡‡yzHqœ„¡·$t”°—ƒžÇ´·¥—ž‚ž§¤·å…‡Ÿ‚ž~xq—Å§ ‚žÁ‡áç‡¡‡‹¡¡‘á¡Ý@Ié	Þ>I™Ô		ß=K‰ä„à<K‰ä¤		á;M‰äÄ
â8M™¤™ä„	ã7N©”‰‘”ää3N©”‰ÄNAIå,NÙä‘”äÄ	æ*O™äÔ‰äÔç)ONLI’INM@è(ONAI¹¤NM@é'P‰„éä$”ääê(P™ää‰ää„	ë*PéMA”ää„	ì3QéNNHA™	í<Q‰ää„	î>Q‰ää		ï@R‰äÄ	ðAS‰äÄñBS‰äÄ		òCT‰ä´	óDU‰ä´	ôEV‰ä´	õFVNK@™™™