BMAPBOLOµ–ÿ2³–ÿ2±”ÿ2²”ÿ2³•ÿ2¶–ÿ2΄”ÿ2΄•ÿ2¶ΰÿZZZ·ίÿZZZΊΣÿZZZªβÿZZZ«αÿZZZΝΕÿZZZΓΛÿZZZΌÒÿZZZΜΖÿZZZΒΜÿZZZ²ΦÿZZZ±ΥÿZZZ²£¬―	ΐ©ΕΏ©Δ¥΄Ί	HJ„8;”GJ”8<¤GK¤8=΄GK¤8=΄FLΔ 8=΄ FLΔ!8>Δ!FLΔ"8>Δ"FLΔ#8>Δ#FLΔ$9>΄$FLΔ%9?Δ%FLΔ&9?Δ&FLΔ&UX”'9?Δ'ELΤ'UX”(9?Δ(ELΤ(UX”):@Δ)EKΔ)UX”*:@Δ*EKΔ*TX¤+36”+;@΄+EKΔ+TX¤,37¤,;AΔ,FK΄,TY΄-37¤-;AΔ-FLΔ-TY΄.38΄.<A΄.FLΔ.TY΄/38΄/<BΔ/FLΔ/TY΄039Δ0<BΔ0FLΔ0TY΄1*.¤139Δ1=B΄1FLΔ1TY΄2*/΄24:Δ2=CΔ2FLΔ2TY΄3*1Τ34;Τ3=CΔ3FLΔ3TY΄4+2Τ45;Δ4>DΔ4FMΤ4TY΄5+3δ55<Τ5>DΔ5FMΤ5SYΔ5ΜΝ5ΦΩ”6,4δ66=Τ6>EΤ6FMΤ6SYΔ6ΛΞ”6ΥΪ΄7,5τ76EτΔ7GMΔ7SYΔ7ΛΟ¤7ΤΪΔ8-FττΤ8GMΔ8SYΔ8ΛΠ΄8ΤΪΔ9-FττΤ9GMΔ9SYΔ9ΛΠ΄9ΤΪΔ	:)Nττττ:SYΔ:ΛΠ΄:ΤΪΔ	;)Nττττ;SZΤ;ΛΠ΄;ΤΪΔ	<(Nττττ„<RZδ<ΛΠ΄<ΣΩΔ	=)Oττττ„=RZδ=ΕΘ”=ΛΠ΄=ΣΩΔ	>)Oττττ„>RZδ>ΕΘ”>ΛΠ΄>ΣΩΔ	?)Pττττ”?RZδ?ΕΙ¤?ΛΡΔ?ΣΩΔ	@*Pττττ„@RZδ@ΕΙ¤@ΛΡΔ@ÒΨΔ
A)Zτττττ¤AΕΙ¤AΛΡΔAÒΨΔ
B)Zτττττ¤BΕΚ΄BΛΨτ¤
C(Zτττττ΄CΕΚ΄CΛΧτ”
D(Zτττττ΄DΐΑDΕΧττ
E(Zτττττ΄EΏΒ”EΕΧττ
F)Zτττττ¤FΎΓ΄FΕΦτδ
G*Zτττττ”GΉΌ”GΎΔΔGΕΦτδ
H+Zτττττ„HΉ½¤HΎΥττ΄	I-ZτττττIΉΥτττ
J)Zτττττ¤JΉΤτττ
K)Zτττττ¤KΉΤτττ
L)[τττττ΄LΊΣττΤ
M*[τττττ¤M»Òττ΄
N*[τττττ¤N»Òττ΄
O+[τττττ”OΌΡττ”
P([τττττΔPΌΡττ”
Q'\τττττδQΌÒττ¤
R'\τττττδRΌÒττ¤
S']ττττττSac„S½Òττ”
T']ττττττT`d¤T½Òττ”U'^ττττττU`e΄U½Òττ”V'_ττττττ„V`e΄V½Ρττ„W'_ττττττ„W`fΔW½ΠττX&gτττττττ„XΉΟττ¤Y&gτττττττ„YΉΞττ”Z&gτττττττ„Z¬°¤ZΈΝττ”['hτττττττ„[«±Δ[¶Μττ¤\'hτττττττ„\«³δ\µΚττ”](hτττττττ]¬Θτττ^)hτττττττ^¬Ζττδ_*iτττττττ_­ΕττΔ`+iττττττδ`­Γττ¤a*iτττττττa®Βττ„b)iτττττττb§¬΄b―Αττc)jτττττττ„c§®Τc°ΐτΤd)jτττττττ„d§ΏττΔe)jτττττττ„e§Ύττ΄f*kτττττττ„f¦½ττ΄g*kτττττττ„g¦½ττ΄h*lτττττττ”h¥Όττ΄i*lτττττττ”i¤ΌττΔj*mτττττττ¤j£»ττΔk+nτττττττ¤kΆΊττΔl,nτττττττ”l Ίττδm,oτττττττ¤mΉτττn,pτττττττ΄nΉτττ„o-rτττττττΔo›Ήτττ”p-sτττττττΤpΈτττ”q.tτττττττΤq™Έτττ¤r.vττττττττr™Έτττ¤s/wττττττττs™Έτττ¤t0yττττττττt™Έτττ¤u1zττττττττu™Έτττ¤v3|ττττττττvΈτττ΄w5~ττττττττw·τττ¤x5ττττττττ¤x—·τττ΄y3ƒττττττττδy—¶τττ¤z2„τττττττττz–¶τττ΄{1…τττττττττ”{•¶τττΔ|1†τττττττττ¤|•µτττ΄}1τττττττττΔ}•µτττ΄~2‰τττττττττΔ~•΄τττ¤2‹τττττττττδ•΄τττ¤€3τττττττττδ€•΄τττ¤3ττττττττττ•³τττ”‚4ττττττττττ‚”³τττ¤ƒ4‘ττττττττττ”
ƒ”³ττ„τ„5“ττττττττττ¤	„”³τΔφ–¤…5µττττττττττττφζ”†5·ττττττττττττφφ”‡6ΉτττττττττττΤφφ¦”6ΊτττττττττττΔφφΦ„‰6ΌτττττττττττΔφφζ”7½τττττττττττΔφφφ„‹7ΎτττττττττττΔφφφ„8Ώτττττττττττ¤φφφ–„9ΐτττττττττττ”φφφ¦„:ΑτττττττττττφφφΦ„<ΑττττττττττΤφφφζ<ΒττττττττττΔφφφφ„‘=Βττττττττττ΄φφφφ@’>Γττττττττττ¤φφφφ„“@Γττττττττττ¤φφφφ”BΔττττττττττ”φφ¤φ¦„•CΔττττττττττ„φφ¤φ¦–DΔττττττττττφφ–¤φ–—DΔτττττττττδφφφφ†FΔτττττττττ΄φφ¦΄φ„@™IΔτττττττττφφ¶ζ”¦„LΔττττττττδφφφφ–›UΔττττττττ„φφφφUΔττττττττ„φφφφUΔττττττττφφφφ†VΔτττττττΤφφφφ†ZΕτττττττδφφ†¤φ„ [¶τττττττΤφφ” ΈΔ„φ΅\΄ττττττττφ¦”΅ΉΔ„ζΆ^²τττττττΤφ¤ΆΊΔ„Φ£`d¤£fmΤ£p―τττττΔφ”£»Δ„Ζ¤fk΄¤q­τττττ¤φ„¤ΌΔ¶„¥fi”¥r¬τττττ„¦„–„¥ΌΓ„¦¦r«ττττττ†¦½Γ„†„§r«ττττττ”§ΎΒ¤¨sªττττττ¨ΏΑ„©sªττττττ
ªs©ττττττ«rªττττττ„¬qªττττττ”­q«ττττττ¤®p¬ττττττΔ―o¬ττττττΤ°n®τττττττ±m―τττττττ”²k±τττττττΤ³i²ττττττττ΄g²ττττττττ”µd³ττττττττΤ¶b³τττττττττ·`³τττττττττ„Έ^΄τττττττττ΄Ή\΄τττττττττΤΊZ΄ττττττττττ»Xµ¤–τττττττττ΄ΌVµ¤φτττττττττ½Tµ”φφττττττττ¤ΎQ¤φφΖoOOOOI@Ύ ·ττ΄ΏO”φφφΦττττΤ
ΏΆΘττO@ΐN„φφφφ¦ττττ”
ΐ¤ΛτΤψψ¤ΑM„φφφφφ”τττ¤
Α¥ΝτΔψψΈ„ΒL„φφφφφφτττ
Β¦Ξτ¤ψψΨ„ΓL φφφφφφζττ”
Γ¨Ξτ„ψψθΔK „φφφφφφΦττ¤ΔªΞτψψ¨„ΕJ „φφφφφφφττ”
Ε«ΚτψΈ””ΕΛΞ$„ΖJ΅φφφφφφφττ¤	Ζ­ΔΤΘ¤¨„ΖΕΘ”ΖΜΞ„ΗJ΅φφφφφφφττ¤Η―»΄Έ„Η½Δ”ΘI΅„φφφφφφφ†ττ”Θ³»„ΘΘΏΔ„ΙI΅φφφφφφφ–ττ”Ιµ»ΈΙΐΔΚIΆφφφφφφφ–ττ¤Κµ»ΈΚΐΔ„@ΛIΆ¤φφφφφφφττ¤Λµ»ΈΛΑΔ$„ΜLΆφφφφφφφττ¤Μµ»ΈΜΑΓ„ΝLφφφφφφφ„ΝΆττΝµ»ΈΞL„φφφφφφζΞ£ττ„Ξµ»ΈΟMφφφφφφΦ„Ο£ττ„Οµ»„¨ΠMφφφφφφΖ„Π¤ττ$„Π¶ΌΈΡM‹„φφφφφφ–”Ρ¤ττ@Ρ·Ό„ÒN‰φφφφφφ†„Ò¥τΤ„ÒΈ½‰@ΣN”φφφφφ†δΣ‘ªτΔΈ΄ΣΉ»„ΤP”φφφφζ„	Τ‘°τ΄ψΤΥR€„Δ–¤φφφ„	Υ’²τ¤ψΨ”ΦSV”ΦZ_΄	Φaφφφ„	Φ“³τψψ¨	Χa~„φφΖ”	Χ›³ψψ”	Ψb|΄–¤ΦΤ
Ψ΄ψψ„„Ωfk„„ΩmvΖ„	Ω·„ψψ¤Ϊgj”Ϊmu„–”	Ϊ·ψψ¨Ϋns΄
ΫΈ$„Ψ΄θ„ά «„Ψ„	ά­Έ””	έ΅«„”έ―³¤έ΄Έή£¬΄ή΄Έί§¬ί΄Έ„@ΰ¨¬ΰµ·„α¨¬„@β©¬”ÿÿÿ