BMAPBOLO|nÿ2nÿ2|ÿ2ÿ2‚ÿ2qÿ2n‚ÿ2nqÿ2z‚ÿ2z|ÿ2„|ÿ2„‚ÿ2utÿ2‰tÿ2uŠÿ2‰Šÿ2pÿZZZpÿZZZŽÿZZZŽÿZZZ|~ÿZZZ‚€ÿZZZjjÿZZZ”jÿZZZ””ÿZZZj”ÿZZZqnÿZZZqÿZZZÿZZZnÿZZZ€ÿZZZ~ÿZZZdššššd
dd]€^~!Q_~!Q`}‚XPa}‚XPb|ƒZPcgpác|ƒZPc˜ádfq^Pd{„\PdŽ™^P
egqYTuu
e{„XQu…
eŽ˜QWWYPfdefgq]Pfz…^PfŽ˜]Pfš›gcq!QKCWQ
gz…YQu•gŽœAWT´
hcqX\IP	hy†^XP
hŽœX\IP
icrX\JP
iy†ZQu¥
iœY\IPjcœX\KX˜[X˜\IPkcœX]J^KQu¥ä¥Ô•lcœAWTää´µääÄ5umcœ\XA¤BGBGNNLA\PncœQWWYXHNNMHJTuuocœ]XHLI~LHNPpd›±•¤åµ€å¥¤•±qi–QT”…„AEµ°Å„AEIHPrj•JH[LqP€{{H[@sj•JHQt´…„TQT´QT$ttj•JHQt´‡„UpuAGKAuJ@uj•JH[H\A´…´…´	vj•JHXAtqt´KHxAtQT$twj•JHWuuuu¤—¤uuuux[@xj•JAT$Tx|At´—„BEJ@yh—JAT¤•„%t$t4uAE…´BGBEzf™¥¤…¤·5uxsWW§¤…¤¥{d›Å¤LATä¤LAT”Å|bå¤LAtä¤LAT”å}`Ÿå•”€…„•ä´•„…€”å•~^¡åµ„	I~KIxJt^ZQ$]¢XWuuuuGWT4t
	zK
I{G‡uuuutWWXP€^¡åµ„	I~KIxJt^ZQ`Ÿå•”€…„•ä´•„…€”å•‚bå¤LAtä¤LAT”åƒd›Å¤LATä¤LAT”Å„f™¥¤…¤·5uxsWW§¤…¤¥…h—BGBEJIXBWBGCGTX[AT¤†j•JAT$Tx|At´—„BEJ@‡j•JHWuuuu¤—¤uuuux[@ˆj•BGAEBGAGKAt´‡„AEJ@‰j•JH[H\A´…´…´	Šj•JHQt´‡„UpuAGKAuJ@‹j•BGAE%t´…„TQT´QT¤Œj•JH[LqP€{{H[@i–QT”…„AEµ°Å„AEIHPŽd›±•¤åµ€å¥¤•±cœ]XHLI~LHNPcœQWWYXHNNMHJTuu‘cœ\XAääÄBGBGJA\P’cœAWTää´µääÄ5u“cœX]J^KQu¥ä¥Ô•”cœX\KX˜[X˜\IP
•crX\JP
•y†ZQu¥
•œY\IP
–cqX\IP	–y†^XP
–ŽœX\IP—cq!QKCWQ
—z…YQu•—ŽœAWT´˜de˜gq]P˜z…^P˜Ž˜]P˜š›
™gqYTuu
™{„XQu…
™Ž˜QWWYPšfq^Pš{„\PšŽ™^P›gpá›|ƒZP›˜áœ|ƒZP}‚XPž}‚XPŸ~!Q ~!Q¡€™™™