BMAPBOLOÿ2uÿ2uÿ2uuÿ2ÿ2oÿ2ooÿ2oÿ2ˆzÿ2ˆ…ÿ2w…ÿ2wzÿ2zwÿ2…wÿ2…ˆÿ2zˆÿ2bbÿZZZbÿZZZÿZZZbÿZZZxxÿZZZ‡xÿZZZ‡‡ÿZZZx‡ÿZZZlÿZZZ’ÿZZZ†ÿZZZ€†ÿZZZxÿZZZ€xÿZZZ…ÿZZZzÿZZZ  _ ___
"

צאאאאאאאאאאאאאאאאאאאאאאאאאאאאא "
צאאאאאאאאאאאאאאאאאאאאאאאאאאאאא "
צאאאאאאאאאאאאאאאאאאאאאאאאאאאאא "
צאאאאאאאאאאאאאאאאאאאאאאאאאאאאא "
צאאאאאאאאאאאאאאאאאאאאאאאאאאאאא "
צאאאאאאאאאאאאאאאאאאאאאאאאאאאאא "
צאאאאאאאאאאאאאאאאאאאאאאאאאאאאא "
צאאאאאאאאאאאאאאאאאאאאאאאאאאאאא "
צאאאאאאאאאאאאאאאאאאאאאאאאאאאאא "
צאאאאאאאאאאאאאאאאאאאאאאאאאאאאא "
צאאאאאאאאאאאאאאאאאאאאאאאאאאאאא "
צאאאאאאאאאאאאאאאאאאאאאאאאאאאאא "
צאאאאאאאאאאאאאאאאאאאאאאאאאאאאא "
צאאאאאאאאאאאאאאאאאאאאאאאאאאאאא "
צאאאאאאאאאאאאאאאאאאאאאאאאאאאאא "
צאאאאאאאאאאאאאאאאאאאאאאאאאאאאא "
צאאאאאאאאאאאאאאאאאאאאאאאאאאאאא "
צאאאאאאאאאאאאאאאאאאאאאאאאאאאאא "
צאאאאאאאאאאאאאאאאאאאאאאאאאאאאא "
צאאאאאאאאאאאאאאאאאאאאאאאאאאאאא "
צאאאאאאאאאאאאאאאאאאאאאאאאאאאאא "
צאאאאאאאאאאאאאאאאאאאאאאאאאאאאא " 
צאאאאאאאאאאאאאאאאאאאאאאאאאאאאא "!
צאאאאאאאאאאאאאאאאאאאאאאאאאאאאא ""
צאאאאאאאאאאאאאאאאאאאאאאאאאאאאא "#
צאאאאאאאאאאאאאאאאאאאאאאאאאאאאא "$
צאאאאאאאאאאאאאאאאאאאאאאאאאאאאא "%
צאאאאאאאאאאאאאאאאאאאאאאאאאאאאא "&
צאאאאאאאאאאאאאאאאאאאאאאאאאאאאא "'
צאאאאאאאאאאאאאאאאאאאאאאאאאאאאא "(
צאאאאאאאאאאאאאאאאאאאאאאאאאאאאא ")
צאאאאאאאאאאאאאאאאאאאאאאאאאאאאא "*
צאאאאאאאאאאאאאאאאאאאאאאאאאאאאא "+
צאאאאאאאאאאאאאאאאאאאאאאאאאאאאא ",
צאאאאאאאאאאאאאאאאאאאאאאאאאאאאא "-
צאאאאאאאאאאאאאאאאאאאאאאאאאאאאא ".
צאאאאאאאאאאאאאאאאאאאאאאאאאאאאא "/
צאאאאאאאאאאאאאאאאאאאאאאאאאאאאא "0
צאאאאאאאאאאאאאאאאאאאאאאאאאאאאא "1
צאאאאאאאאאאאאאאאאאאאאאאאאאאאאא "2
צאאאאאאאאאאאאאאאאאאאאאאאאאאאאא "3
צאאאאאאאאאאאאאאאאאאאאאאאאאאאאא "4
צאאאאאאאאאאאאאאאאאאאאאאאאאאאאא "5
צאאאאאאאאאאאאאאאאאאאאאאאאאאאאא "6
צאאאאאאאאאאאאאאאאאאאאאאאאאאאאא "7
צאאאאאאאאאאאאאאאאאאאאאאאאאאאאא "8
צאאאאאאאאאאאאאאאאאאאאאאאאאאאאא "9
צאאאאאאאאאאאאאאאאאאאאאאאאאאאאא ":
צאאאאאאאאאאאאאאאאאאאאאאאאאאאאא ";
צאאאאאאאאאאאאאאאאאאאאאאאאאאאאא "<
צאאאאאאאאאאאאאאאאאאאאאאאאאאאאא "=
צאאאאאאאאאאאאאאאאאאאאאאאאאאאאא ">
צאאאאאאאאאאאאאאאאאאאאאאאאאאאאא "?
צאאאאאאאאאאאאאאאאאאאאאאאאאאאאא "@
צאאאאאאאאאאאאאאאאאאאאאאאאאאאאא "A
צאאאאאאאאאאאאאאאאאאאאאאאאאאאאא "B
צאאאאאאאאאאאאאאאאאאאאאאאאאאאאא "C
צאאאאאאאאאאאאאאאאאאאאאאאאאאאאא "D
צאאאאאאאאאאאאאאאאאאאאאאאאאאאאא "E
צאאאאאאאאאאאאאאאאאאאאאאאאאאאאא "F
צאאאאאאאאאאאאאאאאאאאאאאאאאאאאא "G
צאאאאאאאאאאאאאאאאאאאאאאאאאאאאא "H
צאאאאאאאאאאאאאאאאאאאאאאאאאאאאא "I
צאאאאאאאאאאאאאאאאאאאאאאאאאאאאא "J
צאאאאאאאאאאאאאאאאאאאאאאאאאאאאא "K
צאאאאאאאאאאאאאאאאאאאאאאאאאאאאא "L
צאאאאאאאאאאאאאאאאאאאאאאאאאאאאא "M
צאאאאאאאאאאאאאאאאאאאאאאאאאאאאא "N
צאאאאאאאאאאאאאאאאאאאאאאאאאאאאא "O
צאאאאאאאאאאאאאאאאאאאאאאאאאאאאא "P
צאאאאאאאאאאאאאאאאאאאאאאאאאאאאא "Q
צאאאאאאאאאאאאאאאאאאאאאאאאאאאאא "R
צאאאאאאאאאאאאאאאאאאאאאאאאאאאאא "S
צאאאאאאאאאאאאאאאאאאאאאאאאאאאאא "T
צאאאאאאאאאאאאאאאאאאאאאאאאאאאאא "U
צאאאאאאאאאאאאאאאאאאאאאאאאאאאאא "V
צאאאאאאאאאאאאאאאאאאאאאאאאאאאאא "W
צאאאאאאאאאאאאאאאאאאאאאאאאאאאאא "X
צאאאאאאאאאאאאאאאאאאאאאאאאאאאאא "Y
צאאאאאאאאאאאאאאאאאאאאאאאאאאאאא "Z
צאאאאאאאאאאאאאאאאאאאאאאאאאאאאא "[
צאאאאאאאאאאאאאאאאאאאאאאאאאאאאא "\
צאאאאאאאאאאאאאאאאאאאאאאאאאאאאא ]
]אאאאאאאאאא]£צאאאאאאאאאא^
]אאאאאאאאאא^£צאאאאאאאאאא_
]אאאאאאאאאא_£צאאאאאאאאאא`
]אאאאאאאאאא`` בבבבבבבב`£צאאאאאאאאאאa
]אאאאאאאאאאa` NNNNNNNK@a£צאאאאאאאאאאb
]אאאאאאאאאאb` AEווווווו5tb£צאאאאאאאאאאc
]אאאאאאאאאאc` AEEווווווױ4Tc£צאאאאאאאאאאd
]אאאאאאאאאאd` !E%EווווווµRTd£צאאאאאאאאאאe
]אאאאאאאאאאe` !E…^^^^^^YQE…e£צאאאאאאאאאאf
]אאאאאאאאאאf` !E•^^^^^^RTYQAf£צאאאאאאאאאאg
]אאאאאאאאאאg` !E¥^^^^^]QE¥g£צאאאאאאאאאאh
]אאאאאאאאאאh` !Eµ^^^^^[QEµh£צאאאאאאאאאאi
]אאאאאאאאאאi` !Eֵ^^^^^YQEֵi£צאאאאאאאאאאj
]אאאאאאאאאאj` !Eױ^^^^^RT]QAj£צאאאאאאאאאאk
]אאאאאאאאאאk` !Eוההההה„ו%Ak£צאאאאאאאאאאl
]אאאאאאאאאאl` !Eוההההה„ו%Al£צאאאאאאאאאאm
]אאאאאאאאאאm` !Eו”חחAGחח”ו%Am£צאאאאאאאאאאn
]אאאאאאאאאאn` !Eו„'Gח׳„חח$t^QAn£צאאאאאאאאאאo
]אאאאאאאאאאo` !Eו„‡xM~GAEוo£צאאאאאאאאאאp
]אאאאאאאאאאp` !Eו„‡ Gח·„חַ$AEוp£צאאאאאאאאאאq
]אאאאאאאאאאq` !Eו„‡0t~zxN{sGAEוq£צאאאאאאאאאאr
]אאאאאאאאאאr` !Eו„‡rt~yxNzqG'AEוr£צאאאאאאאאאאs
]אאאאאאאאאאs` !Eו„‡xqGח‡„ח—xqAEוs£צאאאאאאאאאאt
]אאאאאאאאאאt` !Eו„‡yqGחAGח'G—qt^QAt£צאאאאאאאאאאu
]אאאאאאאאאאu` !Eו„‡zqGח„ח'G§qt^QAu£צאאאאאאאאאאv
]אאאאאאאאאאv` !Eו„‡{q	JA·qt^QAv£צאאאאאאאאאאw
]אאאאאאאאאאw` !Eו„‡{t@@NID{qAEוw£צאאאאאאאאאאx
]אאאאאאאאאאx` !Eו„חHAה”HNqt^QAx£צאאאאאאאאאאy
]אאאאאאאאאאy` !Eו„ח	
A$” חAEוy£צאאאאאאאאאאz
]אאאאאאאאאאz` !Eו„ח'´IA´~xNRTz£צאאאאאאאאאא{
]אאאאאאאאאא{` !Eו„ח'₪KA₪~xNRT{£צאאאאאאאאאא|
]אאאאאאאאאא|` !Eו„ח'”MA”~xNRT|£צאאאאאאאאאא}
]אאאאאאאאאא}` !Eו„חIAה$”חAEו}£צאאאאאאאאאא~
]אאאאאאאאאא~` !Eו„חIAה$”חAEו~£צאאאאאאאאאא
]אאאאאאאאאא` !EוהִNIAה´ו%A£צאאאאאאאאאא€
]אאאאאאאאאא€` !Eו„חIAה$”חAEו€£צאאאאאאאאאא
]אאאאאאאאאא` !Eו„חIAה$”חAEו£צאאאאאאאאאא‚
]אאאאאאאאאא‚` !Eו„ח'”MA”~xNRT‚£צאאאאאאאאאאƒ
]אאאאאאאאאאƒ` !Eו„ח'₪KA₪~xNRTƒ£צאאאאאאאאאא„
]אאאאאאאאאא„` !Eו„ח'´IA´~xNRT„£צאאאאאאאאאא…
]אאאאאאאאאא…` !Eו„ח'ִB@LAח„ו%A…£צאאאאאאאאאא†
]אאאאאאאאאא†` !Eו„ח	JJqt^QA†£צאאאאאאאאאא‡
]אאאאאאאאאא‡` !Eו„חHAה”HNqt^QA‡£צאאאאאאאאאאˆ
]אאאאאאאאאאˆ` !Eו„‡{t@@NID{qAEוˆ£צאאאאאאאאאא‰
]אאאאאאאאאא‰` !Eו„‡{q	JA·qt^QA‰£צאאאאאאאאאא
]אאאאאאאאאא` !Eו„‡zqGח„ח'G§qt^QA£צאאאאאאאאאא‹
]אאאאאאאאאא‹` !Eו„‡yqGחAGח'G—qt^QA‹£צאאאאאאאאאא
]אאאאאאאאאא` !Eו„‡xqGח‡„ח—xqAEו£צאאאאאאאאאא
]אאאאאאאאאא` !Eו„‡rt~yxNzqG'AEו£צאאאאאאאאאא
]אאאאאאאאאא` !Eו„‡0t~zxN{sGAEו£צאאאאאאאאאא
]אאאאאאאאאא` !Eו„‡ Gח·„חַ$AEו£צאאאאאאאאאא
]אאאאאאאאאא` !Eו„‡xM~GAEו£צאאאאאאאאאא‘
]אאאאאאאאאא‘` !Eו„'Gח׳„חח$t^QA‘£צאאאאאאאאאא’
]אאאאאאאאאא’` !Eו”חחAGחח”ו%A’£צאאאאאאאאאא“
]אאאאאאאאאא“` !Eוההההה„ו%A“£צאאאאאאאאאא”
]אאאאאאאאאא”` !Eוההההה„ו%A”£צאאאאאאאאאא•
]אאאאאאאאאא•` !Eױ^^^^^RT]QA•£צאאאאאאאאאא–
]אאאאאאאאאא–` !Eֵ^^^^^YQEֵ–£צאאאאאאאאאא—
]אאאאאאאאאא—` !Eµ^^^^^[QEµ—£צאאאאאאאאאא˜
]אאאאאאאאאא˜` !E¥^^^^^]QE¥˜£צאאאאאאאאאא™
]אאאאאאאאאא™` !E•^^^^^^RTYQA™£צאאאאאאאאאא
]אאאאאאאאאא` !E…^^^^^^YQE…£צאאאאאאאאאא›
]אאאאאאאאאא›` !E%EווווווµRT›£צאאאאאאאאאא
]אאאאאאאאאא` AEEווווווױ4T£צאאאאאאאאאא
]אאאאאאאאאא` 1G^^^^^^^QT£צאאאאאאאאאא
]אאאאאאאאאא` NNNNNNNK@£צאאאאאאאאאא
]אאאאאאאאאא` בבבבבבבב£צאאאאאאאאאא 
]אאאאאאאאאא £צאאאאאאאאאא¡
]אאאאאאאאאא¡£צאאאאאאאאאא¢
]אאאאאאאאאא¢£צאאאאאאאאאא"£
צאאאאאאאאאאאאאאאאאאאאאאאאאאאאא "₪
צאאאאאאאאאאאאאאאאאאאאאאאאאאאאא "¥
צאאאאאאאאאאאאאאאאאאאאאאאאאאאאא "¦
צאאאאאאאאאאאאאאאאאאאאאאאאאאאאא "§
צאאאאאאאאאאאאאאאאאאאאאאאאאאאאא "¨
צאאאאאאאאאאאאאאאאאאאאאאאאאאאאא "©
צאאאאאאאאאאאאאאאאאאאאאאאאאאאאא "×
צאאאאאאאאאאאאאאאאאאאאאאאאאאאאא "«
צאאאאאאאאאאאאאאאאאאאאאאאאאאאאא "¬
צאאאאאאאאאאאאאאאאאאאאאאאאאאאאא "­
צאאאאאאאאאאאאאאאאאאאאאאאאאאאאא "®
צאאאאאאאאאאאאאאאאאאאאאאאאאאאאא "¯
צאאאאאאאאאאאאאאאאאאאאאאאאאאאאא "°
צאאאאאאאאאאאאאאאאאאאאאאאאאאאאא "±
צאאאאאאאאאאאאאאאאאאאאאאאאאאאאא "²
צאאאאאאאאאאאאאאאאאאאאאאאאאאאאא "³
צאאאאאאאאאאאאאאאאאאאאאאאאאאאאא "´
צאאאאאאאאאאאאאאאאאאאאאאאאאאאאא "µ
צאאאאאאאאאאאאאאאאאאאאאאאאאאאאא "¶
צאאאאאאאאאאאאאאאאאאאאאאאאאאאאא "·
צאאאאאאאאאאאאאאאאאאאאאאאאאאאאא "¸
צאאאאאאאאאאאאאאאאאאאאאאאאאאאאא "¹
צאאאאאאאאאאאאאאאאאאאאאאאאאאאאא "÷
צאאאאאאאאאאאאאאאאאאאאאאאאאאאאא "»
צאאאאאאאאאאאאאאאאאאאאאאאאאאאאא "¼
צאאאאאאאאאאאאאאאאאאאאאאאאאאאאא "½
צאאאאאאאאאאאאאאאאאאאאאאאאאאאאא "¾
צאאאאאאאאאאאאאאאאאאאאאאאאאאאאא "¿
צאאאאאאאאאאאאאאאאאאאאאאאאאאאאא "ְ
צאאאאאאאאאאאאאאאאאאאאאאאאאאאאא "ֱ
צאאאאאאאאאאאאאאאאאאאאאאאאאאאאא "ֲ
צאאאאאאאאאאאאאאאאאאאאאאאאאאאאא "ֳ
צאאאאאאאאאאאאאאאאאאאאאאאאאאאאא "ִ
צאאאאאאאאאאאאאאאאאאאאאאאאאאאאא "ֵ
צאאאאאאאאאאאאאאאאאאאאאאאאאאאאא "ֶ
צאאאאאאאאאאאאאאאאאאאאאאאאאאאאא "ַ
צאאאאאאאאאאאאאאאאאאאאאאאאאאאאא "ָ
צאאאאאאאאאאאאאאאאאאאאאאאאאאאאא "ֹ
צאאאאאאאאאאאאאאאאאאאאאאאאאאאאא "Ê
צאאאאאאאאאאאאאאאאאאאאאאאאאאאאא "ֻ
צאאאאאאאאאאאאאאאאאאאאאאאאאאאאא "ּ
צאאאאאאאאאאאאאאאאאאאאאאאאאאאאא "ֽ
צאאאאאאאאאאאאאאאאאאאאאאאאאאאאא "־
צאאאאאאאאאאאאאאאאאאאאאאאאאאאאא "ֿ
צאאאאאאאאאאאאאאאאאאאאאאאאאאאאא "׀
צאאאאאאאאאאאאאאאאאאאאאאאאאאאאא "ׁ
צאאאאאאאאאאאאאאאאאאאאאאאאאאאאא "ׂ
צאאאאאאאאאאאאאאאאאאאאאאאאאאאאא "׃
צאאאאאאאאאאאאאאאאאאאאאאאאאאאאא "װ
צאאאאאאאאאאאאאאאאאאאאאאאאאאאאא "ױ
צאאאאאאאאאאאאאאאאאאאאאאאאאאאאא "ײ
צאאאאאאאאאאאאאאאאאאאאאאאאאאאאא "׳
צאאאאאאאאאאאאאאאאאאאאאאאאאאאאא "״
צאאאאאאאאאאאאאאאאאאאאאאאאאאאאא "Ù
צאאאאאאאאאאאאאאאאאאאאאאאאאאאאא "Ú
צאאאאאאאאאאאאאאאאאאאאאאאאאאאאא "Û
צאאאאאאאאאאאאאאאאאאאאאאאאאאאאא "Ü
צאאאאאאאאאאאאאאאאאאאאאאאאאאאאא "Ý
צאאאאאאאאאאאאאאאאאאאאאאאאאאאאא "Þ
צאאאאאאאאאאאאאאאאאאאאאאאאאאאאא "ß
צאאאאאאאאאאאאאאאאאאאאאאאאאאאאא "א
צאאאאאאאאאאאאאאאאאאאאאאאאאאאאא "ב
צאאאאאאאאאאאאאאאאאאאאאאאאאאאאא #ג
צא„אאאאאאאאאאאאאאאאאאאאאאאאאאא׀ד
א@@"דצ„אאאאאאאאאאאאאאאאאאאאאאאאאא„אה
׀”ה@!הי”אאאאאאאאאאאאאאאאאאאאאאאאא @הכצ„א ו
ְוו וט	@ויכ@ולצ”׀ז
°זז זו @זטיזכלזןצ ח
 חח חה
 @חחטחלםחנצ
 ט
@טט@טטד„אאאאאאאאאאאאאאאאאאאאאאאאטזחטםמטסצ	 י
€יי@יידDיוזייכ@ימןיסצ„ך
ךךךב @ךוזךיכ@ךמןךףצ  כ
@ככ כד„אאאאאאאאאאאאאאאאאאאאאאאא€@כוזכמןכסצ„ל
 לל לד	 @לזחלםמלסצ	 ם
°םם םה @םחטםלםםנצ
 מ
ְמ@ מו @מטימכלמןצ ן
׀” ןט”אאאאאאאאאאאאאאאאאאאאאאאאא€”ןיכ@ןלצ”׀נ
א@@!ני„אאאאאאאאאאאאאאאאאאאאאאאאאְ@נכצ„א %ס
צא„אאאאאאאאאאאאאאאאאאאאאאאאאא€„א"ע
צאאאאאאאאאאאאאאאאאאאאאאאאאאאאא "ף
צאאאאאאאאאאאאאאאאאאאאאאאאאאאאא "פ
צאאאאאאאאאאאאאאאאאאאאאאאאאאאאא "ץ
צאאאאאאאאאאאאאאאאאאאאאאאאאאאאא ™™™