BMAPBOLOh€ÿ2hÿ2ƒ|ÿ2ƒ…ÿ2z|ÿ2z…ÿ2oÿ2m’ÿ2moÿ2•€ÿ2•ÿ2jÿ2~jÿ2~—ÿ2—ÿ2hhÿZZZfjÿZZZf—ÿZZZh™ÿZZZ•™ÿZZZ——ÿZZZ•hÿZZZ—jÿZZZxuÿZZZszÿZZZ…uÿZZZŠzÿZZZŠ‡ÿZZZs‡ÿZZZ„‹ÿZZZy‹ÿZZZd›™›™e
dfWŸ W¡¢W£¤W¥¦W§¨X ¡X¢£X¤¥X¦§YWXYYZY[\Y]^Y_`Y¡¢Y£¤Y¥¦Y§¨ZXYZZ[Z\]Z^_Z¢£Z¤¥Z¦§[WX[YZ[[\[]^[¢¤[¥¦[§¨\XY\Z[\\]\|}\~\€\‚ƒ\¡¢\£¥\¦§]WX]YZ][]]{|]}~]€]‚] ¡]¢£]¥¦]§¨^XY^Z\^]^^|}^~^€^‚ƒ^Ÿ ^¡¢^¦§_WX_YZ_\]_^__{|_}~_€_‚_žŸ_ ¡_§¨`XY`]^`_``|}`~`€`‚ƒ`ž`Ÿ aWXa^_a`aa{|a}~a€a‚aœažŸb_`babb|}b~b€b‚ƒb›œbžc`acbcc{|c}~c€c‚cš›cœdabdcdd|}d~d€d‚ƒd™šd›œebcedee{|e}~e€e‚eš›fcdfei©f{ƒéf•™©gdjYPgz„]Pg”šYP	hdk)T„hy…^QY	h“š)T„	idl)T„…	
ix†QTÔ…	
i’šQT„jdš)T”…é©…ä„…é©…¤ke™QT„µ©µ¤’•IKZ›YHPlf~QT„µ‰µ¤l€˜)T”µ‰µ”…	mg}QT´¥Ôm—)TÄ¥Ä…	nh|QT´…Ôn‚–)TÄ…Ä…	oh|QTäÄ
o‚–)TäÄ…	ph|QTäÄ
p‚–)TäÄ…	qh|QTäÄ
q‚–)TäÄ…	rh|‰…ä´r‚–‰NJHQ™sh|™…ä”‘™s‚–™NHHYth|™…ä”‘™t‚–™NHHYuh|‰…ä´u‚–‰NJHQ™vh|QTäÄ
v‚–)TäÄ…	wh|QTäÄ
w‚–)TäÄ…	xh|QTäÄ
x‚–)TäÄ…	yh|QT´…Ôy‚–)TÄ…Ä…	zg}QT´•äz—)TÔ•Ä…	{f~QT„µ‰MAY{€˜)TÔ‘•¥”…	|e™QT”¥©¥´’•JJZšZHP}Z[}\]}^_}`a}bc}d›QT”ž™‘T¤…´ž™‘T”…}œ}žŸ} ¡}¢£~[\~]^~_`~ab
~cl!•HAY	~x†)Tä$Y	~’š)T„…	~›œ~ž~Ÿ ~¡¢~£¤Z[\]^_`abc	dkQT$Y	y…)TÄ…	
“›)TRYœžŸ ¡¢£€[\€]^€_`€ab	€cj!•AI	€z„)T´	€”šAE€›œ€ž€Ÿ €¡¢€£¤Z[\]^_`abc	djQT	z„)T´	”›AE%‘œžŸ ¡¢£‚[\‚]^‚_`‚ab
‚ck!•BE	‚y…)TÔ	‚“š)TQY‚›œ‚ž‚Ÿ ‚¡¢‚£¤ƒZ[ƒ\]ƒ^_ƒ`aƒbc
ƒdlQT„	ƒx†)Tä$Y
ƒ’›)T„…ƒœƒžŸƒ ¡ƒ¢£„[\„]^„_`„ab„cš!•IAYé™JH[AYé™IHP„›œ„ž„Ÿ „¡¢„£¤…e™QT”¥©¥´’•JJZšZHP†f}QT„µ‰M@P†˜MAYZYHP‡g|QT´•ä‡‚—MI\HPˆh|QT´…Ôˆ‚–)TÄ…Ä…	‰h|QTäÄ
‰‚–)TäÄ…	Šh|QTäÄ
Š‚–)TäÄ…	‹h|QTäÄ
‹‚–)TäÄ…	Œh|‰…ä´Œ‚–‰NJHQ™h|™…ä”‘™‚–™NHHYŽh|™…ä”‘™Ž‚–™NHHYh|‰…ä´‚–‰NJHQ™h|QTäÄ
‚–)TäÄ…	‘h|QTäÄ
‘‚–)TäÄ…	’h|QTäÄ
’‚–)TäÄ…	“h|QT´…Ô“‚–)TÄ…Ä…	”g}QT´¥Ô”—)TÄ¥Ä…	•f~QT„µ‰µ¤•€˜)T”µ‰µ”…	–e™QT„µ©µ¤’•IKZ›YHP—dš)T”…é©…ä„…é©…¤	˜dl)T„…	
˜x†QTÔ…	
˜’šQT„	™dk)T„™y…^QY	™“š)T„šdjYPšz„]Pš”šYP›cd›ei©›{ƒé›•™©›š›œbcœdeœ|}œ~œ€œ‚ƒœ™šœ›œabcd{|}~€‚š›œž`ažbcž|}ž~ž€ž‚ƒž›œžžŸ_`ŸabŸ{|Ÿ}~Ÿ€Ÿ‚ŸœŸžŸ WX ^_ `a |} ~ € ‚ƒ ž Ÿ  ¦§¡XY¡]^¡_`¡{|¡}~¡€¡‚¡žŸ¡ ¡¡¥¦¢WX¢YZ¢\]¢^_¢|}¢~¢€¢‚ƒ¢Ÿ ¢¡¢¢¤¥¢¦§£XY£Z\£]^£{|£}~£€£‚£ ¡£¢¤£¥¦¤WX¤YZ¤[]¤|}¤~¤€¤‚ƒ¤¡£¤¤¥¤¦§¥XY¥Z[¥\]¥{|¥}~¥€¥‚¥¡¢¥£¤¥¥¦¦WX¦YZ¦[\¦]^¦ ¡¦¢£¦¤¥¦¦§§XY§Z[§\]§^_§Ÿ §¡¢§£¤§¥¦¨WX¨YZ¨[\¨]^¨_`¨žŸ¨ ¡¨¢£¨¤¥¨¦§™™™