BMAPBOLOkÿ2kÿ2yÿ2yÿ2…ÿ2…ÿ2vvÿ2ˆvÿ2ˆˆÿ2vˆÿ2“ÿ2„ÿ2zÿ2rzÿ2„rÿ2“ÿ2ÿZZZÿZZZrÿZZZpÿZZZpÿZZZrÿZZZrpÿZZZprÿZZZvÿZZZˆÿZZZvÿZZZˆÿZZZpÿZZZÿZZZpÿZZZÿZZZm‘‘‘‘m
mmVV©וווווווווו•WV©וווווווווו•XV©וווווווווו•YV©וווווווווו•ZV©וווווווווו•[V©וווווווווו•\V©וווווווווו•]V©וווווווווו•^V©וווווווווו•_V©וווווווווו•`V©וווווווווו•aV©וווווווווו•bV©וווווווווו•cV©וווווווווו•dV©וווווווווו•eV©וווווווווו•fV©וווו…הװווווPgV©ווווNNN^^^PPhV©ווווִױִווווiV©וו•₪וִוKNZN^YPjV©וו•ההYYJ^NAEווPkV©וו•הה¥´¥ההוו•lVmוו•₪loֵ”¥װ¥”ֵl’©₪וו•	mVlוו¥@moֵ”•הXYLPm“©„וו¥	nVlוו¥@npµ”…ה”…”µn“©„וו¥
oVnוו¥„Popהההװ	o‘©…„וו¥pV©וו¥„•ההההXXN^ZPqV©וו¥„•ההההXXN^ZPrV©וו¥„•”וה”ו”•„וו¥sV©וו¥„•”וNNQT„•„וו¥tV©וו¥„•”ו…װו…”•„וו¥uV©וו•הX^NKI^AEווPvV©וו…ה„•הה´•ה„ווPwV©ווNHI^NKI^IN^PPxV©ווִ•”•”ֵ”ֵ”•”•ִווyV©וו´¥”•”µ´µ”•”¥´ווzV©וו₪¥´…”¥װ¥”…´¥₪וו{V©וו”¥װHI^AE…”LJYN^P|V©וו„¥ה₪…₪•₪…ה₪¥„וו}V©וו„•ה´IKZATה₪•„וו~V©וו„…הה„ױהה„…„ווV©וו„…הה„ױהה„…„וו€V©וו„…הה„ױהה„…„ווV©וו„•ה´IKZATה₪•„וו‚V©וו„¥ה₪…₪•₪…ה₪¥„ווƒV©וו”¥װHI^AE…”LJYN^P„V©וו₪¥´…”¥װ¥”…´¥₪וו…V©וו´¥”•”µ´µ”•”¥´וו†V©ווִ•”•”ֵ”ֵ”•”•ִוו‡V©ווNHI^NKI^IN^PPˆV©וו…ה„•הה´•ה„ווP‰V©וו•הX^NKI^AEווPV©וו¥„•”ו…װו…”•„וו¥‹V©וו¥„•”וNNQT„•„וו¥V©וו¥„•”וה”ו”•„וו¥V©וו¥„•ההההXXN^ZPV©וו¥„•ההההXXN^ZP
Vnוו¥„Ppהההװ	‘©…„וו¥	Vlוו¥@pµ”…ה”…”µ“©„וו¥	‘Vlוו¥@‘oֵ”•הXYLP‘“©„וו¥’Vmוו•₪’oֵ”¥װ¥”ֵ’’©₪וו•“V©וו•הה¥´¥ההוו•”V©וו•ההYYJ^NAEווP•V©וו•₪וִוKNZN^YP–V©ווווִױִוווו—V©ווווNNN^^^PP˜V©וווו…הװווווP™V©וווווווווו•V©וווווווווו•›V©וווווווווו•V©וווווווווו•V©וווווווווו•V©וווווווווו•V©וווווווווו• V©וווווווווו•¡V©וווווווווו•¢V©וווווווווו•£V©וווווווווו•₪V©וווווווווו•¥V©וווווווווו•¦V©וווווווווו•§V©וווווווווו•¨V©וווווווווו•™™™