BMAPBOLOll€2}V€2s€2r€2Л€2М€2s€2r€2Л€2М€2Тl€2VБ€2Б®€2lТ€2ТТ€2®}€2m€ZZZС€ZZZЗ€ZZZw€ZZZЗ€ZZZС€ZZZw€ZZZm€ZZZ®Б€ZZZБV€ZZZЫc€ZZZcc€ZZZcЫ€ZZZЫЫ€ZZZ}®€ZZZV}€ZZZsЛssЛs
ЛЛ"

цеееееееееееееееееееееееееееее•"
цеееееееееееееееееееееееееееее•"
цеееееееееееееееееееееееееееее•"
цеееееееееееееееееееееееееееее•"
цеееееееееееееееееееееееееееее•"
цеееееееееееееееееееееееееееее•"
цеееееееееееееееееееееееееееее•"
цеееееееееееееееееееееееееееее•"
цеееееееееееееееееееееееееееее•"
цеееееееееееееееееееееееееееее•"
цеееееееееееееееееееееееееееее•"
цеееееееееееееееееееееееееееее•"
цеееееееееееееееееееееееееееее•"
цеееееееееееееееееееееееееееее•"
цеееееееееееееееееееееееееееее•"
цеееееееееееееееееееееееееееее•"
цеееееееееееееееееееееееееееее•"
цеееееееееееееееееееееееееееее•"
цеееееееееееееееееееееееееееее•"
цеееееееееееееееееееееееееееее•"
цеееееееееееееееееееееееееееее•"
цеееееееееееееееееееееееееееее•" 
цеееееееееееееееееееееееееееее•"!
цеееееееееееееееееееееееееееее•""
цеееееееееееееееееееееееееееее•"#
цеееееееееееееееееееееееееееее•"$
цеееееееееееееееееееееееееееее•"%
цеееееееееееееееееееееееееееее•"&
цеееееееееееееееееееееееееееее•"'
цеееееееееееееееееееееееееееее•"(
цеееееееееееееееееееееееееееее•")
цеееееееееееееееееееееееееееее•"*
цеееееееееееееееееееееееееееее•"+
цеееееееееееееееееееееееееееее•",
цеееееееееееееееееееееееееееее•"-
цеееееееееееееееееееееееееееее•".
цеееееееееееееееееееееееееееее•"/
цеееееееееееееееееееееееееееее•"0
цеееееееееееееееееееееееееееее•"1
цеееееееееееееееееееееееееееее•"2
цеееееееееееееееееееееееееееее•"3
цеееееееееееееееееееееееееееее•"4
цеееееееееееееееееееееееееееее•"5
цеееееееееееееееееееееееееееее•"6
цеееееееееееееееееееееееееееее•"7
цеееееееееееееееееееееееееееее•"8
цеееееееееееееееееееееееееееее•"9
цеееееееееееееееееееееееееееее•":
цеееееееееееееееееееееееееееее•";
цеееееееееееееееееееееееееееее•"<
цеееееееееееееееееееееееееееее•"=
цеееееееееееееееееееееееееееее•">
цеееееееееееееееееееееееееееее•"?
цеееееееееееееееееееееееееееее•"@
цеееееееееееееееееееееееееееее•"A
цеееееееееееееееееееееееееееее•"B
цеееееееееееееееееееееееееееее•"C
цеееееееееееееееееееееееееееее•"D
цеееееееееееееееееееееееееееее•"E
цеееееееееееееееееееееееееееее•"F
цеееееееееееееееееееееееееееее•"G
цеееееееееееееееееееееееееееее•"H
цеееееееееееееееееееееееееееее•"I
цеееееееееееееееееееееееееееее•"J
цеееееееееееееееееееееееееееее•"K
цеееееееееееееееееееееееееееее•"L
цеееееееееееееееееееееееееееее•"M
цеееееееееееееееееееееееееееее•"N
цеееееееееееееееееееееееееееее•"O
цеееееееееееееееееееееееееееее•"P
цеееееееееееееееееееееееееееее•"Q
цеееееееееееееееееееееееееееее•"R
цеееееееееееееееееееееееееееее•$S
цеееееееееееееµаа^^^^^^^^^^^^^[P$T
цеееееееееееееµаа^^^^^^^^^^^^^[P#U
цеееееееееееееµ∞‘∞еееееееееееее≈#V
цеееееееееееееµ∞‘∞еееееееееееее≈#W
цеееееееееееееµ∞‘∞еееееееееееее≈#X
цеееееееееееееµ∞‘∞еееееееееееее≈#Y
цеееееееееееееµ–Ф–еееееееееееее≈#Z
цеееееееееееееµ–Ф–еееееееееееее≈[
~ееееееееееееееХ[Бц^^^^^^^^^^^^^^YP\
}ееееееееееЕжґееХ\Вц^^X^kn^^^^^^^^^YP]
|ееееееееееЕжґееЕ]Гц^^QVж¶ееееееееееХ^
{ееееееееееЕЖЗ’Зе≈С^Дц\X}Xxn^^^^^^^^^YP_
{ееееееееееЕЖЗЕФЕЗЕСе°_ДцYXxYHXxn^^^^^^^^^YP`
|ееееееееееЕЖ•ФµШСµСХ`ГцXYQЙZYJXn^^^^^^^^^YPa
}ееееееееееЕЖХxqEЕ!СБ)ХСµ aВцZYRСXQGЗXXn^^^^^^^^^YPb
~ееееееееееЕЖAGІД!С°P@bБц\\С°)zxAV^^^^^^^^^^QUc
lееееееееееЕЖAGІД!СcmТБQTДеСcУцБ)zxAV^^^^^^^^^^QU<d
цееееееееееЕЖAGІД!С°eЕЗ•С•ЗХС°)zxAV^^^^^^^^^^QU>e
цееееееееееЕЖХxqEЕ!СБ)hiXzYXyYhСXQGЗXXn^^^^^^^^^YP1f
цееееееееееЕЖ•ФµШСРЦ’±’Ц†ШС•Ф•ЖееееееееееХ4g
цееееееееееЕЖЗЕФЕЗЕСјЦµСYl	XxYHXxn^^^^^^^^^YP5h
цееееееееееЕЖЗЕСЕЗЕС–ЦХС0`Ym	XxYXxn^^^^^^^^^YP2i
цееееееееее’ШС•іХР¶СUi	[KQЙ^^^^^^^^^^]P9j
цееееееееее≈!СБ)ЕƒХРaaБЕ0`QQБЖ	\IRС^^^^^^^^^^\Pk
vееееееееееµ!С°ƒХАkwИSЕСkЙцЕ‘БС^^^^^^^^^^[Pl
cееееееееееµ!СlduБƒХ@lxЗ$Х0`YQlКЫ$Е‘БlЬцБ)ееееееееееµm
tееееееееееµ!С°ƒХmyЖYSХmЛцX]HС°)ееееееееееµn
tееееееееее≈!СБ)LHQС
nzЕXYIP@nЛц!ХLHС^^^^^^^^^^\Po
uееееееееее’ШСА‘%С	o{Д$T§@oКцС)TƒРШСееееееееее’p
vеееееееееееС†’p|Г‘pЙц±\Z	^^^^^^^^^^PPq
wеееееееееееС†≈q{ДдqИц—[Z	^^^^^^^^^^PPr
xеееееееееееСQСбrzЕдФrЗцб!Х•Р^^^^^^^^^^PPs
sеееееееееееСЖјstЛ±ді±sМц±i^^^^^^^^^^PPt
mееееееееее’С¶†toРбБNHAQбtТц	
i^^^^^^^^^^Pu
lееееееееее≈СХЦАupПбХдX^uУцЖХСееееееееее’v
kееееееееееµСµЦvqОЅЕQTƒЕQQ±vФцhkY^^^^^^^^^\Pw
lеееееееее	YY`@wrН°ЕЧЕіЕЧЕ°wУцhmY^^^^^^^^^QUx
mеееееееее	XXyXaxsМБЕQTДЕЗБQQxТц$XXzX^^^^^^^^^QUy
nеееееееее	XXyQaБysМQWXYQqqu@yСцeЕЗ•БХаеееееееееPz
oеееееееее	XNQQБЕzrНФЕЧ•С•ЧЕФzРцQQБеAEЕаеееееееееP{
^еееееееееP@
{`p\YP@{qОіЕYQЙYQuJ@
{ПЯYYP@{°цQP–еееееееееP|
]еееееееееФА@|aЮZY]KRСZ]LYP@|Ґц$PIH^^^^^^^^QU}
\еееееееееФА}bЭXY^AEЕ!С!1СX^AEµСХ}£цФАеееееееееP~
[еееееееееі~cЬIHССNHL
@~§цƒАеееееееееP
[еееееееееіcЬnJHС
дФ∆С§цƒАеееееееееPА
[еееееееееіАcЬIHССNHL
@А§цƒАеееееееееPБ
\еееееееееФАБbЭXY^AEЕ!С!1СX^AEµСХБ£цФАеееееееееPВ
]еееееееееФА@ВaЮZY]KRСZ]LYP@ВҐц$PIH^^^^^^^^QUГ
^еееееееееP@
Г`p\YP@ГqОіЕYQЙYQuJ@
ГПЯYYP@Г°цQP–еееееееееPД
oеееееееее	XNQQБЕДrНФЕЧ•С•ЧЕФДРцQQБеAEЕаеееееееееPЕ
nеееееееее	XXyQaБЕsМQWXYQqqu@ЕСцeЕЗ•БХаеееееееееPЖ
mеееееееее	XXyXaЖsМБЕQTДЕЗБQQЖТц$XXzX^^^^^^^^^QUЗ
lеееееееее	YY`@ЗrН°ЕЧЕіЕЧЕ°ЗУцhmY^^^^^^^^^QUИ
kееееееееееµСµЦИqОЅЕQTƒЕQQ±ИФцhkY^^^^^^^^^\PЙ
lееееееееее≈СХЦАЙpПбХдX^ЙУцЖХСееееееееее’К
mееееееееее’С¶†КoРбБNHAQбКТц	
i^^^^^^^^^^PЛ
sеееееееееееСЖјЛtЛ±ді±ЛМц±i^^^^^^^^^^PPМ
xеееееееееееСQСбМzЕдФМЗцб!Х•Р^^^^^^^^^^PPН
wеееееееееееС†≈Н{ДдНИц—[Z	^^^^^^^^^^PPО
vеееееееееееС†’О|Г‘ОЙц±\Z	^^^^^^^^^^PPП
uееееееееее’ШСА‘%С	П{Д$T§@ПКцС)TƒРШСееееееееее’Р
tееееееееее≈!СБ)LHQС
РzЕXYIP@РЛц!ХLHС^^^^^^^^^^\PС
tееееееееееµ!С°ƒХСyЖYSХСЛцX]HС°)ееееееееееµТ
cееееееееееµ!СТduБƒХ@ТxЗ$Х0`YQТКЫ$Е‘БТЬцБ)ееееееееееµУ
vееееееееееµ!С°ƒХАУwИSЕСУЙцЕ‘БС^^^^^^^^^^[P9Ф
цееееееееее≈!СБ)ЕƒХРaaБЕ0`QQБЖ	\IRС^^^^^^^^^^\P2Х
цееееееееее’ШС•іХР¶СUi	[KQЙ^^^^^^^^^^]P5Ц
цееееееееееЕЖЗЕСЕЗЕС–ЦХС0`Ym	XxYXxn^^^^^^^^^YP4Ч
цееееееееееЕЖЗЕФЕЗЕСјЦµСYl	XxYHXxn^^^^^^^^^YP1Ш
цееееееееееЕЖ•ФµШСРЦ’±’Ц†ШС•Ф•ЖееееееееееХ>Щ
цееееееееееЕЖХxqEЕ!СБ)hiXzYXyYhСXQGЗXXn^^^^^^^^^YP<Ъ
цееееееееееЕЖAGІД!С°eЕЗ•С•ЗХС°)zxAV^^^^^^^^^^QUЫ
lееееееееееЕЖAGІД!СЫmТБQTДеСЫУцБ)zxAV^^^^^^^^^^QUЬ
~ееееееееееЕЖAGІД!С°P@ЬБц\\С°)zxAV^^^^^^^^^^QUЭ
}ееееееееееЕЖХxqEЕ!СБ)ХСµ ЭВцZYRСXQGЗXXn^^^^^^^^^YPЮ
|ееееееееееЕЖ•ФµШСµСХЮГцXYQЙZYJXn^^^^^^^^^YPЯ
{ееееееееееЕЖЗЕФЕЗЕСе°ЯДцYXxYHXxn^^^^^^^^^YP†
{ееееееееееЕЖЗ’Зе≈С†Дц\X}Xxn^^^^^^^^^YP°
|ееееееееееЕжґееЕ°Гц^^QVж¶ееееееееееХҐ
}ееееееееееЕжґееХҐВц^^X^kn^^^^^^^^^YP£
~ееееееееееееееХ£Бц^^^^^^^^^^^^^^YP#§
цеееееееееееееµ–Ф–еееееееееееее≈#•
цеееееееееееееµ–Ф–еееееееееееее≈#¶
цеееееееееееееµ∞‘∞еееееееееееее≈#І
цеееееееееееееµ∞‘∞еееееееееееее≈#®
цеееееееееееееµ∞‘∞еееееееееееее≈#©
цеееееееееееееµ∞‘∞еееееееееееее≈$™
цеееееееееееееµаа^^^^^^^^^^^^^[P$Ђ
цеееееееееееееµаа^^^^^^^^^^^^^[P"ђ
цеееееееееееееееееееееееееееее•"≠
цеееееееееееееееееееееееееееее•"Ѓ
цеееееееееееееееееееееееееееее•"ѓ
цеееееееееееееееееееееееееееее•"∞
цеееееееееееееееееееееееееееее•"±
цеееееееееееееееееееееееееееее•"≤
цеееееееееееееееееееееееееееее•"≥
цеееееееееееееееееееееееееееее•"і
цеееееееееееееееееееееееееееее•"µ
цеееееееееееееееееееееееееееее•"ґ
цеееееееееееееееееееееееееееее•"Ј
цеееееееееееееееееееееееееееее•"Є
цеееееееееееееееееееееееееееее•"є
цеееееееееееееееееееееееееееее•"Ї
цеееееееееееееееееееееееееееее•"ї
цеееееееееееееееееееееееееееее•"Љ
цеееееееееееееееееееееееееееее•"љ
цеееееееееееееееееееееееееееее•"Њ
цеееееееееееееееееееееееееееее•"њ
цеееееееееееееееееееееееееееее•"ј
цеееееееееееееееееееееееееееее•"Ѕ
цеееееееееееееееееееееееееееее•"¬
цеееееееееееееееееееееееееееее•"√
цеееееееееееееееееееееееееееее•"ƒ
цеееееееееееееееееееееееееееее•"≈
цеееееееееееееееееееееееееееее•"∆
цеееееееееееееееееееееееееееее•"«
цеееееееееееееееееееееееееееее•"»
цеееееееееееееееееееееееееееее•"…
цеееееееееееееееееееееееееееее•" 
цеееееееееееееееееееееееееееее•"Ћ
цеееееееееееееееееееееееееееее•"ћ
цеееееееееееееееееееееееееееее•"Ќ
цеееееееееееееееееееееееееееее•"ќ
цеееееееееееееееееееееееееееее•"ѕ
цеееееееееееееееееееееееееееее•"–
цеееееееееееееееееееееееееееее•"—
цеееееееееееееееееееееееееееее•"“
цеееееееееееееееееееееееееееее•"”
цеееееееееееееееееееееееееееее•"‘
цеееееееееееееееееееееееееееее•"’
цеееееееееееееееееееееееееееее•"÷
цеееееееееееееееееееееееееееее•"„
цеееееееееееееееееееееееееееее•"Ў
цеееееееееееееееееееееееееееее•"ў
цеееееееееееееееееееееееееееее•"Џ
цеееееееееееееееееееееееееееее•"џ
цеееееееееееееееееееееееееееее•"№
цеееееееееееееееееееееееееееее•"Ё
цеееееееееееееееееееееееееееее•"ё
цеееееееееееееееееееееееееееее•"я
цеееееееееееееееееееееееееееее•"а
цеееееееееееееееееееееееееееее•"б
цеееееееееееееееееееееееееееее•"в
цеееееееееееееееееееееееееееее•"г
цеееееееееееееееееееееееееееее•"д
цеееееееееееееееееееееееееееее•"е
цеееееееееееееееееееееееееееее•"ж
цеееееееееееееееееееееееееееее•"з
цеееееееееееееееееееееееееееее•"и
цеееееееееееееееееееееееееееее•"й
цеееееееееееееееееееееееееееее•"к
цеееееееееееееееееееееееееееее•"л
цеееееееееееееееееееееееееееее•"м
цеееееееееееееееееееееееееееее•"н
цеееееееееееееееееееееееееееее•"о
цеееееееееееееееееееееееееееее•"п
цеееееееееееееееееееееееееееее•"р
цеееееееееееееееееееееееееееее•"с
цеееееееееееееееееееееееееееее•"т
цеееееееееееееееееееееееееееее•"у
цеееееееееееееееееееееееееееее•"ф
цеееееееееееееееееееееееееееее•"х
цеееееееееееееееееееееееееееее•ЩЩЩ