BMAPBOLO~|ÿ2~}ÿ2~~ÿ2~ÿ2~€ÿ2~ÿ2~‚ÿ2~ƒÿ2~„ÿ2~…ÿ2~†ÿ2~‡ÿ2~ÿ2~‰ÿ2~ÿ2~‹ÿ2vƒÿZZZv„ÿZZZ†ƒÿZZZ†„ÿZZZ›^ÿZZZ’fÿZZZ‡oÿZZZuoÿZZZjfÿZZZa^ÿZZZ‡ÿZZZ›©ÿZZZ’΅ÿZZZa©ÿZZZj΅ÿZZZvÿZZZ]­­Z
]Z:dkΥ:’™Υ;dkΥ;’™Υ<dkΥ<’™Υ=dkΥ=’™Υ>dkΥ>’™Υ?dkΥ?’™Υ@dkΥ@’™ΥAdkΥA’™ΥBdkΥB’™ΥCdkΥC’™ΥDdkΥD’™ΥEdkΥE’™ΥFdkΥF’™ΥGdkΥG’™ΥHdkΥH’™ΥIdkΥI’™ΥJdkΥJ’™ΥKdkΥK’™ΥLdkΥL’™ΥMdkΥM’™ΥNdkΥN’™ΥOdkΥO’™ΥPdkΥP’™ΥQdkΥQ’™ΥRdkΥR’™ΥSdkΥS’™ΥTdkΥT’™ΥUdkΥU’™ΥVdkΥV’™ΥWdkΥW’™ΥXdkΥX’™ΥYdkΤY’™ΤZbmτ„Z›τ„[`oτΔ[τΔ\_pτδ\τδ]^qττ]ττ^^qττ^ττ_]rττ”_‹ ττ”`]rττ”`‹ ττ”a=sυυυ¥ττ΄aΐττ΄υυυ¥b=sυυυ¥ττ΄bΐττ΄υυυ¥c=sυυυ¥ττ΄cΐττ΄υυυ¥d=sυυυ¥ττ΄dΐττ΄υυυ¥e=ΐυυυ¥τττττττΔυυυ¥f=ΐυυυ¥τττττττΔυυυ¥g=ΐυυυ¥τττττττΔυυυ¥h] τττττττ¤i] τττττττ¤j^τττττττ„k^τττττττ„l_τττττττm`ττττττΤnb›ττττττ”
od™τττττδ
pf—τττττ¤
qf—τττττ¤
rf—τττττ¤
sf—τττττ¤
tf—τττττ¤
ug–τττττ„
vg–τττττ„	wh•τττττ	xj“ττττ΄yuττzuττ{uττ|uττ}uττ~uττuττ€uττuττ‚uττƒuττ„uττ…uττ†uττ‡uττuττ‰uττuττ‹uττuττuττuττ	j“ττττ΄	h•τττττ
‘g–τττττ„
’g–τττττ„
“f—τττττ¤
”f—τττττ¤
•f—τττττ¤
–f—τττττ¤
—f—τττττ¤
d™τττττδ™b›ττττττ”`ττττττΤ›_τττττττ^τττττττ„^τττττττ„] τττττττ¤] τττττττ¤ =ΐυυυ¥τττττττΔυυυ¥΅=ΐυυυ¥τττττττΔυυυ¥Ά=ΐυυυ¥τττττττΔυυυ¥£=sυυυ¥ττ΄£ΐττ΄υυυ¥¤=sυυυ¥ττ΄¤ΐττ΄υυυ¥¥=sυυυ¥ττ΄¥ΐττ΄υυυ¥¦=sυυυ¥ττ΄¦ΐττ΄υυυ¥§]rττ”§‹ ττ”¨]rττ”¨‹ ττ”©^qττ©ττª^qττªττ«_pτδ«τδ¬`oτΔ¬τΔ­bmτ„­›τ„®dkΤ®’™Τ―dkΥ―’™Υ°dkΥ°’™Υ±dkΥ±’™Υ²dkΥ²’™Υ³dkΥ³’™Υ΄dkΥ΄’™ΥµdkΥµ’™Υ¶dkΥ¶’™Υ·dkΥ·’™ΥΈdkΥΈ’™ΥΉdkΥΉ’™ΥΊdkΥΊ’™Υ»dkΥ»’™ΥΌdkΥΌ’™Υ½dkΥ½’™ΥΎdkΥΎ’™ΥΏdkΥΏ’™ΥΐdkΥΐ’™ΥΑdkΥΑ’™ΥΒdkΥΒ’™ΥΓdkΥΓ’™ΥΔdkΥΔ’™ΥΕdkΥΕ’™ΥΖdkΥΖ’™ΥΗdkΥΗ’™ΥΘdkΥΘ’™ΥΙdkΥΙ’™ΥΚdkΥΚ’™ΥΛdkΥΛ’™ΥΜdkΥΜ’™ΥΝdkΥΝ’™Υÿÿÿ