BMAPBOLO”ÿ2kgÿ2v„ÿ2w…ÿ2ˆrÿ2‰sÿ2žˆÿ2Œšÿ2s]ÿ2ž‰ÿ2šÿ2r]ÿ2aoÿ2anÿ2}|ÿ2€{ÿ2ieÿZZZjfÿZZZ–’ÿZZZ•‘ÿZZZ‡sÿZZZˆtÿZZZwƒÿZZZx„ÿZZZs^ÿZZZboÿZZZŒ™ÿZZZˆÿZZZ~{ÿZZZ|ÿZZZzÿZZZ~}ÿZZZžša]VbcVfgVhiVjm‘Vnr¡WbcWfgWhiWklWnoXbcXfgXhiXklXnr¡YbcYfgYhiYklYqrZbe‘Zfi‘Zjm‘Znr¡	]bvää„^Z_±
^aw”‡äÔ_^__ax„BGNAGHA`^_`ay$t”LHQGHAaaz$t”KAW7Tqt„bZ_±ba{„CGGHAW—%GHAc^_ca|”‡$tDtW·%GHAdZ_±da}´IAW×%GHAea~´HAWç7Tqt„fZ[f^_faÄ7E~yrTqt„gZ_±ga€Ô~{rTqt„hZ[h^_haÄ~}rTqt„ia‚´~~suGHAjZ]‘j^_jaƒ¤~~yrTqt„kZ[k\]k^_ka„”qt”~|rTqt„lZ[l\]l^_la…”rt$WÇIIrTqt„mZ[m\_‘ma†„WEtAW§A@ G—%GHAna‡„‡$TAW‡A@€zrTqt„oaˆ”‡$TCWTIrTqt„pa‰HHrEA@€„A@€”€„—%GHAqaŠ”‡$T	IBtIrTqt„rb‹”‡$T@€„‡„„—%GHAscŒ”‡$T
IqTIrTqt„td”‡$TKqTIrTqt„ueŽ”‡$TÔxqTIrTqt„vf”‡$W‡$W‡A@€yrTqt„wg”‡$W'@€„xqTzrTqt„xh‘”‡4WA@€„5uA@€´‡%GHAyi’”‡4WA@€„A@€4TxrTqt„zj“”‡4WA@€”4TG—%GHA{k””‡4WA@€E@€„·%GHA|l•”‡4WA@ 4TAW·%GHA}m–”‡4WA@€4TAW×%GHA~n—”‡4WIBT
AW×%GHAo˜”‡$W‡„CWT”‡%GHA€p™”‡$W'@€”„A@ G‡%GHAqš”‡DW@BEA@€”yrTqt„‚r›”‡$T”5uA@€EICuGHAƒsœ”‡$W·A@ RTsuGHA„t”‡$W·A@€RTG‡%GHA…už”‡$W—A@€RTJrTqt„†vŸ”‡$W‡„RTAT¤%GHA‡wŸ”‡$W'@€RTATBTqt„ˆxŸ”‡DW@ E%@€„A@ „%GAD‰yŸ”‡$T´„A@€BTqtŠzŸ”‡$W‡AT	IGTtŠ¡¤‘Š¥¦‹{Ÿ”‡$W'@BEA@€„A@ G'T@‹¡¢‹£¤‹¥¦Œ|Ÿ”‡DW@€”„A@€ruADŒ¡¢Œ£¤Œ¥¦}Ÿ”‡$T@€„A@€„'T”¡¢£¦‘Ž~Ÿ”‡$T
ATBuJ@Ÿ”‡$TATBuK@¡¢¥¦€Ÿ”‡$T¤A@€„'TÄ¡¦±‘Ÿ”‡$W—„„GTt´‘¡¢‘¥¦’‚Ÿ”‡$W‡BuHAt¤“ƒŸ”‡$W'@CGT”J@“¡¦±”„Ÿ”‡4WIDuGCGGAD”¡¢•…Ÿ”‡$W—HHrGBG@@•¡¦±–†Ÿ”‡$W'T´IAt—‡Ÿ”‡QTÄIAt—¡¢˜ˆŸ”‡ä„BG@@˜¡¢	™‰ŸäÔ‡”™¡¦±	šŠžää@‘¡’•‘–™‘š‘žŽž“”ž–—ž˜™žœŸ‘¡Ÿ“”Ÿ–—Ÿ˜™Ÿœ ‘ “” –— ˜™ œ¡‘¡¡’•‘¡–—¡˜™¡œ™™™