BMAPBOLOП€2АП€2r€2Аr€2ОБ€2ОА€2qА€2qБ€2ДЗ€2ЖЕ€2y|€2{z€2Дz€2Ж|€2yЕ€2{З€2q€ZZZАs€ZZZpА€ZZZrБ€ZZZР€ZZZАО€ZZZПБ€ZZZНА€ZZZqО€ZZZrП€ZZZНП€ZZZОО€ZZZqs€ZZZrr€ZZZНr€ZZZОs€ZZZdЫЫЫЪe
eedfЪЬeЬЫf
feЫббббббЅgeЫ!uееееее%qheЫ1W^^^^^]RuieЫRW^^^^^[QujeЫXQuеееееХXPkeЫYQuеееее%uХleЫZQuееее’ZPmeЫ[Quееееµ[PneЫ\QuееееХ\PoeЫ]Quееее%u’peЫ^Quеее’^PqeЫ^QWззз„еЕreЫ^SWTдддФ%uеseЫ^TWENNNDEG^QQteЫ^RWBENNMAT$uеueЫ^RWHATддіHAuеveЫ^RWIATддФIAuеweЫ^RWJATдд$T§^QQxeЫ^RWKATд‘KAuеyeЫ^RWLATдіLAuеzeЫ^RWMATдФMAuе{eЫ^RWNATд$Tд^QQ|eЫ^RWNBEMATд$uе}eЫ^RWNHATіNHAuе~eЫ^RWNIATФNIAuеeЫ^RWNJAT$Tд§^QQАeЫ^RWNKH^LAuеБeЫ^RWNKH^LAuеВeЫ^RWNJAT$Tд§^QQГeЫ^RWNIATФNIAuеДeЫ^RWNHATіNHAuеЕeЫ^RWNBEMATд$uеЖeЫ^RWNATд$Tд^QQЗeЫ^RWMATдФMAuеИeЫ^RWLATдіLAuеЙeЫ^RWKATд‘KAuеКeЫ^RWJATдд$T§^QQЛeЫ^RWIATддФIAuеМeЫ^RWHATддіHAuеНeЫ^RWBENNMAT$uеОeЫ^TWENNNDEG^QQПeЫ^SWTдддФ%uеРeЫ^QWззз„еЕСeЫ^X~^^]QuеТeЫ]Quееее%u’УeЫ\QuееееХ\PФeЫ[Quееееµ[PХeЫZQuееее’ZPЦeЫYQuеееее%uХЧeЫXQuеееееХXPШeЫRW^^^^^[QuЩeЫ1W^^^^^]RuЪeЫ!uееееее%qЫeЫббббббЅЩЩЩ