BMAPBOLOŒˆÿ2ˆŒÿ2vŒÿ2rˆÿ2Œvÿ2ˆrÿ2vrÿ2rvÿ2…yÿ2„zÿ2yyÿ2zzÿ2y…ÿ2z„ÿ2„„ÿ2……ÿ2}}ÿZZZ}ÿZZZ}ÿZZZÿZZZŒrÿZZZrrÿZZZŒŒÿZZZrŒÿZZZ~nÿZZZ€nÿZZZ~ÿZZZ€ÿZZZn~ÿZZZn€ÿZZZ~ÿZZZ€ÿZZZnnnn
eprez|eƒ…efprfy}¡f‚†¡fggk¡gy}¡g‚†¡g”˜¡hghhjkhz|hƒ…h”•h—˜ighijk	in‘áááá‘i”•i—˜jgk¡jm’Å7‡[Sxuµ7‡[Qj”˜¡kl“‘µˆu•ˆu•ˆu¥‘lkmlo”%x¨RWŠu%x¨'T@l’”mjlmoÄ˜QTä…ˆŒ@m“•nil‘np´7‡X^AE…7‡J@n“–‘oinQToqŽ¤%uNJHRuI@o‘–„…peg	pioQT@
pqŽ¤¥ä´¥¤p–”…p˜šqegqi–QTä…ÄµÄ…äQQq˜šri–X^BGKK\Atä•si–RWNKIYy^LAuti–AW„ä´…ˆuNKC‡Qui–!xˆX]IQx¨X]IQxˆvi–Šu%t´•Šu…ÄRWŠ€wi–!xˆQTäRWˆuNAE%xˆxi–QW‡X^HIYy^HITxuyfhyi–RWQT´…ÄµÄ…Ä…QQy—™zeš±µÄ…ÄµÄ…Äµ±{eš±•ÄÅä´ÅÄ•±|fh|i–RWKHXx^KHXx\Au|—™}i–AW„”•‚‡X^AE…‚‡XZC‡Q~i–!xIHQx˜QTä…‰uIHqi–ˆŠHQx˜QTä…‰uII€€i–!xIHQx˜QTä…‰uIHqi–AW„”•‚‡X^AE…‚‡XZC‡Q‚fh‚i–RWKHXx^KHXx\Au‚—™ƒeš±•ÄÅä´ÅÄ•±„eš±µÄ…ÄµÄ…Äµ±…fh…i–RWQT´…ÄµÄ…Ä…QQ…—™†i–QW‡X^HIYy^HITxu‡i–!xˆQTäRWˆuNAE%xˆˆi–Šu%t´•Šu…ÄRWŠ€‰i–!xˆX]IQx¨X]IQxˆŠi–AW„ä´…ˆuNKC‡Q‹i–RWNKIYy^LAuŒi–X^BGKK\Atä•egi–QTä…ÄµÄ…äQQ˜šŽeg	ŽioQT@
ŽqŽ¤¥ä´¥¤Ž–”…Ž˜šinQTqŽ¤%uNJHRuI@‘–„…il‘p´7‡X^AE…7‡J@“–‘‘jl‘oÄ˜QTä…ˆŒ@‘“•’km’o”%x¨RWŠu%x¨'T@’’”“l“‘µˆu•ˆu•ˆu¥‘”gk¡”m’Å7‡[Sxuµ7‡[Q””˜¡•gh•jk	•n‘áááá‘•”••—˜–gh–jk–z|–ƒ…–”•–—˜—gk¡—y}¡—‚†¡—”˜¡˜pr˜y}¡˜‚†¡˜™pr™z|™ƒ…™™™™