BMAPBOLO}wÿ2ˆ}ÿ2w‚ÿ2‚ˆÿ2}mÿ2m‚ÿ2‚’ÿ2’}ÿ2w‹ÿ2‹ˆÿ2twÿ2ˆtÿ2’ÿ2mÿ2’~ÿ2~mÿ2nnÿZZZ‘nÿZZZn‘ÿZZZ‘‘ÿZZZoxÿZZZvoÿZZZ‡oÿZZZvÿZZZo‰ÿZZZxÿZZZ‰ÿZZZ‡ÿZZZ}vÿZZZ‚‰ÿZZZv‚ÿZZZ‰}ÿZZZm’’’mm’m
)éé	)É„™„¹)¹TT”RT™)©tTEEI)™4PTTTTPT)‰DTTDPTTTT)‰DPTDTTTPT)YEEDEEEEI	)YEDEEEEI	 )‰$TDPTTTT‘™!)™”5EEEI")©DPTTTT™#)©DTTDPT‘™$)™TPT””TRT%)™TTT˜–ET&)©4Tš‘E%I	
')¹œ˜I()ééf{…åPgw‰ååPhu‹ååÅ	isåååPjqåååÅkpåååå
lo‘ååååPmn’LIyAT$T”—ä„nm“MIyJ\Atä„ol”MAt”ç‡„NI@Ppk•…äNKAt$tä„Pqj–•äNKAt$tä„•rj–•äIMyAt$tä„•si—¥äHAtÄBGAE…äYPti—¥äHAtÄBGDEENJPuh˜µäHAtÄBGAE…×„µvh˜µÄ•”LAt$tä”‡µwg™ÅÄ5EHAtÄBGNIH|Pxg™Å”—•”LAt$tä”‡Åyg™Å—ä$tzzN|LPzg™ÅNHCttääBGAEµ{fšÕAGç„XYJ}At$t\P|fšÕ„NHAuå$t´BG^P}fšÕ„NHAuE•$t´DGT\P~fšÕ„HLyHRRGKAtDuEÅfšÕ„BGKAt$PZXAt´BG^P€fšå%t$t´AE¥€BGKAt$t\PfšÕ4WBGKBtQP€%HLyAt\P‚fšÕ4WBGKBtYS%tä„AEÅƒfšå%t$t´'EåNHAt\P„fšÕ„BGLJyIQt~xAuÅ…g™Å„BGNNCttä„[P†g™ÅÄç¤·„NI|P‡g™Å‡ä¤BGLAt„•—”Åˆg™Å‡ä¤BGLAt„5EKLP‰h˜µ‡ä¤BGLAt„•ÄµŠh˜µ„×•„BGLAt„MKP‹i—¥äDTT$t$tÄHAtÔ¥Œi—¥äXXAt$tÄHAtÔ¥j–•ä”BGHMzAtÔ•Žj–•ä”BGNKAtÔ•k•…ä”BGNKAtÔPl”NIAt~qt”M@P‘m“NHAt´¥”—ä’n’NAG‡¤BEHI}@P
“o‘ååååP”påååå•qåååÅ	–såååP—u‹ååÅ˜w‰ååP™{…åPÛÛíéé	ÜÛíÉ„™„¹ÝÛí¹TT”RT™ÞÛí©tTEEIßÛí™4PTTTTPTàÛí‰DTTDPTTTTáÛí‰DPTDTTTPTâÛíYEEDEEEEI	ãÛíYEDEEEEI	äÛí‰$TDPTTTT‘™åÛí™”5EEEIæÛí©DPTTTT™çÛí©DTTDPT‘™èÛí™TPT””TRTéÛí™TTT˜–ETêÛí©4Tš‘E%I	
ëÛí¹œ˜IìÛíéé™™™