BMAPBOLOÿ2‹ÿ2‹ÿ2s‹ÿ2sÿ2uÿ2‡‡ÿ2y‡ÿ2yyÿ2‡yÿ2ssÿ2suÿ2usÿ2sÿ2‹sÿ2uÿ2pÿZZZsÿZZZÿZZZÿZZZl”ÿZZZ””ÿZZZpsÿZZZspÿZZZllÿZZZ”lÿZZZpÿZZZsÿZZZ——iii——i
cgmÁc”šÁdghdlmd”•d™šeekÁ
el•áááááe–œÁfeffghfjkf–—f™šf›œgch±gjkg–—g™ž±hcdhefhjkh–—h›œhžicdiefijki–—i›œižjcdjekÁj–œÁjžkcdkkr´Pk–…´kžlcg¡lksÄPlŽ–…Äl›ž‘mfgmktÔPm–…Ôm›œnfg
nk–äååå•än›œofg
ok–äååå•äo›œpfgpk–NN^]^AEp›œqfgqk–…ä^^Z^AEq›œrfgrl•…äååµäPr›œsfgsm”•Äx~[YqT´•s›œtfgtn“…¤µ^ZQu¥¤Pt›œufgun“•”Uuuy}ZuWWT„•u›œvfgvn“å5uy}ZrW^Pv›œwfgwn“µ'W‡zqW‡zqW‡%u¥w›œxfgxn“µZ[{[{Qu¥x›œyfgyn“µÇ&ç‡ g·µy›œzfgzn“Õ§€×xx
}Pz›œ{fg{n“Õç§~quÅ{›œ|fg|n“Õç—5u~}P|›œ}fg}n“å}qW‡{~PP}›œ~fg~n“å•·zqW‡å•~›œfgn“å5uyqWÇsuuå›œ€fg€n“å5uxuWWWÇ%uå€›œfgn“å5uvuuuxqW—%uå›œ‚fg‚n“å•'W‡Uuuz~YP‚›œƒfgƒn“å{qW‡}~PPƒ›œ„fg„n“Õ×xqWç‡Õ„›œ…fg…n“Õç5u~y}P…›œ†fg†n“Õ§€—|x
}P†›œ‡fg‡n“µÇ&ç‡ g·µ‡›œˆfgˆn“µZ[{[{Qu¥ˆ›œ‰fg‰n“µ'W‡zqW‡zqW‡%u¥‰›œŠfgŠn“å5uy}ZrW^PŠ›œ‹fg‹n“•”Uuuy}ZuWWT„•‹›œŒfgŒn“…¤µ^ZQu¥¤PŒ›œfgm”•Äx~[YqT´•›œŽfgŽl•…äååµäPŽ›œfgk–…ä^^Z^AE›œfgk–NN^]^AE›œ‘fg
‘k–äååå•ä‘›œ’fg
’k–äååå•ä’›œ“fg“ktÔP“–…Ô“›œ”cf‘”ksÄP”Ž–…Ä”›ž‘•cd•kr´P•–…´•ž–cd–ekÁ––œÁ–ž—cd—ef—jk—–——›œ—ž˜cd˜ef˜jk˜–—˜›œ˜ž™ch±™jk™–—™™ž±šefšghšjkš–—š™šš›œ›ekÁ
›l•ááááá›–œÁœghœlmœ”•œ™šgmÁ”šÁ™™™